-- The C compiler identification is GNU 13.3.0
-- The CXX compiler identification is GNU 13.3.0
-- Detecting C compiler ABI info
-- Detecting C compiler ABI info - done
-- Check for working C compiler: /usr/bin/cc - skipped
-- Detecting C compile features
-- Detecting C compile features - done
-- Detecting CXX compiler ABI info
-- Detecting CXX compiler ABI info - done
-- Check for working CXX compiler: /usr/bin/c++ - skipped
-- Detecting CXX compile features
-- Detecting CXX compile features - done
-- Found ament_cmake: 2.5.6 (/opt/ros/jazzy/share/ament_cmake/cmake)
-- Found Python3: /usr/bin/python3 (found version "3.12.3") found components: Interpreter 
-- Override CMake install command with custom implementation using symlinks instead of copying resources
-- Found rosidl_default_generators: 1.6.1 (/opt/ros/jazzy/share/rosidl_default_generators/cmake)
-- Using all available rosidl_typesupport_c: rosidl_typesupport_fastrtps_c;rosidl_typesupport_introspection_c
-- Using all available rosidl_typesupport_cpp: rosidl_typesupport_fastrtps_cpp;rosidl_typesupport_introspection_cpp
-- Found rosidl_adapter: 4.6.9 (/opt/ros/jazzy/share/rosidl_adapter/cmake)
-- Found action_msgs: 2.0.4 (/opt/ros/jazzy/share/action_msgs/cmake)
-- Found ament_cmake_ros: 0.12.1 (/opt/ros/jazzy/share/ament_cmake_ros/cmake)
-- Using all available rosidl_typesupport_c: rosidl_typesupport_fastrtps_c;rosidl_typesupport_introspection_c
-- Using all available rosidl_typesupport_cpp: rosidl_typesupport_fastrtps_cpp;rosidl_typesupport_introspection_cpp
-- Found python_cmake_module: 0.11.1 (/opt/ros/jazzy/share/python_cmake_module/cmake)
-- Found PythonExtra: /usr/bin/python3  
-- Found Python3: /usr/bin/python3 (found version "3.12.3") found components: Interpreter Development NumPy Development.Module Development.Embed 
-- Found Python3: /usr/bin/python3 (found version "3.12.3") found components: Interpreter 
-- Configuring done (3.0s)
-- Generating done (0.0s)
-- Build files have been written to: /home/masa/TASK_12.2/TASK12.2/task12_2_ws/build/pid_interfaces
[  4%] [34m[1mGenerating Rust code for ROS interfaces[0m
[  4%] [34m[1mGenerating type hashes for ROS interfaces[0m
[  4%] Built target ament_cmake_python_symlink_pid_interfaces
running egg_info
creating pid_interfaces.egg-info
writing pid_interfaces.egg-info/PKG-INFO
writing dependency_links to pid_interfaces.egg-info/dependency_links.txt
writing top-level names to pid_interfaces.egg-info/top_level.txt
writing manifest file 'pid_interfaces.egg-info/SOURCES.txt'
[  4%] Built target pid_interfaces__rosidl_generator_type_description
[  6%] [34m[1mGenerating C code for ROS interfaces[0m
[  8%] [34m[1mGenerating C++ code for ROS interfaces[0m
[  8%] Built target pid_interfaces__rs
reading manifest file 'pid_interfaces.egg-info/SOURCES.txt'
writing manifest file 'pid_interfaces.egg-info/SOURCES.txt'
[  8%] Built target ament_cmake_python_build_pid_interfaces_egg
[  8%] Built target pid_interfaces__cpp
[ 13%] [32mBuilding C object CMakeFiles/pid_interfaces__rosidl_generator_c.dir/rosidl_generator_c/pid_interfaces/action/detail/yaw_pid__description.c.o[0m
[ 13%] [32mBuilding C object CMakeFiles/pid_interfaces__rosidl_generator_c.dir/rosidl_generator_c/pid_interfaces/action/detail/yaw_pid__functions.c.o[0m
[ 15%] [32mBuilding C object CMakeFiles/pid_interfaces__rosidl_generator_c.dir/rosidl_generator_c/pid_interfaces/action/detail/linear_pid__description.c.o[0m
[ 20%] [32mBuilding C object CMakeFiles/pid_interfaces__rosidl_generator_c.dir/rosidl_generator_c/pid_interfaces/action/detail/yaw_pid__type_support.c.o[0m
[ 20%] [32mBuilding C object CMakeFiles/pid_interfaces__rosidl_generator_c.dir/rosidl_generator_c/pid_interfaces/action/detail/linear_pid__functions.c.o[0m
[ 22%] [32mBuilding C object CMakeFiles/pid_interfaces__rosidl_generator_c.dir/rosidl_generator_c/pid_interfaces/action/detail/linear_pid__type_support.c.o[0m
[ 24%] [32m[1mLinking C shared library libpid_interfaces__rosidl_generator_c.so[0m
[ 24%] Built target pid_interfaces__rosidl_generator_c
[ 26%] [34m[1mGenerating C type support for eProsima Fast-RTPS[0m
[ 28%] [34m[1mGenerating C++ introspection for ROS interfaces[0m
[ 31%] [34m[1mGenerating C introspection for ROS interfaces[0m
[ 33%] [34m[1mGenerating C++ type support for eProsima Fast-RTPS[0m
[ 35%] [34m[1mGenerating C type support dispatch for ROS interfaces[0m
[ 37%] [34m[1mGenerating C++ type support dispatch for ROS interfaces[0m
[ 42%] [32mBuilding CXX object CMakeFiles/pid_interfaces__rosidl_typesupport_c.dir/rosidl_typesupport_c/pid_interfaces/action/linear_pid__type_support.cpp.o[0m
[ 42%] [32mBuilding CXX object CMakeFiles/pid_interfaces__rosidl_typesupport_c.dir/rosidl_typesupport_c/pid_interfaces/action/yaw_pid__type_support.cpp.o[0m
[ 44%] [32m[1mLinking CXX shared library libpid_interfaces__rosidl_typesupport_c.so[0m
[ 44%] Built target pid_interfaces__rosidl_typesupport_c
[ 48%] [32mBuilding CXX object CMakeFiles/pid_interfaces__rosidl_typesupport_cpp.dir/rosidl_typesupport_cpp/pid_interfaces/action/yaw_pid__type_support.cpp.o[0m
[ 48%] [32mBuilding CXX object CMakeFiles/pid_interfaces__rosidl_typesupport_cpp.dir/rosidl_typesupport_cpp/pid_interfaces/action/linear_pid__type_support.cpp.o[0m
[ 53%] [32mBuilding CXX object CMakeFiles/pid_interfaces__rosidl_typesupport_introspection_cpp.dir/rosidl_typesupport_introspection_cpp/pid_interfaces/action/detail/linear_pid__type_support.cpp.o[0m
[ 53%] [32mBuilding CXX object CMakeFiles/pid_interfaces__rosidl_typesupport_introspection_cpp.dir/rosidl_typesupport_introspection_cpp/pid_interfaces/action/detail/yaw_pid__type_support.cpp.o[0m
[ 55%] [32mBuilding CXX object CMakeFiles/pid_interfaces__rosidl_typesupport_fastrtps_cpp.dir/rosidl_typesupport_fastrtps_cpp/pid_interfaces/action/detail/dds_fastrtps/yaw_pid__type_support.cpp.o[0m
[ 57%] [32mBuilding CXX object CMakeFiles/pid_interfaces__rosidl_typesupport_fastrtps_cpp.dir/rosidl_typesupport_fastrtps_cpp/pid_interfaces/action/detail/dds_fastrtps/linear_pid__type_support.cpp.o[0m
[ 60%] [32mBuilding C object CMakeFiles/pid_interfaces__rosidl_typesupport_introspection_c.dir/rosidl_typesupport_introspection_c/pid_interfaces/action/detail/yaw_pid__type_support.c.o[0m
[ 62%] [32mBuilding C object CMakeFiles/pid_interfaces__rosidl_typesupport_introspection_c.dir/rosidl_typesupport_introspection_c/pid_interfaces/action/detail/linear_pid__type_support.c.o[0m
[ 64%] [32m[1mLinking C shared library libpid_interfaces__rosidl_typesupport_introspection_c.so[0m
[ 64%] Built target pid_interfaces__rosidl_typesupport_introspection_c
[ 68%] [32mBuilding CXX object CMakeFiles/pid_interfaces__rosidl_typesupport_fastrtps_c.dir/rosidl_typesupport_fastrtps_c/pid_interfaces/action/detail/linear_pid__type_support_c.cpp.o[0m
[ 68%] [32mBuilding CXX object CMakeFiles/pid_interfaces__rosidl_typesupport_fastrtps_c.dir/rosidl_typesupport_fastrtps_c/pid_interfaces/action/detail/yaw_pid__type_support_c.cpp.o[0m
[ 71%] [32m[1mLinking CXX shared library libpid_interfaces__rosidl_typesupport_cpp.so[0m
[ 71%] Built target pid_interfaces__rosidl_typesupport_cpp
[ 73%] [32m[1mLinking CXX shared library libpid_interfaces__rosidl_typesupport_introspection_cpp.so[0m
[ 73%] Built target pid_interfaces__rosidl_typesupport_introspection_cpp
[ 75%] [32m[1mLinking CXX shared library libpid_interfaces__rosidl_typesupport_fastrtps_cpp.so[0m
[ 77%] [32m[1mLinking CXX shared library libpid_interfaces__rosidl_typesupport_fastrtps_c.so[0m
[ 77%] Built target pid_interfaces__rosidl_typesupport_fastrtps_cpp
[ 77%] Built target pid_interfaces__rosidl_typesupport_fastrtps_c
[ 77%] Built target pid_interfaces
[ 80%] [34m[1mGenerating Python code for ROS interfaces[0m
[ 80%] Built target pid_interfaces__py
[ 84%] [32mBuilding C object CMakeFiles/pid_interfaces__rosidl_generator_py.dir/rosidl_generator_py/pid_interfaces/action/_yaw_pid_s.c.o[0m
[ 84%] [32mBuilding C object CMakeFiles/pid_interfaces__rosidl_generator_py.dir/rosidl_generator_py/pid_interfaces/action/_linear_pid_s.c.o[0m
[ 86%] [32m[1mLinking C shared library libpid_interfaces__rosidl_generator_py.so[0m
[ 86%] Built target pid_interfaces__rosidl_generator_py
[ 93%] [32mBuilding C object CMakeFiles/pid_interfaces_s__rosidl_typesupport_introspection_c.dir/rosidl_generator_py/pid_interfaces/_pid_interfaces_s.ep.rosidl_typesupport_introspection_c.c.o[0m
[ 93%] [32mBuilding C object CMakeFiles/pid_interfaces_s__rosidl_typesupport_c.dir/rosidl_generator_py/pid_interfaces/_pid_interfaces_s.ep.rosidl_typesupport_c.c.o[0m
[ 93%] [32mBuilding C object CMakeFiles/pid_interfaces_s__rosidl_typesupport_fastrtps_c.dir/rosidl_generator_py/pid_interfaces/_pid_interfaces_s.ep.rosidl_typesupport_fastrtps_c.c.o[0m
[ 97%] [32m[1mLinking C shared module rosidl_generator_py/pid_interfaces/pid_interfaces_s__rosidl_typesupport_introspection_c.so[0m
[ 97%] [32m[1mLinking C shared module rosidl_generator_py/pid_interfaces/pid_interfaces_s__rosidl_typesupport_c.so[0m
[100%] [32m[1mLinking C shared module rosidl_generator_py/pid_interfaces/pid_interfaces_s__rosidl_typesupport_fastrtps_c.so[0m
[100%] Built target pid_interfaces_s__rosidl_typesupport_introspection_c
[100%] Built target pid_interfaces_s__rosidl_typesupport_fastrtps_c
[100%] Built target pid_interfaces_s__rosidl_typesupport_c
-- Install configuration: ""
-- Execute custom install script
-- Symlinking: /home/masa/TASK_12.2/TASK12.2/task12_2_ws/install/pid_interfaces/share/ament_index/resource_index/rosidl_interfaces/pid_interfaces
-- Symlinking: /home/masa/TASK_12.2/TASK12.2/task12_2_ws/install/pid_interfaces/share/pid_interfaces/action/YawPid.json
-- Symlinking: /home/masa/TASK_12.2/TASK12.2/task12_2_ws/install/pid_interfaces/share/pid_interfaces/action/LinearPid.json
-- Symlinking: /home/masa/TASK_12.2/TASK12.2/task12_2_ws/install/pid_interfaces/include/pid_interfaces/pid_interfaces/action/detail/linear_pid__functions.h
-- Symlinking: /home/masa/TASK_12.2/TASK12.2/task12_2_ws/install/pid_interfaces/include/pid_interfaces/pid_interfaces/action/detail/linear_pid__struct.h
-- Symlinking: /home/masa/TASK_12.2/TASK12.2/task12_2_ws/install/pid_interfaces/include/pid_interfaces/pid_interfaces/action/detail/linear_pid__type_support.h
-- Symlinking: /home/masa/TASK_12.2/TASK12.2/task12_2_ws/install/pid_interfaces/include/pid_interfaces/pid_interfaces/action/detail/yaw_pid__functions.h
-- Symlinking: /home/masa/TASK_12.2/TASK12.2/task12_2_ws/install/pid_interfaces/include/pid_interfaces/pid_interfaces/action/detail/yaw_pid__struct.h
-- Symlinking: /home/masa/TASK_12.2/TASK12.2/task12_2_ws/install/pid_interfaces/include/pid_interfaces/pid_interfaces/action/detail/yaw_pid__type_support.h
-- Symlinking: /home/masa/TASK_12.2/TASK12.2/task12_2_ws/install/pid_interfaces/include/pid_interfaces/pid_interfaces/action/linear_pid.h
-- Symlinking: /home/masa/TASK_12.2/TASK12.2/task12_2_ws/install/pid_interfaces/include/pid_interfaces/pid_interfaces/action/yaw_pid.h
-- Symlinking: /home/masa/TASK_12.2/TASK12.2/task12_2_ws/install/pid_interfaces/include/pid_interfaces/pid_interfaces/msg/rosidl_generator_c__visibility_control.h
-- Symlinking: /home/masa/TASK_12.2/TASK12.2/task12_2_ws/install/pid_interfaces/share/pid_interfaces/environment/library_path.sh
-- Symlinking: /home/masa/TASK_12.2/TASK12.2/task12_2_ws/install/pid_interfaces/share/pid_interfaces/environment/library_path.dsv
-- Symlinking: /home/masa/TASK_12.2/TASK12.2/task12_2_ws/install/pid_interfaces/include/pid_interfaces/pid_interfaces/action/detail/linear_pid__rosidl_typesupport_fastrtps_c.h
-- Symlinking: /home/masa/TASK_12.2/TASK12.2/task12_2_ws/install/pid_interfaces/include/pid_interfaces/pid_interfaces/action/detail/yaw_pid__rosidl_typesupport_fastrtps_c.h
-- Symlinking: /home/masa/TASK_12.2/TASK12.2/task12_2_ws/install/pid_interfaces/include/pid_interfaces/pid_interfaces/msg/rosidl_typesupport_fastrtps_c__visibility_control.h
-- Symlinking: /home/masa/TASK_12.2/TASK12.2/task12_2_ws/install/pid_interfaces/include/pid_interfaces/pid_interfaces/action/detail/linear_pid__rosidl_typesupport_introspection_c.h
-- Symlinking: /home/masa/TASK_12.2/TASK12.2/task12_2_ws/install/pid_interfaces/include/pid_interfaces/pid_interfaces/action/detail/yaw_pid__rosidl_typesupport_introspection_c.h
-- Symlinking: /home/masa/TASK_12.2/TASK12.2/task12_2_ws/install/pid_interfaces/include/pid_interfaces/pid_interfaces/msg/rosidl_typesupport_introspection_c__visibility_control.h
-- Symlinking: /home/masa/TASK_12.2/TASK12.2/task12_2_ws/install/pid_interfaces/include/pid_interfaces/pid_interfaces/action/detail/linear_pid__builder.hpp
-- Symlinking: /home/masa/TASK_12.2/TASK12.2/task12_2_ws/install/pid_interfaces/include/pid_interfaces/pid_interfaces/action/detail/linear_pid__struct.hpp
-- Symlinking: /home/masa/TASK_12.2/TASK12.2/task12_2_ws/install/pid_interfaces/include/pid_interfaces/pid_interfaces/action/detail/linear_pid__traits.hpp
-- Symlinking: /home/masa/TASK_12.2/TASK12.2/task12_2_ws/install/pid_interfaces/include/pid_interfaces/pid_interfaces/action/detail/linear_pid__type_support.hpp
-- Symlinking: /home/masa/TASK_12.2/TASK12.2/task12_2_ws/install/pid_interfaces/include/pid_interfaces/pid_interfaces/action/detail/yaw_pid__builder.hpp
-- Symlinking: /home/masa/TASK_12.2/TASK12.2/task12_2_ws/install/pid_interfaces/include/pid_interfaces/pid_interfaces/action/detail/yaw_pid__struct.hpp
-- Symlinking: /home/masa/TASK_12.2/TASK12.2/task12_2_ws/install/pid_interfaces/include/pid_interfaces/pid_interfaces/action/detail/yaw_pid__traits.hpp
-- Symlinking: /home/masa/TASK_12.2/TASK12.2/task12_2_ws/install/pid_interfaces/include/pid_interfaces/pid_interfaces/action/detail/yaw_pid__type_support.hpp
-- Symlinking: /home/masa/TASK_12.2/TASK12.2/task12_2_ws/install/pid_interfaces/include/pid_interfaces/pid_interfaces/action/linear_pid.hpp
-- Symlinking: /home/masa/TASK_12.2/TASK12.2/task12_2_ws/install/pid_interfaces/include/pid_interfaces/pid_interfaces/action/yaw_pid.hpp
-- Symlinking: /home/masa/TASK_12.2/TASK12.2/task12_2_ws/install/pid_interfaces/include/pid_interfaces/pid_interfaces/msg/rosidl_generator_cpp__visibility_control.hpp
-- Symlinking: /home/masa/TASK_12.2/TASK12.2/task12_2_ws/install/pid_interfaces/include/pid_interfaces/pid_interfaces/action/detail/linear_pid__rosidl_typesupport_fastrtps_cpp.hpp
-- Symlinking: /home/masa/TASK_12.2/TASK12.2/task12_2_ws/install/pid_interfaces/include/pid_interfaces/pid_interfaces/action/detail/yaw_pid__rosidl_typesupport_fastrtps_cpp.hpp
-- Symlinking: /home/masa/TASK_12.2/TASK12.2/task12_2_ws/install/pid_interfaces/include/pid_interfaces/pid_interfaces/msg/rosidl_typesupport_fastrtps_cpp__visibility_control.h
-- Symlinking: /home/masa/TASK_12.2/TASK12.2/task12_2_ws/install/pid_interfaces/include/pid_interfaces/pid_interfaces/action/detail/linear_pid__rosidl_typesupport_introspection_cpp.hpp
-- Symlinking: /home/masa/TASK_12.2/TASK12.2/task12_2_ws/install/pid_interfaces/include/pid_interfaces/pid_interfaces/action/detail/yaw_pid__rosidl_typesupport_introspection_cpp.hpp
-- Symlinking: /home/masa/TASK_12.2/TASK12.2/task12_2_ws/install/pid_interfaces/share/pid_interfaces/environment/pythonpath.sh
-- Symlinking: /home/masa/TASK_12.2/TASK12.2/task12_2_ws/install/pid_interfaces/share/pid_interfaces/environment/pythonpath.dsv
-- Symlinking: /home/masa/TASK_12.2/TASK12.2/task12_2_ws/install/pid_interfaces/lib/python3.12/site-packages/pid_interfaces-0.0.0-py3.12.egg-info/PKG-INFO
-- Symlinking: /home/masa/TASK_12.2/TASK12.2/task12_2_ws/install/pid_interfaces/lib/python3.12/site-packages/pid_interfaces-0.0.0-py3.12.egg-info/SOURCES.txt
-- Symlinking: /home/masa/TASK_12.2/TASK12.2/task12_2_ws/install/pid_interfaces/lib/python3.12/site-packages/pid_interfaces-0.0.0-py3.12.egg-info/dependency_links.txt
-- Symlinking: /home/masa/TASK_12.2/TASK12.2/task12_2_ws/install/pid_interfaces/lib/python3.12/site-packages/pid_interfaces-0.0.0-py3.12.egg-info/top_level.txt
-- Symlinking: /home/masa/TASK_12.2/TASK12.2/task12_2_ws/install/pid_interfaces/lib/python3.12/site-packages/pid_interfaces/__init__.py
-- Symlinking: /home/masa/TASK_12.2/TASK12.2/task12_2_ws/install/pid_interfaces/lib/python3.12/site-packages/pid_interfaces/_pid_interfaces_s.ep.rosidl_typesupport_c.c
-- Symlinking: /home/masa/TASK_12.2/TASK12.2/task12_2_ws/install/pid_interfaces/lib/python3.12/site-packages/pid_interfaces/_pid_interfaces_s.ep.rosidl_typesupport_fastrtps_c.c
-- Symlinking: /home/masa/TASK_12.2/TASK12.2/task12_2_ws/install/pid_interfaces/lib/python3.12/site-packages/pid_interfaces/_pid_interfaces_s.ep.rosidl_typesupport_introspection_c.c
-- Symlinking: /home/masa/TASK_12.2/TASK12.2/task12_2_ws/install/pid_interfaces/lib/python3.12/site-packages/pid_interfaces/action/__init__.py
-- Symlinking: /home/masa/TASK_12.2/TASK12.2/task12_2_ws/install/pid_interfaces/lib/python3.12/site-packages/pid_interfaces/action/_linear_pid.py
-- Symlinking: /home/masa/TASK_12.2/TASK12.2/task12_2_ws/install/pid_interfaces/lib/python3.12/site-packages/pid_interfaces/action/_linear_pid_s.c
-- Symlinking: /home/masa/TASK_12.2/TASK12.2/task12_2_ws/install/pid_interfaces/lib/python3.12/site-packages/pid_interfaces/action/_yaw_pid.py
-- Symlinking: /home/masa/TASK_12.2/TASK12.2/task12_2_ws/install/pid_interfaces/lib/python3.12/site-packages/pid_interfaces/action/_yaw_pid_s.c
-- Symlinking: /home/masa/TASK_12.2/TASK12.2/task12_2_ws/install/pid_interfaces/lib/python3.12/site-packages/pid_interfaces/pid_interfaces_s__rosidl_typesupport_c.so
-- Symlinking: /home/masa/TASK_12.2/TASK12.2/task12_2_ws/install/pid_interfaces/lib/python3.12/site-packages/pid_interfaces/pid_interfaces_s__rosidl_typesupport_fastrtps_c.so
-- Symlinking: /home/masa/TASK_12.2/TASK12.2/task12_2_ws/install/pid_interfaces/lib/python3.12/site-packages/pid_interfaces/pid_interfaces_s__rosidl_typesupport_introspection_c.so
-- Up-to-date symlink: /home/masa/TASK_12.2/TASK12.2/task12_2_ws/install/pid_interfaces/lib/python3.12/site-packages/pid_interfaces/pid_interfaces_s__rosidl_typesupport_fastrtps_c.so
-- Up-to-date symlink: /home/masa/TASK_12.2/TASK12.2/task12_2_ws/install/pid_interfaces/lib/python3.12/site-packages/pid_interfaces/pid_interfaces_s__rosidl_typesupport_introspection_c.so
-- Up-to-date symlink: /home/masa/TASK_12.2/TASK12.2/task12_2_ws/install/pid_interfaces/lib/python3.12/site-packages/pid_interfaces/pid_interfaces_s__rosidl_typesupport_c.so
-- Symlinking: /home/masa/TASK_12.2/TASK12.2/task12_2_ws/install/pid_interfaces/share/ament_index/resource_index/rust_packages/pid_interfaces
-- Symlinking: /home/masa/TASK_12.2/TASK12.2/task12_2_ws/install/pid_interfaces/share/pid_interfaces/rust/Cargo.toml
-- Symlinking: /home/masa/TASK_12.2/TASK12.2/task12_2_ws/install/pid_interfaces/share/pid_interfaces/rust/build.rs
-- Symlinking: /home/masa/TASK_12.2/TASK12.2/task12_2_ws/install/pid_interfaces/share/pid_interfaces/rust/src/action.rs
-- Symlinking: /home/masa/TASK_12.2/TASK12.2/task12_2_ws/install/pid_interfaces/share/pid_interfaces/rust/src/action/rmw.rs
-- Symlinking: /home/masa/TASK_12.2/TASK12.2/task12_2_ws/install/pid_interfaces/share/pid_interfaces/rust/src/lib.rs
-- Symlinking: /home/masa/TASK_12.2/TASK12.2/task12_2_ws/install/pid_interfaces/share/pid_interfaces/action/YawPid.idl
-- Symlinking: /home/masa/TASK_12.2/TASK12.2/task12_2_ws/install/pid_interfaces/share/pid_interfaces/action/LinearPid.idl
-- Symlinking: /home/masa/TASK_12.2/TASK12.2/task12_2_ws/install/pid_interfaces/share/pid_interfaces/action/YawPid.action
-- Symlinking: /home/masa/TASK_12.2/TASK12.2/task12_2_ws/install/pid_interfaces/share/pid_interfaces/action/LinearPid.action
-- Symlinking: /home/masa/TASK_12.2/TASK12.2/task12_2_ws/install/pid_interfaces/share/ament_index/resource_index/package_run_dependencies/pid_interfaces
-- Symlinking: /home/masa/TASK_12.2/TASK12.2/task12_2_ws/install/pid_interfaces/share/ament_index/resource_index/parent_prefix_path/pid_interfaces
-- Symlinking: /home/masa/TASK_12.2/TASK12.2/task12_2_ws/install/pid_interfaces/share/pid_interfaces/environment/ament_prefix_path.sh
-- Symlinking: /home/masa/TASK_12.2/TASK12.2/task12_2_ws/install/pid_interfaces/share/pid_interfaces/environment/ament_prefix_path.dsv
-- Symlinking: /home/masa/TASK_12.2/TASK12.2/task12_2_ws/install/pid_interfaces/share/pid_interfaces/environment/path.sh
-- Symlinking: /home/masa/TASK_12.2/TASK12.2/task12_2_ws/install/pid_interfaces/share/pid_interfaces/environment/path.dsv
-- Symlinking: /home/masa/TASK_12.2/TASK12.2/task12_2_ws/install/pid_interfaces/share/pid_interfaces/local_setup.bash
-- Symlinking: /home/masa/TASK_12.2/TASK12.2/task12_2_ws/install/pid_interfaces/share/pid_interfaces/local_setup.sh
-- Symlinking: /home/masa/TASK_12.2/TASK12.2/task12_2_ws/install/pid_interfaces/share/pid_interfaces/local_setup.zsh
-- Symlinking: /home/masa/TASK_12.2/TASK12.2/task12_2_ws/install/pid_interfaces/share/pid_interfaces/local_setup.dsv
-- Symlinking: /home/masa/TASK_12.2/TASK12.2/task12_2_ws/install/pid_interfaces/share/pid_interfaces/package.dsv
-- Symlinking: /home/masa/TASK_12.2/TASK12.2/task12_2_ws/install/pid_interfaces/share/ament_index/resource_index/packages/pid_interfaces
-- Symlinking: /home/masa/TASK_12.2/TASK12.2/task12_2_ws/install/pid_interfaces/share/pid_interfaces/cmake/rosidl_cmake-extras.cmake
-- Symlinking: /home/masa/TASK_12.2/TASK12.2/task12_2_ws/install/pid_interfaces/share/pid_interfaces/cmake/ament_cmake_export_dependencies-extras.cmake
-- Symlinking: /home/masa/TASK_12.2/TASK12.2/task12_2_ws/install/pid_interfaces/share/pid_interfaces/cmake/ament_cmake_export_include_directories-extras.cmake
-- Symlinking: /home/masa/TASK_12.2/TASK12.2/task12_2_ws/install/pid_interfaces/share/pid_interfaces/cmake/ament_cmake_export_libraries-extras.cmake
-- Symlinking: /home/masa/TASK_12.2/TASK12.2/task12_2_ws/install/pid_interfaces/share/pid_interfaces/cmake/ament_cmake_export_targets-extras.cmake
-- Symlinking: /home/masa/TASK_12.2/TASK12.2/task12_2_ws/install/pid_interfaces/share/pid_interfaces/cmake/rosidl_cmake_export_typesupport_targets-extras.cmake
-- Symlinking: /home/masa/TASK_12.2/TASK12.2/task12_2_ws/install/pid_interfaces/share/pid_interfaces/cmake/rosidl_cmake_export_typesupport_libraries-extras.cmake
-- Symlinking: /home/masa/TASK_12.2/TASK12.2/task12_2_ws/install/pid_interfaces/share/pid_interfaces/cmake/rosidl_cmake_aggregate_target-extras.cmake
-- Symlinking: /home/masa/TASK_12.2/TASK12.2/task12_2_ws/install/pid_interfaces/share/pid_interfaces/cmake/pid_interfacesConfig.cmake
-- Symlinking: /home/masa/TASK_12.2/TASK12.2/task12_2_ws/install/pid_interfaces/share/pid_interfaces/cmake/pid_interfacesConfig-version.cmake
-- Symlinking: /home/masa/TASK_12.2/TASK12.2/task12_2_ws/install/pid_interfaces/share/pid_interfaces/package.xml
-- Installing: /home/masa/TASK_12.2/TASK12.2/task12_2_ws/install/pid_interfaces/lib/libpid_interfaces__rosidl_generator_c.so
-- Set non-toolchain portion of runtime path of "/home/masa/TASK_12.2/TASK12.2/task12_2_ws/install/pid_interfaces/lib/libpid_interfaces__rosidl_generator_c.so" to ""
-- Installing: /home/masa/TASK_12.2/TASK12.2/task12_2_ws/install/pid_interfaces/lib/libpid_interfaces__rosidl_typesupport_fastrtps_c.so
-- Set non-toolchain portion of runtime path of "/home/masa/TASK_12.2/TASK12.2/task12_2_ws/install/pid_interfaces/lib/libpid_interfaces__rosidl_typesupport_fastrtps_c.so" to ""
-- Installing: /home/masa/TASK_12.2/TASK12.2/task12_2_ws/install/pid_interfaces/lib/libpid_interfaces__rosidl_typesupport_introspection_c.so
-- Set non-toolchain portion of runtime path of "/home/masa/TASK_12.2/TASK12.2/task12_2_ws/install/pid_interfaces/lib/libpid_interfaces__rosidl_typesupport_introspection_c.so" to ""
-- Installing: /home/masa/TASK_12.2/TASK12.2/task12_2_ws/install/pid_interfaces/lib/libpid_interfaces__rosidl_typesupport_c.so
-- Set non-toolchain portion of runtime path of "/home/masa/TASK_12.2/TASK12.2/task12_2_ws/install/pid_interfaces/lib/libpid_interfaces__rosidl_typesupport_c.so" to ""
-- Installing: /home/masa/TASK_12.2/TASK12.2/task12_2_ws/install/pid_interfaces/lib/libpid_interfaces__rosidl_typesupport_fastrtps_cpp.so
-- Set non-toolchain portion of runtime path of "/home/masa/TASK_12.2/TASK12.2/task12_2_ws/install/pid_interfaces/lib/libpid_interfaces__rosidl_typesupport_fastrtps_cpp.so" to ""
-- Installing: /home/masa/TASK_12.2/TASK12.2/task12_2_ws/install/pid_interfaces/lib/libpid_interfaces__rosidl_typesupport_introspection_cpp.so
-- Set non-toolchain portion of runtime path of "/home/masa/TASK_12.2/TASK12.2/task12_2_ws/install/pid_interfaces/lib/libpid_interfaces__rosidl_typesupport_introspection_cpp.so" to ""
-- Installing: /home/masa/TASK_12.2/TASK12.2/task12_2_ws/install/pid_interfaces/lib/libpid_interfaces__rosidl_typesupport_cpp.so
-- Set non-toolchain portion of runtime path of "/home/masa/TASK_12.2/TASK12.2/task12_2_ws/install/pid_interfaces/lib/libpid_interfaces__rosidl_typesupport_cpp.so" to ""
Listing '/home/masa/TASK_12.2/TASK12.2/task12_2_ws/install/pid_interfaces/lib/python3.12/site-packages/pid_interfaces'...
Compiling '/home/masa/TASK_12.2/TASK12.2/task12_2_ws/install/pid_interfaces/lib/python3.12/site-packages/pid_interfaces/__init__.py'...
Listing '/home/masa/TASK_12.2/TASK12.2/task12_2_ws/install/pid_interfaces/lib/python3.12/site-packages/pid_interfaces/action'...
Compiling '/home/masa/TASK_12.2/TASK12.2/task12_2_ws/install/pid_interfaces/lib/python3.12/site-packages/pid_interfaces/action/__init__.py'...
Compiling '/home/masa/TASK_12.2/TASK12.2/task12_2_ws/install/pid_interfaces/lib/python3.12/site-packages/pid_interfaces/action/_linear_pid.py'...
Compiling '/home/masa/TASK_12.2/TASK12.2/task12_2_ws/install/pid_interfaces/lib/python3.12/site-packages/pid_interfaces/action/_yaw_pid.py'...
-- Installing: /home/masa/TASK_12.2/TASK12.2/task12_2_ws/install/pid_interfaces/lib/libpid_interfaces__rosidl_generator_py.so
-- Set non-toolchain portion of runtime path of "/home/masa/TASK_12.2/TASK12.2/task12_2_ws/install/pid_interfaces/lib/libpid_interfaces__rosidl_generator_py.so" to ""
-- Installing: /home/masa/TASK_12.2/TASK12.2/task12_2_ws/install/pid_interfaces/share/pid_interfaces/cmake/export_pid_interfaces__rosidl_generator_cExport.cmake
-- Installing: /home/masa/TASK_12.2/TASK12.2/task12_2_ws/install/pid_interfaces/share/pid_interfaces/cmake/export_pid_interfaces__rosidl_generator_cExport-noconfig.cmake
-- Installing: /home/masa/TASK_12.2/TASK12.2/task12_2_ws/install/pid_interfaces/share/pid_interfaces/cmake/export_pid_interfaces__rosidl_typesupport_fastrtps_cExport.cmake
-- Installing: /home/masa/TASK_12.2/TASK12.2/task12_2_ws/install/pid_interfaces/share/pid_interfaces/cmake/export_pid_interfaces__rosidl_typesupport_fastrtps_cExport-noconfig.cmake
-- Installing: /home/masa/TASK_12.2/TASK12.2/task12_2_ws/install/pid_interfaces/share/pid_interfaces/cmake/pid_interfaces__rosidl_typesupport_introspection_cExport.cmake
-- Installing: /home/masa/TASK_12.2/TASK12.2/task12_2_ws/install/pid_interfaces/share/pid_interfaces/cmake/pid_interfaces__rosidl_typesupport_introspection_cExport-noconfig.cmake
-- Installing: /home/masa/TASK_12.2/TASK12.2/task12_2_ws/install/pid_interfaces/share/pid_interfaces/cmake/pid_interfaces__rosidl_typesupport_cExport.cmake
-- Installing: /home/masa/TASK_12.2/TASK12.2/task12_2_ws/install/pid_interfaces/share/pid_interfaces/cmake/pid_interfaces__rosidl_typesupport_cExport-noconfig.cmake
-- Installing: /home/masa/TASK_12.2/TASK12.2/task12_2_ws/install/pid_interfaces/share/pid_interfaces/cmake/export_pid_interfaces__rosidl_generator_cppExport.cmake
-- Installing: /home/masa/TASK_12.2/TASK12.2/task12_2_ws/install/pid_interfaces/share/pid_interfaces/cmake/export_pid_interfaces__rosidl_typesupport_fastrtps_cppExport.cmake
-- Installing: /home/masa/TASK_12.2/TASK12.2/task12_2_ws/install/pid_interfaces/share/pid_interfaces/cmake/export_pid_interfaces__rosidl_typesupport_fastrtps_cppExport-noconfig.cmake
-- Installing: /home/masa/TASK_12.2/TASK12.2/task12_2_ws/install/pid_interfaces/share/pid_interfaces/cmake/pid_interfaces__rosidl_typesupport_introspection_cppExport.cmake
-- Installing: /home/masa/TASK_12.2/TASK12.2/task12_2_ws/install/pid_interfaces/share/pid_interfaces/cmake/pid_interfaces__rosidl_typesupport_introspection_cppExport-noconfig.cmake
-- Installing: /home/masa/TASK_12.2/TASK12.2/task12_2_ws/install/pid_interfaces/share/pid_interfaces/cmake/pid_interfaces__rosidl_typesupport_cppExport.cmake
-- Installing: /home/masa/TASK_12.2/TASK12.2/task12_2_ws/install/pid_interfaces/share/pid_interfaces/cmake/pid_interfaces__rosidl_typesupport_cppExport-noconfig.cmake
-- Installing: /home/masa/TASK_12.2/TASK12.2/task12_2_ws/install/pid_interfaces/share/pid_interfaces/cmake/export_pid_interfaces__rosidl_generator_pyExport.cmake
-- Installing: /home/masa/TASK_12.2/TASK12.2/task12_2_ws/install/pid_interfaces/share/pid_interfaces/cmake/export_pid_interfaces__rosidl_generator_pyExport-noconfig.cmake
