[0.018s] Invoking command in '/home/masa/TASK_12.2/TASK12.2/task12_2_ws/build/pid_interfaces': CMAKE_PREFIX_PATH=${CMAKE_PREFIX_PATH}:/home/masa/TASK_12.2/TASK12.2/task12_2_ws/install/pid_turtlebot:/home/masa/TASK_12.2/TASK12.2/task12_2_ws/install/maze_control:/opt/ros/jazzy DEBUGINFOD_URLS=https://debuginfod.ubuntu.com /usr/bin/cmake /home/masa/TASK_12.2/TASK12.2/task12_2_ws/src/pid_interfaces -DAMENT_CMAKE_SYMLINK_INSTALL=1 -DCMAKE_INSTALL_PREFIX=/home/masa/TASK_12.2/TASK12.2/task12_2_ws/install/pid_interfaces
[0.065s] -- The C compiler identification is GNU 13.3.0
[0.112s] -- The CXX compiler identification is GNU 13.3.0
[0.125s] -- Detecting C compiler ABI info
[0.191s] -- Detecting C compiler ABI info - done
[0.198s] -- Check for working C compiler: /usr/bin/cc - skipped
[0.198s] -- Detecting C compile features
[0.199s] -- Detecting C compile features - done
[0.208s] -- Detecting CXX compiler ABI info
[0.295s] -- Detecting CXX compiler ABI info - done
[0.311s] -- Check for working CXX compiler: /usr/bin/c++ - skipped
[0.311s] -- Detecting CXX compile features
[0.311s] -- Detecting CXX compile features - done
[0.316s] -- Found ament_cmake: 2.5.6 (/opt/ros/jazzy/share/ament_cmake/cmake)
[0.518s] -- Found Python3: /usr/bin/python3 (found version "3.12.3") found components: Interpreter 
[0.628s] -- Override CMake install command with custom implementation using symlinks instead of copying resources
[0.680s] -- Found rosidl_default_generators: 1.6.1 (/opt/ros/jazzy/share/rosidl_default_generators/cmake)
[0.688s] -- Using all available rosidl_typesupport_c: rosidl_typesupport_fastrtps_c;rosidl_typesupport_introspection_c
[0.751s] -- Using all available rosidl_typesupport_cpp: rosidl_typesupport_fastrtps_cpp;rosidl_typesupport_introspection_cpp
[0.807s] -- Found rosidl_adapter: 4.6.9 (/opt/ros/jazzy/share/rosidl_adapter/cmake)
[0.812s] -- Found action_msgs: 2.0.4 (/opt/ros/jazzy/share/action_msgs/cmake)
[1.439s] -- Found ament_cmake_ros: 0.12.1 (/opt/ros/jazzy/share/ament_cmake_ros/cmake)
[1.838s] -- Using all available rosidl_typesupport_c: rosidl_typesupport_fastrtps_c;rosidl_typesupport_introspection_c
[2.452s] -- Using all available rosidl_typesupport_cpp: rosidl_typesupport_fastrtps_cpp;rosidl_typesupport_introspection_cpp
[2.455s] -- Found python_cmake_module: 0.11.1 (/opt/ros/jazzy/share/python_cmake_module/cmake)
[2.569s] -- Found PythonExtra: /usr/bin/python3  
[2.918s] -- Found Python3: /usr/bin/python3 (found version "3.12.3") found components: Interpreter Development NumPy Development.Module Development.Embed 
[2.975s] -- Found Python3: /usr/bin/python3 (found version "3.12.3") found components: Interpreter 
[2.984s] -- Configuring done (3.0s)
[3.014s] -- Generating done (0.0s)
[3.023s] -- Build files have been written to: /home/masa/TASK_12.2/TASK12.2/task12_2_ws/build/pid_interfaces
[3.032s] Invoked command in '/home/masa/TASK_12.2/TASK12.2/task12_2_ws/build/pid_interfaces' returned '0': CMAKE_PREFIX_PATH=${CMAKE_PREFIX_PATH}:/home/masa/TASK_12.2/TASK12.2/task12_2_ws/install/pid_turtlebot:/home/masa/TASK_12.2/TASK12.2/task12_2_ws/install/maze_control:/opt/ros/jazzy DEBUGINFOD_URLS=https://debuginfod.ubuntu.com /usr/bin/cmake /home/masa/TASK_12.2/TASK12.2/task12_2_ws/src/pid_interfaces -DAMENT_CMAKE_SYMLINK_INSTALL=1 -DCMAKE_INSTALL_PREFIX=/home/masa/TASK_12.2/TASK12.2/task12_2_ws/install/pid_interfaces
[3.033s] Invoking command in '/home/masa/TASK_12.2/TASK12.2/task12_2_ws/build/pid_interfaces': CMAKE_PREFIX_PATH=${CMAKE_PREFIX_PATH}:/home/masa/TASK_12.2/TASK12.2/task12_2_ws/install/pid_turtlebot:/home/masa/TASK_12.2/TASK12.2/task12_2_ws/install/maze_control:/opt/ros/jazzy DEBUGINFOD_URLS=https://debuginfod.ubuntu.com /usr/bin/cmake --build /home/masa/TASK_12.2/TASK12.2/task12_2_ws/build/pid_interfaces -- -j8 -l8
[3.072s] [  4%] [34m[1mGenerating Rust code for ROS interfaces[0m
[3.072s] [  4%] [34m[1mGenerating type hashes for ROS interfaces[0m
[3.079s] [  4%] Built target ament_cmake_python_symlink_pid_interfaces
[3.272s] running egg_info
[3.272s] creating pid_interfaces.egg-info
[3.292s] writing pid_interfaces.egg-info/PKG-INFO
[3.292s] writing dependency_links to pid_interfaces.egg-info/dependency_links.txt
[3.293s] writing top-level names to pid_interfaces.egg-info/top_level.txt
[3.293s] writing manifest file 'pid_interfaces.egg-info/SOURCES.txt'
[3.297s] [  4%] Built target pid_interfaces__rosidl_generator_type_description
[3.306s] [  6%] [34m[1mGenerating C code for ROS interfaces[0m
[3.316s] [  8%] [34m[1mGenerating C++ code for ROS interfaces[0m
[3.351s] [  8%] Built target pid_interfaces__rs
[3.354s] reading manifest file 'pid_interfaces.egg-info/SOURCES.txt'
[3.355s] writing manifest file 'pid_interfaces.egg-info/SOURCES.txt'
[3.380s] [  8%] Built target ament_cmake_python_build_pid_interfaces_egg
[3.862s] [  8%] Built target pid_interfaces__cpp
[3.915s] [ 13%] [32mBuilding C object CMakeFiles/pid_interfaces__rosidl_generator_c.dir/rosidl_generator_c/pid_interfaces/action/detail/yaw_pid__description.c.o[0m
[3.915s] [ 13%] [32mBuilding C object CMakeFiles/pid_interfaces__rosidl_generator_c.dir/rosidl_generator_c/pid_interfaces/action/detail/yaw_pid__functions.c.o[0m
[3.916s] [ 15%] [32mBuilding C object CMakeFiles/pid_interfaces__rosidl_generator_c.dir/rosidl_generator_c/pid_interfaces/action/detail/linear_pid__description.c.o[0m
[3.917s] [ 20%] [32mBuilding C object CMakeFiles/pid_interfaces__rosidl_generator_c.dir/rosidl_generator_c/pid_interfaces/action/detail/yaw_pid__type_support.c.o[0m
[3.917s] [ 20%] [32mBuilding C object CMakeFiles/pid_interfaces__rosidl_generator_c.dir/rosidl_generator_c/pid_interfaces/action/detail/linear_pid__functions.c.o[0m
[3.918s] [ 22%] [32mBuilding C object CMakeFiles/pid_interfaces__rosidl_generator_c.dir/rosidl_generator_c/pid_interfaces/action/detail/linear_pid__type_support.c.o[0m
[4.062s] [ 24%] [32m[1mLinking C shared library libpid_interfaces__rosidl_generator_c.so[0m
[4.092s] [ 24%] Built target pid_interfaces__rosidl_generator_c
[4.101s] [ 26%] [34m[1mGenerating C type support for eProsima Fast-RTPS[0m
[4.102s] [ 28%] [34m[1mGenerating C++ introspection for ROS interfaces[0m
[4.102s] [ 31%] [34m[1mGenerating C introspection for ROS interfaces[0m
[4.102s] [ 33%] [34m[1mGenerating C++ type support for eProsima Fast-RTPS[0m
[4.103s] [ 35%] [34m[1mGenerating C type support dispatch for ROS interfaces[0m
[4.103s] [ 37%] [34m[1mGenerating C++ type support dispatch for ROS interfaces[0m
[4.458s] [ 42%] [32mBuilding CXX object CMakeFiles/pid_interfaces__rosidl_typesupport_c.dir/rosidl_typesupport_c/pid_interfaces/action/linear_pid__type_support.cpp.o[0m
[4.458s] [ 42%] [32mBuilding CXX object CMakeFiles/pid_interfaces__rosidl_typesupport_c.dir/rosidl_typesupport_c/pid_interfaces/action/yaw_pid__type_support.cpp.o[0m
[4.531s] [ 44%] [32m[1mLinking CXX shared library libpid_interfaces__rosidl_typesupport_c.so[0m
[4.567s] [ 44%] Built target pid_interfaces__rosidl_typesupport_c
[4.702s] [ 48%] [32mBuilding CXX object CMakeFiles/pid_interfaces__rosidl_typesupport_cpp.dir/rosidl_typesupport_cpp/pid_interfaces/action/yaw_pid__type_support.cpp.o[0m
[4.702s] [ 48%] [32mBuilding CXX object CMakeFiles/pid_interfaces__rosidl_typesupport_cpp.dir/rosidl_typesupport_cpp/pid_interfaces/action/linear_pid__type_support.cpp.o[0m
[4.788s] [ 53%] [32mBuilding CXX object CMakeFiles/pid_interfaces__rosidl_typesupport_introspection_cpp.dir/rosidl_typesupport_introspection_cpp/pid_interfaces/action/detail/linear_pid__type_support.cpp.o[0m
[4.788s] [ 53%] [32mBuilding CXX object CMakeFiles/pid_interfaces__rosidl_typesupport_introspection_cpp.dir/rosidl_typesupport_introspection_cpp/pid_interfaces/action/detail/yaw_pid__type_support.cpp.o[0m
[4.831s] [ 55%] [32mBuilding CXX object CMakeFiles/pid_interfaces__rosidl_typesupport_fastrtps_cpp.dir/rosidl_typesupport_fastrtps_cpp/pid_interfaces/action/detail/dds_fastrtps/yaw_pid__type_support.cpp.o[0m
[4.831s] [ 57%] [32mBuilding CXX object CMakeFiles/pid_interfaces__rosidl_typesupport_fastrtps_cpp.dir/rosidl_typesupport_fastrtps_cpp/pid_interfaces/action/detail/dds_fastrtps/linear_pid__type_support.cpp.o[0m
[5.113s] [ 60%] [32mBuilding C object CMakeFiles/pid_interfaces__rosidl_typesupport_introspection_c.dir/rosidl_typesupport_introspection_c/pid_interfaces/action/detail/yaw_pid__type_support.c.o[0m
[5.210s] [ 62%] [32mBuilding C object CMakeFiles/pid_interfaces__rosidl_typesupport_introspection_c.dir/rosidl_typesupport_introspection_c/pid_interfaces/action/detail/linear_pid__type_support.c.o[0m
[5.309s] [ 64%] [32m[1mLinking C shared library libpid_interfaces__rosidl_typesupport_introspection_c.so[0m
[5.357s] [ 64%] Built target pid_interfaces__rosidl_typesupport_introspection_c
[5.642s] [ 68%] [32mBuilding CXX object CMakeFiles/pid_interfaces__rosidl_typesupport_fastrtps_c.dir/rosidl_typesupport_fastrtps_c/pid_interfaces/action/detail/linear_pid__type_support_c.cpp.o[0m
[5.642s] [ 68%] [32mBuilding CXX object CMakeFiles/pid_interfaces__rosidl_typesupport_fastrtps_c.dir/rosidl_typesupport_fastrtps_c/pid_interfaces/action/detail/yaw_pid__type_support_c.cpp.o[0m
[5.751s] [ 71%] [32m[1mLinking CXX shared library libpid_interfaces__rosidl_typesupport_cpp.so[0m
[5.875s] [ 71%] Built target pid_interfaces__rosidl_typesupport_cpp
[5.883s] [ 73%] [32m[1mLinking CXX shared library libpid_interfaces__rosidl_typesupport_introspection_cpp.so[0m
[5.984s] [ 73%] Built target pid_interfaces__rosidl_typesupport_introspection_cpp
[6.214s] [ 75%] [32m[1mLinking CXX shared library libpid_interfaces__rosidl_typesupport_fastrtps_cpp.so[0m
[6.223s] [ 77%] [32m[1mLinking CXX shared library libpid_interfaces__rosidl_typesupport_fastrtps_c.so[0m
[6.286s] [ 77%] Built target pid_interfaces__rosidl_typesupport_fastrtps_cpp
[6.288s] [ 77%] Built target pid_interfaces__rosidl_typesupport_fastrtps_c
[6.304s] [ 77%] Built target pid_interfaces
[6.324s] [ 80%] [34m[1mGenerating Python code for ROS interfaces[0m
[7.286s] [ 80%] Built target pid_interfaces__py
[7.301s] [ 84%] [32mBuilding C object CMakeFiles/pid_interfaces__rosidl_generator_py.dir/rosidl_generator_py/pid_interfaces/action/_yaw_pid_s.c.o[0m
[7.301s] [ 84%] [32mBuilding C object CMakeFiles/pid_interfaces__rosidl_generator_py.dir/rosidl_generator_py/pid_interfaces/action/_linear_pid_s.c.o[0m
[7.453s] [ 86%] [32m[1mLinking C shared library libpid_interfaces__rosidl_generator_py.so[0m
[7.487s] [ 86%] Built target pid_interfaces__rosidl_generator_py
[7.505s] [ 93%] [32mBuilding C object CMakeFiles/pid_interfaces_s__rosidl_typesupport_introspection_c.dir/rosidl_generator_py/pid_interfaces/_pid_interfaces_s.ep.rosidl_typesupport_introspection_c.c.o[0m
[7.505s] [ 93%] [32mBuilding C object CMakeFiles/pid_interfaces_s__rosidl_typesupport_c.dir/rosidl_generator_py/pid_interfaces/_pid_interfaces_s.ep.rosidl_typesupport_c.c.o[0m
[7.505s] [ 93%] [32mBuilding C object CMakeFiles/pid_interfaces_s__rosidl_typesupport_fastrtps_c.dir/rosidl_generator_py/pid_interfaces/_pid_interfaces_s.ep.rosidl_typesupport_fastrtps_c.c.o[0m
[7.633s] [ 97%] [32m[1mLinking C shared module rosidl_generator_py/pid_interfaces/pid_interfaces_s__rosidl_typesupport_introspection_c.so[0m
[7.633s] [ 97%] [32m[1mLinking C shared module rosidl_generator_py/pid_interfaces/pid_interfaces_s__rosidl_typesupport_c.so[0m
[7.634s] [100%] [32m[1mLinking C shared module rosidl_generator_py/pid_interfaces/pid_interfaces_s__rosidl_typesupport_fastrtps_c.so[0m
[7.659s] [100%] Built target pid_interfaces_s__rosidl_typesupport_introspection_c
[7.659s] [100%] Built target pid_interfaces_s__rosidl_typesupport_fastrtps_c
[7.659s] [100%] Built target pid_interfaces_s__rosidl_typesupport_c
[7.668s] Invoked command in '/home/masa/TASK_12.2/TASK12.2/task12_2_ws/build/pid_interfaces' returned '0': CMAKE_PREFIX_PATH=${CMAKE_PREFIX_PATH}:/home/masa/TASK_12.2/TASK12.2/task12_2_ws/install/pid_turtlebot:/home/masa/TASK_12.2/TASK12.2/task12_2_ws/install/maze_control:/opt/ros/jazzy DEBUGINFOD_URLS=https://debuginfod.ubuntu.com /usr/bin/cmake --build /home/masa/TASK_12.2/TASK12.2/task12_2_ws/build/pid_interfaces -- -j8 -l8
[7.675s] Invoking command in '/home/masa/TASK_12.2/TASK12.2/task12_2_ws/build/pid_interfaces': CMAKE_PREFIX_PATH=${CMAKE_PREFIX_PATH}:/home/masa/TASK_12.2/TASK12.2/task12_2_ws/install/pid_turtlebot:/home/masa/TASK_12.2/TASK12.2/task12_2_ws/install/maze_control:/opt/ros/jazzy DEBUGINFOD_URLS=https://debuginfod.ubuntu.com /usr/bin/cmake --install /home/masa/TASK_12.2/TASK12.2/task12_2_ws/build/pid_interfaces
[7.681s] -- Install configuration: ""
[7.681s] -- Execute custom install script
[7.681s] -- Symlinking: /home/masa/TASK_12.2/TASK12.2/task12_2_ws/install/pid_interfaces/share/ament_index/resource_index/rosidl_interfaces/pid_interfaces
[7.688s] -- Symlinking: /home/masa/TASK_12.2/TASK12.2/task12_2_ws/install/pid_interfaces/share/pid_interfaces/action/YawPid.json
[7.694s] -- Symlinking: /home/masa/TASK_12.2/TASK12.2/task12_2_ws/install/pid_interfaces/share/pid_interfaces/action/LinearPid.json
[7.701s] -- Symlinking: /home/masa/TASK_12.2/TASK12.2/task12_2_ws/install/pid_interfaces/include/pid_interfaces/pid_interfaces/action/detail/linear_pid__functions.h
[7.707s] -- Symlinking: /home/masa/TASK_12.2/TASK12.2/task12_2_ws/install/pid_interfaces/include/pid_interfaces/pid_interfaces/action/detail/linear_pid__struct.h
[7.712s] -- Symlinking: /home/masa/TASK_12.2/TASK12.2/task12_2_ws/install/pid_interfaces/include/pid_interfaces/pid_interfaces/action/detail/linear_pid__type_support.h
[7.718s] -- Symlinking: /home/masa/TASK_12.2/TASK12.2/task12_2_ws/install/pid_interfaces/include/pid_interfaces/pid_interfaces/action/detail/yaw_pid__functions.h
[7.726s] -- Symlinking: /home/masa/TASK_12.2/TASK12.2/task12_2_ws/install/pid_interfaces/include/pid_interfaces/pid_interfaces/action/detail/yaw_pid__struct.h
[7.731s] -- Symlinking: /home/masa/TASK_12.2/TASK12.2/task12_2_ws/install/pid_interfaces/include/pid_interfaces/pid_interfaces/action/detail/yaw_pid__type_support.h
[7.737s] -- Symlinking: /home/masa/TASK_12.2/TASK12.2/task12_2_ws/install/pid_interfaces/include/pid_interfaces/pid_interfaces/action/linear_pid.h
[7.743s] -- Symlinking: /home/masa/TASK_12.2/TASK12.2/task12_2_ws/install/pid_interfaces/include/pid_interfaces/pid_interfaces/action/yaw_pid.h
[7.749s] -- Symlinking: /home/masa/TASK_12.2/TASK12.2/task12_2_ws/install/pid_interfaces/include/pid_interfaces/pid_interfaces/msg/rosidl_generator_c__visibility_control.h
[7.755s] -- Symlinking: /home/masa/TASK_12.2/TASK12.2/task12_2_ws/install/pid_interfaces/share/pid_interfaces/environment/library_path.sh
[7.761s] -- Symlinking: /home/masa/TASK_12.2/TASK12.2/task12_2_ws/install/pid_interfaces/share/pid_interfaces/environment/library_path.dsv
[7.767s] -- Symlinking: /home/masa/TASK_12.2/TASK12.2/task12_2_ws/install/pid_interfaces/include/pid_interfaces/pid_interfaces/action/detail/linear_pid__rosidl_typesupport_fastrtps_c.h
[7.773s] -- Symlinking: /home/masa/TASK_12.2/TASK12.2/task12_2_ws/install/pid_interfaces/include/pid_interfaces/pid_interfaces/action/detail/yaw_pid__rosidl_typesupport_fastrtps_c.h
[7.778s] -- Symlinking: /home/masa/TASK_12.2/TASK12.2/task12_2_ws/install/pid_interfaces/include/pid_interfaces/pid_interfaces/msg/rosidl_typesupport_fastrtps_c__visibility_control.h
[7.784s] -- Symlinking: /home/masa/TASK_12.2/TASK12.2/task12_2_ws/install/pid_interfaces/include/pid_interfaces/pid_interfaces/action/detail/linear_pid__rosidl_typesupport_introspection_c.h
[7.790s] -- Symlinking: /home/masa/TASK_12.2/TASK12.2/task12_2_ws/install/pid_interfaces/include/pid_interfaces/pid_interfaces/action/detail/yaw_pid__rosidl_typesupport_introspection_c.h
[7.796s] -- Symlinking: /home/masa/TASK_12.2/TASK12.2/task12_2_ws/install/pid_interfaces/include/pid_interfaces/pid_interfaces/msg/rosidl_typesupport_introspection_c__visibility_control.h
[7.802s] -- Symlinking: /home/masa/TASK_12.2/TASK12.2/task12_2_ws/install/pid_interfaces/include/pid_interfaces/pid_interfaces/action/detail/linear_pid__builder.hpp
[7.808s] -- Symlinking: /home/masa/TASK_12.2/TASK12.2/task12_2_ws/install/pid_interfaces/include/pid_interfaces/pid_interfaces/action/detail/linear_pid__struct.hpp
[7.814s] -- Symlinking: /home/masa/TASK_12.2/TASK12.2/task12_2_ws/install/pid_interfaces/include/pid_interfaces/pid_interfaces/action/detail/linear_pid__traits.hpp
[7.821s] -- Symlinking: /home/masa/TASK_12.2/TASK12.2/task12_2_ws/install/pid_interfaces/include/pid_interfaces/pid_interfaces/action/detail/linear_pid__type_support.hpp
[7.828s] -- Symlinking: /home/masa/TASK_12.2/TASK12.2/task12_2_ws/install/pid_interfaces/include/pid_interfaces/pid_interfaces/action/detail/yaw_pid__builder.hpp
[7.835s] -- Symlinking: /home/masa/TASK_12.2/TASK12.2/task12_2_ws/install/pid_interfaces/include/pid_interfaces/pid_interfaces/action/detail/yaw_pid__struct.hpp
[7.842s] -- Symlinking: /home/masa/TASK_12.2/TASK12.2/task12_2_ws/install/pid_interfaces/include/pid_interfaces/pid_interfaces/action/detail/yaw_pid__traits.hpp
[7.849s] -- Symlinking: /home/masa/TASK_12.2/TASK12.2/task12_2_ws/install/pid_interfaces/include/pid_interfaces/pid_interfaces/action/detail/yaw_pid__type_support.hpp
[7.858s] -- Symlinking: /home/masa/TASK_12.2/TASK12.2/task12_2_ws/install/pid_interfaces/include/pid_interfaces/pid_interfaces/action/linear_pid.hpp
[7.864s] -- Symlinking: /home/masa/TASK_12.2/TASK12.2/task12_2_ws/install/pid_interfaces/include/pid_interfaces/pid_interfaces/action/yaw_pid.hpp
[7.870s] -- Symlinking: /home/masa/TASK_12.2/TASK12.2/task12_2_ws/install/pid_interfaces/include/pid_interfaces/pid_interfaces/msg/rosidl_generator_cpp__visibility_control.hpp
[7.876s] -- Symlinking: /home/masa/TASK_12.2/TASK12.2/task12_2_ws/install/pid_interfaces/include/pid_interfaces/pid_interfaces/action/detail/linear_pid__rosidl_typesupport_fastrtps_cpp.hpp
[7.882s] -- Symlinking: /home/masa/TASK_12.2/TASK12.2/task12_2_ws/install/pid_interfaces/include/pid_interfaces/pid_interfaces/action/detail/yaw_pid__rosidl_typesupport_fastrtps_cpp.hpp
[7.889s] -- Symlinking: /home/masa/TASK_12.2/TASK12.2/task12_2_ws/install/pid_interfaces/include/pid_interfaces/pid_interfaces/msg/rosidl_typesupport_fastrtps_cpp__visibility_control.h
[7.896s] -- Symlinking: /home/masa/TASK_12.2/TASK12.2/task12_2_ws/install/pid_interfaces/include/pid_interfaces/pid_interfaces/action/detail/linear_pid__rosidl_typesupport_introspection_cpp.hpp
[7.902s] -- Symlinking: /home/masa/TASK_12.2/TASK12.2/task12_2_ws/install/pid_interfaces/include/pid_interfaces/pid_interfaces/action/detail/yaw_pid__rosidl_typesupport_introspection_cpp.hpp
[7.908s] -- Symlinking: /home/masa/TASK_12.2/TASK12.2/task12_2_ws/install/pid_interfaces/share/pid_interfaces/environment/pythonpath.sh
[7.914s] -- Symlinking: /home/masa/TASK_12.2/TASK12.2/task12_2_ws/install/pid_interfaces/share/pid_interfaces/environment/pythonpath.dsv
[7.922s] -- Symlinking: /home/masa/TASK_12.2/TASK12.2/task12_2_ws/install/pid_interfaces/lib/python3.12/site-packages/pid_interfaces-0.0.0-py3.12.egg-info/PKG-INFO
[7.928s] -- Symlinking: /home/masa/TASK_12.2/TASK12.2/task12_2_ws/install/pid_interfaces/lib/python3.12/site-packages/pid_interfaces-0.0.0-py3.12.egg-info/SOURCES.txt
[7.934s] -- Symlinking: /home/masa/TASK_12.2/TASK12.2/task12_2_ws/install/pid_interfaces/lib/python3.12/site-packages/pid_interfaces-0.0.0-py3.12.egg-info/dependency_links.txt
[7.940s] -- Symlinking: /home/masa/TASK_12.2/TASK12.2/task12_2_ws/install/pid_interfaces/lib/python3.12/site-packages/pid_interfaces-0.0.0-py3.12.egg-info/top_level.txt
[7.947s] -- Symlinking: /home/masa/TASK_12.2/TASK12.2/task12_2_ws/install/pid_interfaces/lib/python3.12/site-packages/pid_interfaces/__init__.py
[7.953s] -- Symlinking: /home/masa/TASK_12.2/TASK12.2/task12_2_ws/install/pid_interfaces/lib/python3.12/site-packages/pid_interfaces/_pid_interfaces_s.ep.rosidl_typesupport_c.c
[7.958s] -- Symlinking: /home/masa/TASK_12.2/TASK12.2/task12_2_ws/install/pid_interfaces/lib/python3.12/site-packages/pid_interfaces/_pid_interfaces_s.ep.rosidl_typesupport_fastrtps_c.c
[7.963s] -- Symlinking: /home/masa/TASK_12.2/TASK12.2/task12_2_ws/install/pid_interfaces/lib/python3.12/site-packages/pid_interfaces/_pid_interfaces_s.ep.rosidl_typesupport_introspection_c.c
[7.970s] -- Symlinking: /home/masa/TASK_12.2/TASK12.2/task12_2_ws/install/pid_interfaces/lib/python3.12/site-packages/pid_interfaces/action/__init__.py
[7.975s] -- Symlinking: /home/masa/TASK_12.2/TASK12.2/task12_2_ws/install/pid_interfaces/lib/python3.12/site-packages/pid_interfaces/action/_linear_pid.py
[7.981s] -- Symlinking: /home/masa/TASK_12.2/TASK12.2/task12_2_ws/install/pid_interfaces/lib/python3.12/site-packages/pid_interfaces/action/_linear_pid_s.c
[7.987s] -- Symlinking: /home/masa/TASK_12.2/TASK12.2/task12_2_ws/install/pid_interfaces/lib/python3.12/site-packages/pid_interfaces/action/_yaw_pid.py
[7.993s] -- Symlinking: /home/masa/TASK_12.2/TASK12.2/task12_2_ws/install/pid_interfaces/lib/python3.12/site-packages/pid_interfaces/action/_yaw_pid_s.c
[7.999s] -- Symlinking: /home/masa/TASK_12.2/TASK12.2/task12_2_ws/install/pid_interfaces/lib/python3.12/site-packages/pid_interfaces/pid_interfaces_s__rosidl_typesupport_c.so
[8.005s] -- Symlinking: /home/masa/TASK_12.2/TASK12.2/task12_2_ws/install/pid_interfaces/lib/python3.12/site-packages/pid_interfaces/pid_interfaces_s__rosidl_typesupport_fastrtps_c.so
[8.011s] -- Symlinking: /home/masa/TASK_12.2/TASK12.2/task12_2_ws/install/pid_interfaces/lib/python3.12/site-packages/pid_interfaces/pid_interfaces_s__rosidl_typesupport_introspection_c.so
[8.018s] -- Up-to-date symlink: /home/masa/TASK_12.2/TASK12.2/task12_2_ws/install/pid_interfaces/lib/python3.12/site-packages/pid_interfaces/pid_interfaces_s__rosidl_typesupport_fastrtps_c.so
[8.018s] -- Up-to-date symlink: /home/masa/TASK_12.2/TASK12.2/task12_2_ws/install/pid_interfaces/lib/python3.12/site-packages/pid_interfaces/pid_interfaces_s__rosidl_typesupport_introspection_c.so
[8.018s] -- Up-to-date symlink: /home/masa/TASK_12.2/TASK12.2/task12_2_ws/install/pid_interfaces/lib/python3.12/site-packages/pid_interfaces/pid_interfaces_s__rosidl_typesupport_c.so
[8.018s] -- Symlinking: /home/masa/TASK_12.2/TASK12.2/task12_2_ws/install/pid_interfaces/share/ament_index/resource_index/rust_packages/pid_interfaces
[8.026s] -- Symlinking: /home/masa/TASK_12.2/TASK12.2/task12_2_ws/install/pid_interfaces/share/pid_interfaces/rust/Cargo.toml
[8.032s] -- Symlinking: /home/masa/TASK_12.2/TASK12.2/task12_2_ws/install/pid_interfaces/share/pid_interfaces/rust/build.rs
[8.039s] -- Symlinking: /home/masa/TASK_12.2/TASK12.2/task12_2_ws/install/pid_interfaces/share/pid_interfaces/rust/src/action.rs
[8.045s] -- Symlinking: /home/masa/TASK_12.2/TASK12.2/task12_2_ws/install/pid_interfaces/share/pid_interfaces/rust/src/action/rmw.rs
[8.051s] -- Symlinking: /home/masa/TASK_12.2/TASK12.2/task12_2_ws/install/pid_interfaces/share/pid_interfaces/rust/src/lib.rs
[8.057s] -- Symlinking: /home/masa/TASK_12.2/TASK12.2/task12_2_ws/install/pid_interfaces/share/pid_interfaces/action/YawPid.idl
[8.063s] -- Symlinking: /home/masa/TASK_12.2/TASK12.2/task12_2_ws/install/pid_interfaces/share/pid_interfaces/action/LinearPid.idl
[8.070s] -- Symlinking: /home/masa/TASK_12.2/TASK12.2/task12_2_ws/install/pid_interfaces/share/pid_interfaces/action/YawPid.action
[8.076s] -- Symlinking: /home/masa/TASK_12.2/TASK12.2/task12_2_ws/install/pid_interfaces/share/pid_interfaces/action/LinearPid.action
[8.082s] -- Symlinking: /home/masa/TASK_12.2/TASK12.2/task12_2_ws/install/pid_interfaces/share/ament_index/resource_index/package_run_dependencies/pid_interfaces
[8.088s] -- Symlinking: /home/masa/TASK_12.2/TASK12.2/task12_2_ws/install/pid_interfaces/share/ament_index/resource_index/parent_prefix_path/pid_interfaces
[8.094s] -- Symlinking: /home/masa/TASK_12.2/TASK12.2/task12_2_ws/install/pid_interfaces/share/pid_interfaces/environment/ament_prefix_path.sh
[8.101s] -- Symlinking: /home/masa/TASK_12.2/TASK12.2/task12_2_ws/install/pid_interfaces/share/pid_interfaces/environment/ament_prefix_path.dsv
[8.107s] -- Symlinking: /home/masa/TASK_12.2/TASK12.2/task12_2_ws/install/pid_interfaces/share/pid_interfaces/environment/path.sh
[8.114s] -- Symlinking: /home/masa/TASK_12.2/TASK12.2/task12_2_ws/install/pid_interfaces/share/pid_interfaces/environment/path.dsv
[8.122s] -- Symlinking: /home/masa/TASK_12.2/TASK12.2/task12_2_ws/install/pid_interfaces/share/pid_interfaces/local_setup.bash
[8.129s] -- Symlinking: /home/masa/TASK_12.2/TASK12.2/task12_2_ws/install/pid_interfaces/share/pid_interfaces/local_setup.sh
[8.136s] -- Symlinking: /home/masa/TASK_12.2/TASK12.2/task12_2_ws/install/pid_interfaces/share/pid_interfaces/local_setup.zsh
[8.143s] -- Symlinking: /home/masa/TASK_12.2/TASK12.2/task12_2_ws/install/pid_interfaces/share/pid_interfaces/local_setup.dsv
[8.150s] -- Symlinking: /home/masa/TASK_12.2/TASK12.2/task12_2_ws/install/pid_interfaces/share/pid_interfaces/package.dsv
[8.156s] -- Symlinking: /home/masa/TASK_12.2/TASK12.2/task12_2_ws/install/pid_interfaces/share/ament_index/resource_index/packages/pid_interfaces
[8.162s] -- Symlinking: /home/masa/TASK_12.2/TASK12.2/task12_2_ws/install/pid_interfaces/share/pid_interfaces/cmake/rosidl_cmake-extras.cmake
[8.168s] -- Symlinking: /home/masa/TASK_12.2/TASK12.2/task12_2_ws/install/pid_interfaces/share/pid_interfaces/cmake/ament_cmake_export_dependencies-extras.cmake
[8.174s] -- Symlinking: /home/masa/TASK_12.2/TASK12.2/task12_2_ws/install/pid_interfaces/share/pid_interfaces/cmake/ament_cmake_export_include_directories-extras.cmake
[8.180s] -- Symlinking: /home/masa/TASK_12.2/TASK12.2/task12_2_ws/install/pid_interfaces/share/pid_interfaces/cmake/ament_cmake_export_libraries-extras.cmake
[8.187s] -- Symlinking: /home/masa/TASK_12.2/TASK12.2/task12_2_ws/install/pid_interfaces/share/pid_interfaces/cmake/ament_cmake_export_targets-extras.cmake
[8.193s] -- Symlinking: /home/masa/TASK_12.2/TASK12.2/task12_2_ws/install/pid_interfaces/share/pid_interfaces/cmake/rosidl_cmake_export_typesupport_targets-extras.cmake
[8.199s] -- Symlinking: /home/masa/TASK_12.2/TASK12.2/task12_2_ws/install/pid_interfaces/share/pid_interfaces/cmake/rosidl_cmake_export_typesupport_libraries-extras.cmake
[8.204s] -- Symlinking: /home/masa/TASK_12.2/TASK12.2/task12_2_ws/install/pid_interfaces/share/pid_interfaces/cmake/rosidl_cmake_aggregate_target-extras.cmake
[8.210s] -- Symlinking: /home/masa/TASK_12.2/TASK12.2/task12_2_ws/install/pid_interfaces/share/pid_interfaces/cmake/pid_interfacesConfig.cmake
[8.216s] -- Symlinking: /home/masa/TASK_12.2/TASK12.2/task12_2_ws/install/pid_interfaces/share/pid_interfaces/cmake/pid_interfacesConfig-version.cmake
[8.224s] -- Symlinking: /home/masa/TASK_12.2/TASK12.2/task12_2_ws/install/pid_interfaces/share/pid_interfaces/package.xml
[8.230s] -- Installing: /home/masa/TASK_12.2/TASK12.2/task12_2_ws/install/pid_interfaces/lib/libpid_interfaces__rosidl_generator_c.so
[8.231s] -- Set non-toolchain portion of runtime path of "/home/masa/TASK_12.2/TASK12.2/task12_2_ws/install/pid_interfaces/lib/libpid_interfaces__rosidl_generator_c.so" to ""
[8.231s] -- Installing: /home/masa/TASK_12.2/TASK12.2/task12_2_ws/install/pid_interfaces/lib/libpid_interfaces__rosidl_typesupport_fastrtps_c.so
[8.231s] -- Set non-toolchain portion of runtime path of "/home/masa/TASK_12.2/TASK12.2/task12_2_ws/install/pid_interfaces/lib/libpid_interfaces__rosidl_typesupport_fastrtps_c.so" to ""
[8.232s] -- Installing: /home/masa/TASK_12.2/TASK12.2/task12_2_ws/install/pid_interfaces/lib/libpid_interfaces__rosidl_typesupport_introspection_c.so
[8.232s] -- Set non-toolchain portion of runtime path of "/home/masa/TASK_12.2/TASK12.2/task12_2_ws/install/pid_interfaces/lib/libpid_interfaces__rosidl_typesupport_introspection_c.so" to ""
[8.232s] -- Installing: /home/masa/TASK_12.2/TASK12.2/task12_2_ws/install/pid_interfaces/lib/libpid_interfaces__rosidl_typesupport_c.so
[8.232s] -- Set non-toolchain portion of runtime path of "/home/masa/TASK_12.2/TASK12.2/task12_2_ws/install/pid_interfaces/lib/libpid_interfaces__rosidl_typesupport_c.so" to ""
[8.232s] -- Installing: /home/masa/TASK_12.2/TASK12.2/task12_2_ws/install/pid_interfaces/lib/libpid_interfaces__rosidl_typesupport_fastrtps_cpp.so
[8.233s] -- Set non-toolchain portion of runtime path of "/home/masa/TASK_12.2/TASK12.2/task12_2_ws/install/pid_interfaces/lib/libpid_interfaces__rosidl_typesupport_fastrtps_cpp.so" to ""
[8.233s] -- Installing: /home/masa/TASK_12.2/TASK12.2/task12_2_ws/install/pid_interfaces/lib/libpid_interfaces__rosidl_typesupport_introspection_cpp.so
[8.234s] -- Set non-toolchain portion of runtime path of "/home/masa/TASK_12.2/TASK12.2/task12_2_ws/install/pid_interfaces/lib/libpid_interfaces__rosidl_typesupport_introspection_cpp.so" to ""
[8.234s] -- Installing: /home/masa/TASK_12.2/TASK12.2/task12_2_ws/install/pid_interfaces/lib/libpid_interfaces__rosidl_typesupport_cpp.so
[8.234s] -- Set non-toolchain portion of runtime path of "/home/masa/TASK_12.2/TASK12.2/task12_2_ws/install/pid_interfaces/lib/libpid_interfaces__rosidl_typesupport_cpp.so" to ""
[8.276s] Listing '/home/masa/TASK_12.2/TASK12.2/task12_2_ws/install/pid_interfaces/lib/python3.12/site-packages/pid_interfaces'...
[8.276s] Compiling '/home/masa/TASK_12.2/TASK12.2/task12_2_ws/install/pid_interfaces/lib/python3.12/site-packages/pid_interfaces/__init__.py'...
[8.276s] Listing '/home/masa/TASK_12.2/TASK12.2/task12_2_ws/install/pid_interfaces/lib/python3.12/site-packages/pid_interfaces/action'...
[8.276s] Compiling '/home/masa/TASK_12.2/TASK12.2/task12_2_ws/install/pid_interfaces/lib/python3.12/site-packages/pid_interfaces/action/__init__.py'...
[8.276s] Compiling '/home/masa/TASK_12.2/TASK12.2/task12_2_ws/install/pid_interfaces/lib/python3.12/site-packages/pid_interfaces/action/_linear_pid.py'...
[8.276s] Compiling '/home/masa/TASK_12.2/TASK12.2/task12_2_ws/install/pid_interfaces/lib/python3.12/site-packages/pid_interfaces/action/_yaw_pid.py'...
[8.280s] -- Installing: /home/masa/TASK_12.2/TASK12.2/task12_2_ws/install/pid_interfaces/lib/libpid_interfaces__rosidl_generator_py.so
[8.280s] -- Set non-toolchain portion of runtime path of "/home/masa/TASK_12.2/TASK12.2/task12_2_ws/install/pid_interfaces/lib/libpid_interfaces__rosidl_generator_py.so" to ""
[8.280s] -- Installing: /home/masa/TASK_12.2/TASK12.2/task12_2_ws/install/pid_interfaces/share/pid_interfaces/cmake/export_pid_interfaces__rosidl_generator_cExport.cmake
[8.281s] -- Installing: /home/masa/TASK_12.2/TASK12.2/task12_2_ws/install/pid_interfaces/share/pid_interfaces/cmake/export_pid_interfaces__rosidl_generator_cExport-noconfig.cmake
[8.281s] -- Installing: /home/masa/TASK_12.2/TASK12.2/task12_2_ws/install/pid_interfaces/share/pid_interfaces/cmake/export_pid_interfaces__rosidl_typesupport_fastrtps_cExport.cmake
[8.281s] -- Installing: /home/masa/TASK_12.2/TASK12.2/task12_2_ws/install/pid_interfaces/share/pid_interfaces/cmake/export_pid_interfaces__rosidl_typesupport_fastrtps_cExport-noconfig.cmake
[8.281s] -- Installing: /home/masa/TASK_12.2/TASK12.2/task12_2_ws/install/pid_interfaces/share/pid_interfaces/cmake/pid_interfaces__rosidl_typesupport_introspection_cExport.cmake
[8.281s] -- Installing: /home/masa/TASK_12.2/TASK12.2/task12_2_ws/install/pid_interfaces/share/pid_interfaces/cmake/pid_interfaces__rosidl_typesupport_introspection_cExport-noconfig.cmake
[8.281s] -- Installing: /home/masa/TASK_12.2/TASK12.2/task12_2_ws/install/pid_interfaces/share/pid_interfaces/cmake/pid_interfaces__rosidl_typesupport_cExport.cmake
[8.281s] -- Installing: /home/masa/TASK_12.2/TASK12.2/task12_2_ws/install/pid_interfaces/share/pid_interfaces/cmake/pid_interfaces__rosidl_typesupport_cExport-noconfig.cmake
[8.281s] -- Installing: /home/masa/TASK_12.2/TASK12.2/task12_2_ws/install/pid_interfaces/share/pid_interfaces/cmake/export_pid_interfaces__rosidl_generator_cppExport.cmake
[8.282s] -- Installing: /home/masa/TASK_12.2/TASK12.2/task12_2_ws/install/pid_interfaces/share/pid_interfaces/cmake/export_pid_interfaces__rosidl_typesupport_fastrtps_cppExport.cmake
[8.282s] -- Installing: /home/masa/TASK_12.2/TASK12.2/task12_2_ws/install/pid_interfaces/share/pid_interfaces/cmake/export_pid_interfaces__rosidl_typesupport_fastrtps_cppExport-noconfig.cmake
[8.282s] -- Installing: /home/masa/TASK_12.2/TASK12.2/task12_2_ws/install/pid_interfaces/share/pid_interfaces/cmake/pid_interfaces__rosidl_typesupport_introspection_cppExport.cmake
[8.282s] -- Installing: /home/masa/TASK_12.2/TASK12.2/task12_2_ws/install/pid_interfaces/share/pid_interfaces/cmake/pid_interfaces__rosidl_typesupport_introspection_cppExport-noconfig.cmake
[8.282s] -- Installing: /home/masa/TASK_12.2/TASK12.2/task12_2_ws/install/pid_interfaces/share/pid_interfaces/cmake/pid_interfaces__rosidl_typesupport_cppExport.cmake
[8.282s] -- Installing: /home/masa/TASK_12.2/TASK12.2/task12_2_ws/install/pid_interfaces/share/pid_interfaces/cmake/pid_interfaces__rosidl_typesupport_cppExport-noconfig.cmake
[8.282s] -- Installing: /home/masa/TASK_12.2/TASK12.2/task12_2_ws/install/pid_interfaces/share/pid_interfaces/cmake/export_pid_interfaces__rosidl_generator_pyExport.cmake
[8.283s] -- Installing: /home/masa/TASK_12.2/TASK12.2/task12_2_ws/install/pid_interfaces/share/pid_interfaces/cmake/export_pid_interfaces__rosidl_generator_pyExport-noconfig.cmake
[8.285s] Invoked command in '/home/masa/TASK_12.2/TASK12.2/task12_2_ws/build/pid_interfaces' returned '0': CMAKE_PREFIX_PATH=${CMAKE_PREFIX_PATH}:/home/masa/TASK_12.2/TASK12.2/task12_2_ws/install/pid_turtlebot:/home/masa/TASK_12.2/TASK12.2/task12_2_ws/install/maze_control:/opt/ros/jazzy DEBUGINFOD_URLS=https://debuginfod.ubuntu.com /usr/bin/cmake --install /home/masa/TASK_12.2/TASK12.2/task12_2_ws/build/pid_interfaces
