running egg_info
writing ../../build/pid_turtlebot/pid_turtlebot.egg-info/PKG-INFO
writing dependency_links to ../../build/pid_turtlebot/pid_turtlebot.egg-info/dependency_links.txt
writing entry points to ../../build/pid_turtlebot/pid_turtlebot.egg-info/entry_points.txt
writing requirements to ../../build/pid_turtlebot/pid_turtlebot.egg-info/requires.txt
writing top-level names to ../../build/pid_turtlebot/pid_turtlebot.egg-info/top_level.txt
reading manifest file '../../build/pid_turtlebot/pid_turtlebot.egg-info/SOURCES.txt'
writing manifest file '../../build/pid_turtlebot/pid_turtlebot.egg-info/SOURCES.txt'
running build
running build_py
running install
running install_lib
running install_data
running install_egg_info
removing '/home/masa/TASK_12.2/TASK12.2/task12_2_ws/install/pid_turtlebot/lib/python3.12/site-packages/pid_turtlebot-0.0.0-py3.12.egg-info' (and everything under it)
Copying ../../build/pid_turtlebot/pid_turtlebot.egg-info to /home/masa/TASK_12.2/TASK12.2/task12_2_ws/install/pid_turtlebot/lib/python3.12/site-packages/pid_turtlebot-0.0.0-py3.12.egg-info
running install_scripts
Installing heading_pid script to /home/masa/TASK_12.2/TASK12.2/task12_2_ws/install/pid_turtlebot/lib/pid_turtlebot
Installing linear_pid script to /home/masa/TASK_12.2/TASK12.2/task12_2_ws/install/pid_turtlebot/lib/pid_turtlebot
Installing solve_maze script to /home/masa/TASK_12.2/TASK12.2/task12_2_ws/install/pid_turtlebot/lib/pid_turtlebot
Installing yaw_pid script to /home/masa/TASK_12.2/TASK12.2/task12_2_ws/install/pid_turtlebot/lib/pid_turtlebot
writing list of installed files to '/home/masa/TASK_12.2/TASK12.2/task12_2_ws/build/pid_turtlebot/install.log'
