[1.512s] Invoking command in '/home/masa/TASK_12.2/TASK12.2/task12_2_ws/src/pid_turtlebot': DEBUGINFOD_URLS=https://debuginfod.ubuntu.com PYTHONPATH=/home/masa/TASK_12.2/TASK12.2/task12_2_ws/build/pid_turtlebot/prefix_override:/usr/lib/python3/dist-packages/colcon_core/task/python/colcon_distutils_commands:/home/masa/TASK_12.2/TASK12.2/task12_2_ws/install/pid_turtlebot/lib/python3.12/site-packages:${PYTHONPATH} /usr/bin/python3 -W ignore:setup.py install is deprecated -W ignore:easy_install command is deprecated setup.py egg_info --egg-base ../../build/pid_turtlebot build --build-base /home/masa/TASK_12.2/TASK12.2/task12_2_ws/build/pid_turtlebot/build install --record /home/masa/TASK_12.2/TASK12.2/task12_2_ws/build/pid_turtlebot/install.log --install-scripts $base/lib/pid_turtlebot --single-version-externally-managed install_data
[1.847s] running egg_info
[1.867s] writing ../../build/pid_turtlebot/pid_turtlebot.egg-info/PKG-INFO
[1.868s] writing dependency_links to ../../build/pid_turtlebot/pid_turtlebot.egg-info/dependency_links.txt
[1.868s] writing entry points to ../../build/pid_turtlebot/pid_turtlebot.egg-info/entry_points.txt
[1.868s] writing requirements to ../../build/pid_turtlebot/pid_turtlebot.egg-info/requires.txt
[1.868s] writing top-level names to ../../build/pid_turtlebot/pid_turtlebot.egg-info/top_level.txt
[1.917s] reading manifest file '../../build/pid_turtlebot/pid_turtlebot.egg-info/SOURCES.txt'
[1.918s] writing manifest file '../../build/pid_turtlebot/pid_turtlebot.egg-info/SOURCES.txt'
[1.918s] running build
[1.918s] running build_py
[1.919s] running install
[1.926s] running install_lib
[1.951s] running install_data
[1.951s] running install_egg_info
[1.974s] removing '/home/masa/TASK_12.2/TASK12.2/task12_2_ws/install/pid_turtlebot/lib/python3.12/site-packages/pid_turtlebot-0.0.0-py3.12.egg-info' (and everything under it)
[1.975s] Copying ../../build/pid_turtlebot/pid_turtlebot.egg-info to /home/masa/TASK_12.2/TASK12.2/task12_2_ws/install/pid_turtlebot/lib/python3.12/site-packages/pid_turtlebot-0.0.0-py3.12.egg-info
[1.976s] running install_scripts
[2.122s] Installing heading_pid script to /home/masa/TASK_12.2/TASK12.2/task12_2_ws/install/pid_turtlebot/lib/pid_turtlebot
[2.123s] Installing linear_pid script to /home/masa/TASK_12.2/TASK12.2/task12_2_ws/install/pid_turtlebot/lib/pid_turtlebot
[2.123s] Installing solve_maze script to /home/masa/TASK_12.2/TASK12.2/task12_2_ws/install/pid_turtlebot/lib/pid_turtlebot
[2.123s] Installing yaw_pid script to /home/masa/TASK_12.2/TASK12.2/task12_2_ws/install/pid_turtlebot/lib/pid_turtlebot
[2.123s] writing list of installed files to '/home/masa/TASK_12.2/TASK12.2/task12_2_ws/build/pid_turtlebot/install.log'
[2.154s] Invoked command in '/home/masa/TASK_12.2/TASK12.2/task12_2_ws/src/pid_turtlebot' returned '0': DEBUGINFOD_URLS=https://debuginfod.ubuntu.com PYTHONPATH=/home/masa/TASK_12.2/TASK12.2/task12_2_ws/build/pid_turtlebot/prefix_override:/usr/lib/python3/dist-packages/colcon_core/task/python/colcon_distutils_commands:/home/masa/TASK_12.2/TASK12.2/task12_2_ws/install/pid_turtlebot/lib/python3.12/site-packages:${PYTHONPATH} /usr/bin/python3 -W ignore:setup.py install is deprecated -W ignore:easy_install command is deprecated setup.py egg_info --egg-base ../../build/pid_turtlebot build --build-base /home/masa/TASK_12.2/TASK12.2/task12_2_ws/build/pid_turtlebot/build install --record /home/masa/TASK_12.2/TASK12.2/task12_2_ws/build/pid_turtlebot/install.log --install-scripts $base/lib/pid_turtlebot --single-version-externally-managed install_data
