[0.586s] DEBUG:colcon:Command line arguments: ['/usr/bin/colcon', 'build', '--symlink-install', '--packages-select', 'pid_turtlebot']
[0.587s] DEBUG:colcon:Parsed command line arguments: Namespace(log_base=None, log_level=None, verb_name='build', build_base='build', install_base='install', merge_install=False, symlink_install=True, test_result_base=None, continue_on_error=False, executor='parallel', parallel_workers=8, event_handlers=None, ignore_user_meta=False, metas=['./colcon.meta'], base_paths=['.'], packages_ignore=None, packages_ignore_regex=None, paths=None, packages_up_to=None, packages_up_to_regex=None, packages_above=None, packages_above_and_dependencies=None, packages_above_depth=None, packages_select_by_dep=None, packages_skip_by_dep=None, packages_skip_up_to=None, packages_select_build_failed=False, packages_skip_build_finished=False, packages_select_test_failures=False, packages_skip_test_passed=False, packages_select=['pid_turtlebot'], packages_skip=None, packages_select_regex=None, packages_skip_regex=None, packages_start=None, packages_end=None, allow_overriding=[], cmake_args=None, cmake_target=None, cmake_target_skip_unavailable=False, cmake_clean_cache=False, cmake_clean_first=False, cmake_force_configure=False, ament_cmake_args=None, catkin_cmake_args=None, catkin_skip_building_tests=False, mixin_files=None, mixin=None, verb_parser=<colcon_mixin.mixin.mixin_argument.MixinArgumentDecorator object at 0x7022734ba5d0>, verb_extension=<colcon_core.verb.build.BuildVerb object at 0x7022734b8560>, main=<bound method BuildVerb.main of <colcon_core.verb.build.BuildVerb object at 0x7022734b8560>>, mixin_verb=('build',))
[0.795s] Level 1:colcon.colcon_core.package_discovery:discover_packages(colcon_meta) check parameters
[0.795s] Level 1:colcon.colcon_core.package_discovery:discover_packages(recursive) check parameters
[0.795s] Level 1:colcon.colcon_core.package_discovery:discover_packages(ignore) check parameters
[0.795s] Level 1:colcon.colcon_core.package_discovery:discover_packages(path) check parameters
[0.796s] Level 1:colcon.colcon_core.package_discovery:discover_packages(colcon_meta) discover
[0.796s] Level 1:colcon.colcon_core.package_discovery:discover_packages(recursive) discover
[0.796s] INFO:colcon.colcon_core.package_discovery:Crawling recursively for packages in '/home/masa/TASK_12.2/TASK12.2/task12_2_ws'
[0.796s] Level 1:colcon.colcon_core.package_identification:_identify(.) by extensions ['ignore', 'ignore_ament_install']
[0.797s] Level 1:colcon.colcon_core.package_identification:_identify(.) by extension 'ignore'
[0.797s] Level 1:colcon.colcon_core.package_identification:_identify(.) by extension 'ignore_ament_install'
[0.798s] Level 1:colcon.colcon_core.package_identification:_identify(.) by extensions ['colcon_pkg']
[0.798s] Level 1:colcon.colcon_core.package_identification:_identify(.) by extension 'colcon_pkg'
[0.798s] Level 1:colcon.colcon_core.package_identification:_identify(.) by extensions ['colcon_meta']
[0.798s] Level 1:colcon.colcon_core.package_identification:_identify(.) by extension 'colcon_meta'
[0.798s] Level 1:colcon.colcon_core.package_identification:_identify(.) by extensions ['ros']
[0.798s] Level 1:colcon.colcon_core.package_identification:_identify(.) by extension 'ros'
[0.935s] Level 1:colcon.colcon_core.package_identification:_identify(.) by extensions ['cmake', 'python']
[0.935s] Level 1:colcon.colcon_core.package_identification:_identify(.) by extension 'cmake'
[0.936s] Level 1:colcon.colcon_core.package_identification:_identify(.) by extension 'python'
[0.936s] Level 1:colcon.colcon_core.package_identification:_identify(.) by extensions ['python_setup_py']
[0.936s] Level 1:colcon.colcon_core.package_identification:_identify(.) by extension 'python_setup_py'
[0.937s] Level 1:colcon.colcon_core.package_identification:_identify(build) by extensions ['ignore', 'ignore_ament_install']
[0.938s] Level 1:colcon.colcon_core.package_identification:_identify(build) by extension 'ignore'
[0.938s] Level 1:colcon.colcon_core.package_identification:_identify(build) ignored
[0.939s] Level 1:colcon.colcon_core.package_identification:_identify(install) by extensions ['ignore', 'ignore_ament_install']
[0.940s] Level 1:colcon.colcon_core.package_identification:_identify(install) by extension 'ignore'
[0.940s] Level 1:colcon.colcon_core.package_identification:_identify(install) ignored
[0.940s] Level 1:colcon.colcon_core.package_identification:_identify(log) by extensions ['ignore', 'ignore_ament_install']
[0.941s] Level 1:colcon.colcon_core.package_identification:_identify(log) by extension 'ignore'
[0.941s] Level 1:colcon.colcon_core.package_identification:_identify(log) ignored
[0.942s] Level 1:colcon.colcon_core.package_identification:_identify(src) by extensions ['ignore', 'ignore_ament_install']
[0.942s] Level 1:colcon.colcon_core.package_identification:_identify(src) by extension 'ignore'
[0.942s] Level 1:colcon.colcon_core.package_identification:_identify(src) by extension 'ignore_ament_install'
[0.943s] Level 1:colcon.colcon_core.package_identification:_identify(src) by extensions ['colcon_pkg']
[0.943s] Level 1:colcon.colcon_core.package_identification:_identify(src) by extension 'colcon_pkg'
[0.943s] Level 1:colcon.colcon_core.package_identification:_identify(src) by extensions ['colcon_meta']
[0.943s] Level 1:colcon.colcon_core.package_identification:_identify(src) by extension 'colcon_meta'
[0.943s] Level 1:colcon.colcon_core.package_identification:_identify(src) by extensions ['ros']
[0.943s] Level 1:colcon.colcon_core.package_identification:_identify(src) by extension 'ros'
[0.943s] Level 1:colcon.colcon_core.package_identification:_identify(src) by extensions ['cmake', 'python']
[0.944s] Level 1:colcon.colcon_core.package_identification:_identify(src) by extension 'cmake'
[0.944s] Level 1:colcon.colcon_core.package_identification:_identify(src) by extension 'python'
[0.944s] Level 1:colcon.colcon_core.package_identification:_identify(src) by extensions ['python_setup_py']
[0.944s] Level 1:colcon.colcon_core.package_identification:_identify(src) by extension 'python_setup_py'
[0.944s] Level 1:colcon.colcon_core.package_identification:_identify(src/MIA26_phase2_ros_contest) by extensions ['ignore', 'ignore_ament_install']
[0.944s] Level 1:colcon.colcon_core.package_identification:_identify(src/MIA26_phase2_ros_contest) by extension 'ignore'
[0.944s] Level 1:colcon.colcon_core.package_identification:_identify(src/MIA26_phase2_ros_contest) by extension 'ignore_ament_install'
[0.944s] Level 1:colcon.colcon_core.package_identification:_identify(src/MIA26_phase2_ros_contest) by extensions ['colcon_pkg']
[0.945s] Level 1:colcon.colcon_core.package_identification:_identify(src/MIA26_phase2_ros_contest) by extension 'colcon_pkg'
[0.945s] Level 1:colcon.colcon_core.package_identification:_identify(src/MIA26_phase2_ros_contest) by extensions ['colcon_meta']
[0.945s] Level 1:colcon.colcon_core.package_identification:_identify(src/MIA26_phase2_ros_contest) by extension 'colcon_meta'
[0.945s] Level 1:colcon.colcon_core.package_identification:_identify(src/MIA26_phase2_ros_contest) by extensions ['ros']
[0.945s] Level 1:colcon.colcon_core.package_identification:_identify(src/MIA26_phase2_ros_contest) by extension 'ros'
[0.946s] Level 1:colcon.colcon_core.package_identification:_identify(src/MIA26_phase2_ros_contest) by extensions ['cmake', 'python']
[0.946s] Level 1:colcon.colcon_core.package_identification:_identify(src/MIA26_phase2_ros_contest) by extension 'cmake'
[0.946s] Level 1:colcon.colcon_core.package_identification:_identify(src/MIA26_phase2_ros_contest) by extension 'python'
[0.946s] Level 1:colcon.colcon_core.package_identification:_identify(src/MIA26_phase2_ros_contest) by extensions ['python_setup_py']
[0.946s] Level 1:colcon.colcon_core.package_identification:_identify(src/MIA26_phase2_ros_contest) by extension 'python_setup_py'
[0.947s] Level 1:colcon.colcon_core.package_identification:_identify(src/MIA26_phase2_ros_contest/assets) by extensions ['ignore', 'ignore_ament_install']
[0.947s] Level 1:colcon.colcon_core.package_identification:_identify(src/MIA26_phase2_ros_contest/assets) by extension 'ignore'
[0.947s] Level 1:colcon.colcon_core.package_identification:_identify(src/MIA26_phase2_ros_contest/assets) by extension 'ignore_ament_install'
[0.947s] Level 1:colcon.colcon_core.package_identification:_identify(src/MIA26_phase2_ros_contest/assets) by extensions ['colcon_pkg']
[0.947s] Level 1:colcon.colcon_core.package_identification:_identify(src/MIA26_phase2_ros_contest/assets) by extension 'colcon_pkg'
[0.947s] Level 1:colcon.colcon_core.package_identification:_identify(src/MIA26_phase2_ros_contest/assets) by extensions ['colcon_meta']
[0.947s] Level 1:colcon.colcon_core.package_identification:_identify(src/MIA26_phase2_ros_contest/assets) by extension 'colcon_meta'
[0.948s] Level 1:colcon.colcon_core.package_identification:_identify(src/MIA26_phase2_ros_contest/assets) by extensions ['ros']
[0.948s] Level 1:colcon.colcon_core.package_identification:_identify(src/MIA26_phase2_ros_contest/assets) by extension 'ros'
[0.948s] Level 1:colcon.colcon_core.package_identification:_identify(src/MIA26_phase2_ros_contest/assets) by extensions ['cmake', 'python']
[0.948s] Level 1:colcon.colcon_core.package_identification:_identify(src/MIA26_phase2_ros_contest/assets) by extension 'cmake'
[0.948s] Level 1:colcon.colcon_core.package_identification:_identify(src/MIA26_phase2_ros_contest/assets) by extension 'python'
[0.948s] Level 1:colcon.colcon_core.package_identification:_identify(src/MIA26_phase2_ros_contest/assets) by extensions ['python_setup_py']
[0.948s] Level 1:colcon.colcon_core.package_identification:_identify(src/MIA26_phase2_ros_contest/assets) by extension 'python_setup_py'
[0.949s] Level 1:colcon.colcon_core.package_identification:_identify(src/MIA26_phase2_ros_contest/maze_control) by extensions ['ignore', 'ignore_ament_install']
[0.949s] Level 1:colcon.colcon_core.package_identification:_identify(src/MIA26_phase2_ros_contest/maze_control) by extension 'ignore'
[0.949s] Level 1:colcon.colcon_core.package_identification:_identify(src/MIA26_phase2_ros_contest/maze_control) by extension 'ignore_ament_install'
[0.950s] Level 1:colcon.colcon_core.package_identification:_identify(src/MIA26_phase2_ros_contest/maze_control) by extensions ['colcon_pkg']
[0.950s] Level 1:colcon.colcon_core.package_identification:_identify(src/MIA26_phase2_ros_contest/maze_control) by extension 'colcon_pkg'
[0.950s] Level 1:colcon.colcon_core.package_identification:_identify(src/MIA26_phase2_ros_contest/maze_control) by extensions ['colcon_meta']
[0.950s] Level 1:colcon.colcon_core.package_identification:_identify(src/MIA26_phase2_ros_contest/maze_control) by extension 'colcon_meta'
[0.951s] Level 1:colcon.colcon_core.package_identification:_identify(src/MIA26_phase2_ros_contest/maze_control) by extensions ['ros']
[0.951s] Level 1:colcon.colcon_core.package_identification:_identify(src/MIA26_phase2_ros_contest/maze_control) by extension 'ros'
[0.964s] DEBUG:colcon.colcon_core.package_identification:Package 'src/MIA26_phase2_ros_contest/maze_control' with type 'ros.ament_python' and name 'maze_control'
[0.965s] Level 1:colcon.colcon_core.package_identification:_identify(src/pid_interfaces) by extensions ['ignore', 'ignore_ament_install']
[0.966s] Level 1:colcon.colcon_core.package_identification:_identify(src/pid_interfaces) by extension 'ignore'
[0.966s] Level 1:colcon.colcon_core.package_identification:_identify(src/pid_interfaces) by extension 'ignore_ament_install'
[0.967s] Level 1:colcon.colcon_core.package_identification:_identify(src/pid_interfaces) by extensions ['colcon_pkg']
[0.967s] Level 1:colcon.colcon_core.package_identification:_identify(src/pid_interfaces) by extension 'colcon_pkg'
[0.967s] Level 1:colcon.colcon_core.package_identification:_identify(src/pid_interfaces) by extensions ['colcon_meta']
[0.967s] Level 1:colcon.colcon_core.package_identification:_identify(src/pid_interfaces) by extension 'colcon_meta'
[0.967s] Level 1:colcon.colcon_core.package_identification:_identify(src/pid_interfaces) by extensions ['ros']
[0.967s] Level 1:colcon.colcon_core.package_identification:_identify(src/pid_interfaces) by extension 'ros'
[0.970s] DEBUG:colcon.colcon_core.package_identification:Package 'src/pid_interfaces' with type 'ros.ament_cmake' and name 'pid_interfaces'
[0.970s] Level 1:colcon.colcon_core.package_identification:_identify(src/pid_turtlebot) by extensions ['ignore', 'ignore_ament_install']
[0.971s] Level 1:colcon.colcon_core.package_identification:_identify(src/pid_turtlebot) by extension 'ignore'
[0.971s] Level 1:colcon.colcon_core.package_identification:_identify(src/pid_turtlebot) by extension 'ignore_ament_install'
[0.971s] Level 1:colcon.colcon_core.package_identification:_identify(src/pid_turtlebot) by extensions ['colcon_pkg']
[0.971s] Level 1:colcon.colcon_core.package_identification:_identify(src/pid_turtlebot) by extension 'colcon_pkg'
[0.971s] Level 1:colcon.colcon_core.package_identification:_identify(src/pid_turtlebot) by extensions ['colcon_meta']
[0.972s] Level 1:colcon.colcon_core.package_identification:_identify(src/pid_turtlebot) by extension 'colcon_meta'
[0.972s] Level 1:colcon.colcon_core.package_identification:_identify(src/pid_turtlebot) by extensions ['ros']
[0.972s] Level 1:colcon.colcon_core.package_identification:_identify(src/pid_turtlebot) by extension 'ros'
[0.975s] DEBUG:colcon.colcon_core.package_identification:Package 'src/pid_turtlebot' with type 'ros.ament_python' and name 'pid_turtlebot'
[0.976s] Level 1:colcon.colcon_core.package_discovery:discover_packages(recursive) using defaults
[0.976s] Level 1:colcon.colcon_core.package_discovery:discover_packages(ignore) discover
[0.976s] Level 1:colcon.colcon_core.package_discovery:discover_packages(ignore) using defaults
[0.976s] Level 1:colcon.colcon_core.package_discovery:discover_packages(path) discover
[0.976s] Level 1:colcon.colcon_core.package_discovery:discover_packages(path) using defaults
[1.069s] INFO:colcon.colcon_core.package_selection:Skipping not selected package 'maze_control' in 'src/MIA26_phase2_ros_contest/maze_control'
[1.069s] INFO:colcon.colcon_core.package_selection:Skipping not selected package 'pid_interfaces' in 'src/pid_interfaces'
[1.072s] Level 1:colcon.colcon_core.package_discovery:discover_packages(prefix_path) check parameters
[1.073s] Level 1:colcon.colcon_core.package_discovery:discover_packages(prefix_path) discover
[1.084s] DEBUG:colcon.colcon_installed_package_information.package_discovery:Found 3 installed packages in /home/masa/TASK_12.2/TASK12.2/task12_2_ws/install
[1.093s] DEBUG:colcon.colcon_installed_package_information.package_discovery:Found 440 installed packages in /opt/ros/jazzy
[1.105s] Level 1:colcon.colcon_core.package_discovery:discover_packages(prefix_path) using defaults
[1.388s] Level 5:colcon.colcon_core.verb:set package 'pid_turtlebot' build argument 'cmake_args' from command line to 'None'
[1.389s] Level 5:colcon.colcon_core.verb:set package 'pid_turtlebot' build argument 'cmake_target' from command line to 'None'
[1.389s] Level 5:colcon.colcon_core.verb:set package 'pid_turtlebot' build argument 'cmake_target_skip_unavailable' from command line to 'False'
[1.389s] Level 5:colcon.colcon_core.verb:set package 'pid_turtlebot' build argument 'cmake_clean_cache' from command line to 'False'
[1.390s] Level 5:colcon.colcon_core.verb:set package 'pid_turtlebot' build argument 'cmake_clean_first' from command line to 'False'
[1.390s] Level 5:colcon.colcon_core.verb:set package 'pid_turtlebot' build argument 'cmake_force_configure' from command line to 'False'
[1.390s] Level 5:colcon.colcon_core.verb:set package 'pid_turtlebot' build argument 'ament_cmake_args' from command line to 'None'
[1.391s] Level 5:colcon.colcon_core.verb:set package 'pid_turtlebot' build argument 'catkin_cmake_args' from command line to 'None'
[1.391s] Level 5:colcon.colcon_core.verb:set package 'pid_turtlebot' build argument 'catkin_skip_building_tests' from command line to 'False'
[1.391s] DEBUG:colcon.colcon_core.verb:Building package 'pid_turtlebot' with the following arguments: {'ament_cmake_args': None, 'build_base': '/home/masa/TASK_12.2/TASK12.2/task12_2_ws/build/pid_turtlebot', 'catkin_cmake_args': None, 'catkin_skip_building_tests': False, 'cmake_args': None, 'cmake_clean_cache': False, 'cmake_clean_first': False, 'cmake_force_configure': False, 'cmake_target': None, 'cmake_target_skip_unavailable': False, 'install_base': '/home/masa/TASK_12.2/TASK12.2/task12_2_ws/install/pid_turtlebot', 'merge_install': False, 'path': '/home/masa/TASK_12.2/TASK12.2/task12_2_ws/src/pid_turtlebot', 'symlink_install': True, 'test_result_base': None}
[1.392s] INFO:colcon.colcon_core.executor:Executing jobs using 'parallel' executor
[1.395s] DEBUG:colcon.colcon_parallel_executor.executor.parallel:run_until_complete
[1.395s] INFO:colcon.colcon_ros.task.ament_python.build:Building ROS package in '/home/masa/TASK_12.2/TASK12.2/task12_2_ws/src/pid_turtlebot' with build type 'ament_python'
[1.398s] Level 1:colcon.colcon_core.shell:create_environment_hook('pid_turtlebot', 'ament_prefix_path')
[1.407s] INFO:colcon.colcon_core.plugin_system:Skipping extension 'colcon_core.shell.bat': Not used on non-Windows systems
[1.408s] INFO:colcon.colcon_core.shell:Creating environment hook '/home/masa/TASK_12.2/TASK12.2/task12_2_ws/install/pid_turtlebot/share/pid_turtlebot/hook/ament_prefix_path.ps1'
[1.410s] INFO:colcon.colcon_core.shell:Creating environment descriptor '/home/masa/TASK_12.2/TASK12.2/task12_2_ws/install/pid_turtlebot/share/pid_turtlebot/hook/ament_prefix_path.dsv'
[1.411s] INFO:colcon.colcon_core.shell:Creating environment hook '/home/masa/TASK_12.2/TASK12.2/task12_2_ws/install/pid_turtlebot/share/pid_turtlebot/hook/ament_prefix_path.sh'
[1.413s] INFO:colcon.colcon_core.shell:Skip shell extension 'powershell' for command environment: Not usable outside of PowerShell
[1.414s] DEBUG:colcon.colcon_core.shell:Skip shell extension 'dsv' for command environment
[2.680s] INFO:colcon.colcon_core.task.python.build:Building Python package in '/home/masa/TASK_12.2/TASK12.2/task12_2_ws/src/pid_turtlebot'
[2.681s] INFO:colcon.colcon_core.shell:Skip shell extension 'powershell' for command environment: Not usable outside of PowerShell
[2.681s] DEBUG:colcon.colcon_core.shell:Skip shell extension 'dsv' for command environment
[6.052s] DEBUG:colcon.colcon_core.task.python.build:Available setuptools commands: install_egg_info, alias, extract_messages, bdist_wheel, bdist, sdist, bdist_dumb, test, build_clib, upload_docs, build, clean, saveopts, init_catalog, update_catalog, check, install_data, register, install_scripts, upload, editable_wheel, symlink_data, install_lib, dist_info, develop, build_py, build_ext, setopt, install, egg_info, rotate, install_headers, easy_install, build_scripts, bdist_rpm, bdist_egg, compile_catalog
[7.978s] DEBUG:colcon.colcon_core.task.python.build:Available setuptools 'develop' options: --exclude-scripts, --verbose, --record, --install-layout, --force-installation-into-system-dir, --always-unzip, --site-dirs, --install-dir, --egg-path, --always-copy, --help, --upgrade, --optimize, --user, --prefix, --multi-version, --index-url, --zip-ok, --find-links, --no-find-links, --build-directory, --no-user-cfg, --local-snapshots-ok, --no-deps, --allow-hosts, --uninstall, --editable, --dry-run, --quiet, --script-dir, --version
[7.997s] DEBUG:colcon.colcon_core.event_handler.log_command:Invoking command in '/home/masa/TASK_12.2/TASK12.2/task12_2_ws/build/pid_turtlebot': DEBUGINFOD_URLS=https://debuginfod.ubuntu.com PYTHONPATH=/home/masa/TASK_12.2/TASK12.2/task12_2_ws/build/pid_turtlebot/prefix_override:/usr/lib/python3/dist-packages/colcon_core/task/python/colcon_distutils_commands:/home/masa/TASK_12.2/TASK12.2/task12_2_ws/install/pid_turtlebot/lib/python3.12/site-packages:${PYTHONPATH} /usr/bin/python3 -W ignore:setup.py install is deprecated -W ignore:easy_install command is deprecated setup.py develop --editable --build-directory /home/masa/TASK_12.2/TASK12.2/task12_2_ws/build/pid_turtlebot/build --no-deps symlink_data
[11.626s] Level 1:colcon.colcon_core.shell:create_environment_hook('pid_turtlebot', 'pythonpath_develop')
[11.627s] INFO:colcon.colcon_core.shell:Creating environment hook '/home/masa/TASK_12.2/TASK12.2/task12_2_ws/build/pid_turtlebot/share/pid_turtlebot/hook/pythonpath_develop.ps1'
[11.628s] DEBUG:colcon.colcon_core.event_handler.log_command:Invoked command in '/home/masa/TASK_12.2/TASK12.2/task12_2_ws/build/pid_turtlebot' returned '0': DEBUGINFOD_URLS=https://debuginfod.ubuntu.com PYTHONPATH=/home/masa/TASK_12.2/TASK12.2/task12_2_ws/build/pid_turtlebot/prefix_override:/usr/lib/python3/dist-packages/colcon_core/task/python/colcon_distutils_commands:/home/masa/TASK_12.2/TASK12.2/task12_2_ws/install/pid_turtlebot/lib/python3.12/site-packages:${PYTHONPATH} /usr/bin/python3 -W ignore:setup.py install is deprecated -W ignore:easy_install command is deprecated setup.py develop --editable --build-directory /home/masa/TASK_12.2/TASK12.2/task12_2_ws/build/pid_turtlebot/build --no-deps symlink_data
[11.630s] INFO:colcon.colcon_core.shell:Creating environment descriptor '/home/masa/TASK_12.2/TASK12.2/task12_2_ws/build/pid_turtlebot/share/pid_turtlebot/hook/pythonpath_develop.dsv'
[11.632s] INFO:colcon.colcon_core.shell:Creating environment hook '/home/masa/TASK_12.2/TASK12.2/task12_2_ws/build/pid_turtlebot/share/pid_turtlebot/hook/pythonpath_develop.sh'
[11.645s] Level 1:colcon.colcon_core.environment:checking '/home/masa/TASK_12.2/TASK12.2/task12_2_ws/install/pid_turtlebot' for CMake module files
[11.650s] Level 1:colcon.colcon_core.environment:checking '/home/masa/TASK_12.2/TASK12.2/task12_2_ws/install/pid_turtlebot' for CMake config files
[11.654s] Level 1:colcon.colcon_core.environment:checking '/home/masa/TASK_12.2/TASK12.2/task12_2_ws/install/pid_turtlebot/lib'
[11.655s] Level 1:colcon.colcon_core.environment:checking '/home/masa/TASK_12.2/TASK12.2/task12_2_ws/install/pid_turtlebot/bin'
[11.655s] Level 1:colcon.colcon_core.environment:checking '/home/masa/TASK_12.2/TASK12.2/task12_2_ws/install/pid_turtlebot/lib/pkgconfig/pid_turtlebot.pc'
[11.657s] Level 1:colcon.colcon_core.environment:checking '/home/masa/TASK_12.2/TASK12.2/task12_2_ws/install/pid_turtlebot/lib/python3.12/site-packages'
[11.657s] Level 1:colcon.colcon_core.shell:create_environment_hook('pid_turtlebot', 'pythonpath')
[11.658s] INFO:colcon.colcon_core.shell:Creating environment hook '/home/masa/TASK_12.2/TASK12.2/task12_2_ws/install/pid_turtlebot/share/pid_turtlebot/hook/pythonpath.ps1'
[11.659s] INFO:colcon.colcon_core.shell:Creating environment descriptor '/home/masa/TASK_12.2/TASK12.2/task12_2_ws/install/pid_turtlebot/share/pid_turtlebot/hook/pythonpath.dsv'
[11.660s] INFO:colcon.colcon_core.shell:Creating environment hook '/home/masa/TASK_12.2/TASK12.2/task12_2_ws/install/pid_turtlebot/share/pid_turtlebot/hook/pythonpath.sh'
[11.664s] Level 1:colcon.colcon_core.environment:checking '/home/masa/TASK_12.2/TASK12.2/task12_2_ws/install/pid_turtlebot/bin'
[11.665s] Level 1:colcon.colcon_core.environment:create_environment_scripts_only(pid_turtlebot)
[11.667s] INFO:colcon.colcon_core.shell:Creating package script '/home/masa/TASK_12.2/TASK12.2/task12_2_ws/install/pid_turtlebot/share/pid_turtlebot/package.ps1'
[11.674s] INFO:colcon.colcon_core.shell:Creating package descriptor '/home/masa/TASK_12.2/TASK12.2/task12_2_ws/install/pid_turtlebot/share/pid_turtlebot/package.dsv'
[11.677s] INFO:colcon.colcon_core.shell:Creating package script '/home/masa/TASK_12.2/TASK12.2/task12_2_ws/install/pid_turtlebot/share/pid_turtlebot/package.sh'
[11.681s] INFO:colcon.colcon_core.shell:Creating package script '/home/masa/TASK_12.2/TASK12.2/task12_2_ws/install/pid_turtlebot/share/pid_turtlebot/package.bash'
[11.685s] INFO:colcon.colcon_core.shell:Creating package script '/home/masa/TASK_12.2/TASK12.2/task12_2_ws/install/pid_turtlebot/share/pid_turtlebot/package.zsh'
[11.689s] Level 1:colcon.colcon_core.environment:create_file_with_runtime_dependencies(/home/masa/TASK_12.2/TASK12.2/task12_2_ws/install/pid_turtlebot/share/colcon-core/packages/pid_turtlebot)
[11.691s] DEBUG:colcon.colcon_parallel_executor.executor.parallel:closing loop
[11.693s] DEBUG:colcon.colcon_parallel_executor.executor.parallel:loop closed
[11.695s] DEBUG:colcon.colcon_parallel_executor.executor.parallel:run_until_complete finished with '0'
[11.701s] DEBUG:colcon.colcon_core.event_reactor:joining thread
[11.732s] INFO:colcon.colcon_core.plugin_system:Skipping extension 'colcon_notification.desktop_notification.terminal_notifier': Not used on non-Darwin systems
[11.732s] INFO:colcon.colcon_core.plugin_system:Skipping extension 'colcon_notification.desktop_notification.win32': Not used on non-Windows systems
[11.733s] INFO:colcon.colcon_notification.desktop_notification:Sending desktop notification using 'notify2'
[11.810s] DEBUG:colcon.colcon_core.event_reactor:joined thread
[11.811s] INFO:colcon.colcon_core.shell:Creating prefix script '/home/masa/TASK_12.2/TASK12.2/task12_2_ws/install/local_setup.ps1'
[11.818s] INFO:colcon.colcon_core.shell:Creating prefix util module '/home/masa/TASK_12.2/TASK12.2/task12_2_ws/install/_local_setup_util_ps1.py'
[11.830s] INFO:colcon.colcon_core.shell:Creating prefix chain script '/home/masa/TASK_12.2/TASK12.2/task12_2_ws/install/setup.ps1'
[11.843s] INFO:colcon.colcon_core.shell:Creating prefix script '/home/masa/TASK_12.2/TASK12.2/task12_2_ws/install/local_setup.sh'
[11.846s] INFO:colcon.colcon_core.shell:Creating prefix util module '/home/masa/TASK_12.2/TASK12.2/task12_2_ws/install/_local_setup_util_sh.py'
[11.849s] INFO:colcon.colcon_core.shell:Creating prefix chain script '/home/masa/TASK_12.2/TASK12.2/task12_2_ws/install/setup.sh'
[11.857s] INFO:colcon.colcon_core.shell:Creating prefix script '/home/masa/TASK_12.2/TASK12.2/task12_2_ws/install/local_setup.bash'
[11.863s] INFO:colcon.colcon_core.shell:Creating prefix chain script '/home/masa/TASK_12.2/TASK12.2/task12_2_ws/install/setup.bash'
[11.874s] INFO:colcon.colcon_core.shell:Creating prefix script '/home/masa/TASK_12.2/TASK12.2/task12_2_ws/install/local_setup.zsh'
[11.880s] INFO:colcon.colcon_core.shell:Creating prefix chain script '/home/masa/TASK_12.2/TASK12.2/task12_2_ws/install/setup.zsh'
