[1.552s] Invoking command in '/home/masa/TASK_12.2/TASK12.2/task12_2_ws/src/MIA26_phase2_ros_contest/maze_control': DEBUGINFOD_URLS=https://debuginfod.ubuntu.com PYTHONPATH=/home/masa/TASK_12.2/TASK12.2/task12_2_ws/build/maze_control/prefix_override:/usr/lib/python3/dist-packages/colcon_core/task/python/colcon_distutils_commands:/home/masa/TASK_12.2/TASK12.2/task12_2_ws/install/maze_control/lib/python3.12/site-packages:${PYTHONPATH} /usr/bin/python3 -W ignore:setup.py install is deprecated -W ignore:easy_install command is deprecated setup.py egg_info --egg-base ../../../build/maze_control build --build-base /home/masa/TASK_12.2/TASK12.2/task12_2_ws/build/maze_control/build install --record /home/masa/TASK_12.2/TASK12.2/task12_2_ws/build/maze_control/install.log --install-scripts $base/lib/maze_control --single-version-externally-managed install_data
[1.896s] running egg_info
[1.919s] writing ../../../build/maze_control/maze_control.egg-info/PKG-INFO
[1.919s] writing dependency_links to ../../../build/maze_control/maze_control.egg-info/dependency_links.txt
[1.920s] writing entry points to ../../../build/maze_control/maze_control.egg-info/entry_points.txt
[1.920s] writing requirements to ../../../build/maze_control/maze_control.egg-info/requires.txt
[1.920s] writing top-level names to ../../../build/maze_control/maze_control.egg-info/top_level.txt
[1.968s] reading manifest file '../../../build/maze_control/maze_control.egg-info/SOURCES.txt'
[1.969s] writing manifest file '../../../build/maze_control/maze_control.egg-info/SOURCES.txt'
[1.969s] running build
[1.969s] running build_py
[1.969s] running install
[1.978s] running install_lib
[2.000s] running install_data
[2.000s] running install_egg_info
[2.026s] removing '/home/masa/TASK_12.2/TASK12.2/task12_2_ws/install/maze_control/lib/python3.12/site-packages/maze_control-0.1.0-py3.12.egg-info' (and everything under it)
[2.026s] Copying ../../../build/maze_control/maze_control.egg-info to /home/masa/TASK_12.2/TASK12.2/task12_2_ws/install/maze_control/lib/python3.12/site-packages/maze_control-0.1.0-py3.12.egg-info
[2.027s] running install_scripts
[2.174s] Installing maze_timer_node script to /home/masa/TASK_12.2/TASK12.2/task12_2_ws/install/maze_control/lib/maze_control
[2.175s] Installing wall_retraction_service script to /home/masa/TASK_12.2/TASK12.2/task12_2_ws/install/maze_control/lib/maze_control
[2.175s] writing list of installed files to '/home/masa/TASK_12.2/TASK12.2/task12_2_ws/build/maze_control/install.log'
[2.203s] Invoked command in '/home/masa/TASK_12.2/TASK12.2/task12_2_ws/src/MIA26_phase2_ros_contest/maze_control' returned '0': DEBUGINFOD_URLS=https://debuginfod.ubuntu.com PYTHONPATH=/home/masa/TASK_12.2/TASK12.2/task12_2_ws/build/maze_control/prefix_override:/usr/lib/python3/dist-packages/colcon_core/task/python/colcon_distutils_commands:/home/masa/TASK_12.2/TASK12.2/task12_2_ws/install/maze_control/lib/python3.12/site-packages:${PYTHONPATH} /usr/bin/python3 -W ignore:setup.py install is deprecated -W ignore:easy_install command is deprecated setup.py egg_info --egg-base ../../../build/maze_control build --build-base /home/masa/TASK_12.2/TASK12.2/task12_2_ws/build/maze_control/build install --record /home/masa/TASK_12.2/TASK12.2/task12_2_ws/build/maze_control/install.log --install-scripts $base/lib/maze_control --single-version-externally-managed install_data
