running develop
running egg_info
creating maze_control.egg-info
writing maze_control.egg-info/PKG-INFO
writing dependency_links to maze_control.egg-info/dependency_links.txt
writing entry points to maze_control.egg-info/entry_points.txt
writing requirements to maze_control.egg-info/requires.txt
writing top-level names to maze_control.egg-info/top_level.txt
writing manifest file 'maze_control.egg-info/SOURCES.txt'
reading manifest file 'maze_control.egg-info/SOURCES.txt'
writing manifest file 'maze_control.egg-info/SOURCES.txt'
running build_ext
Creating /home/masa/TASK_12.2/TASK12.2/task12_2_ws/install/maze_control/lib/python3.12/site-packages/maze-control.egg-link (link to .)
Installing maze_timer_node script to /home/masa/TASK_12.2/TASK12.2/task12_2_ws/install/maze_control/lib/maze_control
Installing wall_retraction_service script to /home/masa/TASK_12.2/TASK12.2/task12_2_ws/install/maze_control/lib/maze_control

Installed /home/masa/TASK_12.2/TASK12.2/task12_2_ws/build/maze_control
running symlink_data
creating /home/masa/TASK_12.2/TASK12.2/task12_2_ws/install/maze_control/share/ament_index
creating /home/masa/TASK_12.2/TASK12.2/task12_2_ws/install/maze_control/share/ament_index/resource_index
creating /home/masa/TASK_12.2/TASK12.2/task12_2_ws/install/maze_control/share/ament_index/resource_index/packages
symbolically linking /home/masa/TASK_12.2/TASK12.2/task12_2_ws/build/maze_control/resource/maze_control -> /home/masa/TASK_12.2/TASK12.2/task12_2_ws/install/maze_control/share/ament_index/resource_index/packages
symbolically linking /home/masa/TASK_12.2/TASK12.2/task12_2_ws/build/maze_control/package.xml -> /home/masa/TASK_12.2/TASK12.2/task12_2_ws/install/maze_control/share/maze_control
creating /home/masa/TASK_12.2/TASK12.2/task12_2_ws/install/maze_control/share/maze_control/launch
symbolically linking /home/masa/TASK_12.2/TASK12.2/task12_2_ws/build/maze_control/launch/maze_simulation_tb3.launch.py -> /home/masa/TASK_12.2/TASK12.2/task12_2_ws/install/maze_control/share/maze_control/launch
creating /home/masa/TASK_12.2/TASK12.2/task12_2_ws/install/maze_control/share/maze_control/worlds
symbolically linking /home/masa/TASK_12.2/TASK12.2/task12_2_ws/build/maze_control/worlds/maze_world.sdf -> /home/masa/TASK_12.2/TASK12.2/task12_2_ws/install/maze_control/share/maze_control/worlds
creating /home/masa/TASK_12.2/TASK12.2/task12_2_ws/install/maze_control/share/maze_control/config
symbolically linking /home/masa/TASK_12.2/TASK12.2/task12_2_ws/build/maze_control/config/bridge_config.yaml -> /home/masa/TASK_12.2/TASK12.2/task12_2_ws/install/maze_control/share/maze_control/config
symbolically linking /home/masa/TASK_12.2/TASK12.2/task12_2_ws/build/maze_control/config/gui.config -> /home/masa/TASK_12.2/TASK12.2/task12_2_ws/install/maze_control/share/maze_control/config
creating /home/masa/TASK_12.2/TASK12.2/task12_2_ws/install/maze_control/share/maze_control/models
creating /home/masa/TASK_12.2/TASK12.2/task12_2_ws/install/maze_control/share/maze_control/models/simple_robot
