[0.586s] DEBUG:colcon:Command line arguments: ['/usr/bin/colcon', 'build', '--symlink-install', '--packages-select', 'pid_turtlebot']
[0.587s] DEBUG:colcon:Parsed command line arguments: Namespace(log_base=None, log_level=None, verb_name='build', build_base='build', install_base='install', merge_install=False, symlink_install=True, test_result_base=None, continue_on_error=False, executor='parallel', parallel_workers=8, event_handlers=None, ignore_user_meta=False, metas=['./colcon.meta'], base_paths=['.'], packages_ignore=None, packages_ignore_regex=None, paths=None, packages_up_to=None, packages_up_to_regex=None, packages_above=None, packages_above_and_dependencies=None, packages_above_depth=None, packages_select_by_dep=None, packages_skip_by_dep=None, packages_skip_up_to=None, packages_select_build_failed=False, packages_skip_build_finished=False, packages_select_test_failures=False, packages_skip_test_passed=False, packages_select=['pid_turtlebot'], packages_skip=None, packages_select_regex=None, packages_skip_regex=None, packages_start=None, packages_end=None, allow_overriding=[], cmake_args=None, cmake_target=None, cmake_target_skip_unavailable=False, cmake_clean_cache=False, cmake_clean_first=False, cmake_force_configure=False, ament_cmake_args=None, catkin_cmake_args=None, catkin_skip_building_tests=False, mixin_files=None, mixin=None, verb_parser=<colcon_mixin.mixin.mixin_argument.MixinArgumentDecorator object at 0x7108c65be4b0>, verb_extension=<colcon_core.verb.build.BuildVerb object at 0x7108c65bd6d0>, main=<bound method BuildVerb.main of <colcon_core.verb.build.BuildVerb object at 0x7108c65bd6d0>>, mixin_verb=('build',))
[0.804s] Level 1:colcon.colcon_core.package_discovery:discover_packages(colcon_meta) check parameters
[0.805s] Level 1:colcon.colcon_core.package_discovery:discover_packages(recursive) check parameters
[0.806s] Level 1:colcon.colcon_core.package_discovery:discover_packages(ignore) check parameters
[0.806s] Level 1:colcon.colcon_core.package_discovery:discover_packages(path) check parameters
[0.806s] Level 1:colcon.colcon_core.package_discovery:discover_packages(colcon_meta) discover
[0.806s] Level 1:colcon.colcon_core.package_discovery:discover_packages(recursive) discover
[0.807s] INFO:colcon.colcon_core.package_discovery:Crawling recursively for packages in '/home/masa/TASK_12.2/TASK12.2/task12_2_ws'
[0.807s] Level 1:colcon.colcon_core.package_identification:_identify(.) by extensions ['ignore', 'ignore_ament_install']
[0.809s] Level 1:colcon.colcon_core.package_identification:_identify(.) by extension 'ignore'
[0.809s] Level 1:colcon.colcon_core.package_identification:_identify(.) by extension 'ignore_ament_install'
[0.809s] Level 1:colcon.colcon_core.package_identification:_identify(.) by extensions ['colcon_pkg']
[0.810s] Level 1:colcon.colcon_core.package_identification:_identify(.) by extension 'colcon_pkg'
[0.810s] Level 1:colcon.colcon_core.package_identification:_identify(.) by extensions ['colcon_meta']
[0.810s] Level 1:colcon.colcon_core.package_identification:_identify(.) by extension 'colcon_meta'
[0.810s] Level 1:colcon.colcon_core.package_identification:_identify(.) by extensions ['ros']
[0.810s] Level 1:colcon.colcon_core.package_identification:_identify(.) by extension 'ros'
[0.945s] Level 1:colcon.colcon_core.package_identification:_identify(.) by extensions ['cmake', 'python']
[0.945s] Level 1:colcon.colcon_core.package_identification:_identify(.) by extension 'cmake'
[0.945s] Level 1:colcon.colcon_core.package_identification:_identify(.) by extension 'python'
[0.946s] Level 1:colcon.colcon_core.package_identification:_identify(.) by extensions ['python_setup_py']
[0.946s] Level 1:colcon.colcon_core.package_identification:_identify(.) by extension 'python_setup_py'
[0.947s] Level 1:colcon.colcon_core.package_identification:_identify(build) by extensions ['ignore', 'ignore_ament_install']
[0.947s] Level 1:colcon.colcon_core.package_identification:_identify(build) by extension 'ignore'
[0.948s] Level 1:colcon.colcon_core.package_identification:_identify(build) ignored
[0.948s] Level 1:colcon.colcon_core.package_identification:_identify(install) by extensions ['ignore', 'ignore_ament_install']
[0.949s] Level 1:colcon.colcon_core.package_identification:_identify(install) by extension 'ignore'
[0.949s] Level 1:colcon.colcon_core.package_identification:_identify(install) ignored
[0.949s] Level 1:colcon.colcon_core.package_identification:_identify(log) by extensions ['ignore', 'ignore_ament_install']
[0.950s] Level 1:colcon.colcon_core.package_identification:_identify(log) by extension 'ignore'
[0.950s] Level 1:colcon.colcon_core.package_identification:_identify(log) ignored
[0.950s] Level 1:colcon.colcon_core.package_identification:_identify(src) by extensions ['ignore', 'ignore_ament_install']
[0.951s] Level 1:colcon.colcon_core.package_identification:_identify(src) by extension 'ignore'
[0.951s] Level 1:colcon.colcon_core.package_identification:_identify(src) by extension 'ignore_ament_install'
[0.952s] Level 1:colcon.colcon_core.package_identification:_identify(src) by extensions ['colcon_pkg']
[0.952s] Level 1:colcon.colcon_core.package_identification:_identify(src) by extension 'colcon_pkg'
[0.952s] Level 1:colcon.colcon_core.package_identification:_identify(src) by extensions ['colcon_meta']
[0.952s] Level 1:colcon.colcon_core.package_identification:_identify(src) by extension 'colcon_meta'
[0.952s] Level 1:colcon.colcon_core.package_identification:_identify(src) by extensions ['ros']
[0.952s] Level 1:colcon.colcon_core.package_identification:_identify(src) by extension 'ros'
[0.953s] Level 1:colcon.colcon_core.package_identification:_identify(src) by extensions ['cmake', 'python']
[0.953s] Level 1:colcon.colcon_core.package_identification:_identify(src) by extension 'cmake'
[0.953s] Level 1:colcon.colcon_core.package_identification:_identify(src) by extension 'python'
[0.953s] Level 1:colcon.colcon_core.package_identification:_identify(src) by extensions ['python_setup_py']
[0.953s] Level 1:colcon.colcon_core.package_identification:_identify(src) by extension 'python_setup_py'
[0.954s] Level 1:colcon.colcon_core.package_identification:_identify(src/MIA26_phase2_ros_contest) by extensions ['ignore', 'ignore_ament_install']
[0.954s] Level 1:colcon.colcon_core.package_identification:_identify(src/MIA26_phase2_ros_contest) by extension 'ignore'
[0.954s] Level 1:colcon.colcon_core.package_identification:_identify(src/MIA26_phase2_ros_contest) by extension 'ignore_ament_install'
[0.954s] Level 1:colcon.colcon_core.package_identification:_identify(src/MIA26_phase2_ros_contest) by extensions ['colcon_pkg']
[0.954s] Level 1:colcon.colcon_core.package_identification:_identify(src/MIA26_phase2_ros_contest) by extension 'colcon_pkg'
[0.954s] Level 1:colcon.colcon_core.package_identification:_identify(src/MIA26_phase2_ros_contest) by extensions ['colcon_meta']
[0.955s] Level 1:colcon.colcon_core.package_identification:_identify(src/MIA26_phase2_ros_contest) by extension 'colcon_meta'
[0.955s] Level 1:colcon.colcon_core.package_identification:_identify(src/MIA26_phase2_ros_contest) by extensions ['ros']
[0.955s] Level 1:colcon.colcon_core.package_identification:_identify(src/MIA26_phase2_ros_contest) by extension 'ros'
[0.955s] Level 1:colcon.colcon_core.package_identification:_identify(src/MIA26_phase2_ros_contest) by extensions ['cmake', 'python']
[0.955s] Level 1:colcon.colcon_core.package_identification:_identify(src/MIA26_phase2_ros_contest) by extension 'cmake'
[0.955s] Level 1:colcon.colcon_core.package_identification:_identify(src/MIA26_phase2_ros_contest) by extension 'python'
[0.956s] Level 1:colcon.colcon_core.package_identification:_identify(src/MIA26_phase2_ros_contest) by extensions ['python_setup_py']
[0.956s] Level 1:colcon.colcon_core.package_identification:_identify(src/MIA26_phase2_ros_contest) by extension 'python_setup_py'
[0.956s] Level 1:colcon.colcon_core.package_identification:_identify(src/MIA26_phase2_ros_contest/assets) by extensions ['ignore', 'ignore_ament_install']
[0.956s] Level 1:colcon.colcon_core.package_identification:_identify(src/MIA26_phase2_ros_contest/assets) by extension 'ignore'
[0.957s] Level 1:colcon.colcon_core.package_identification:_identify(src/MIA26_phase2_ros_contest/assets) by extension 'ignore_ament_install'
[0.957s] Level 1:colcon.colcon_core.package_identification:_identify(src/MIA26_phase2_ros_contest/assets) by extensions ['colcon_pkg']
[0.957s] Level 1:colcon.colcon_core.package_identification:_identify(src/MIA26_phase2_ros_contest/assets) by extension 'colcon_pkg'
[0.957s] Level 1:colcon.colcon_core.package_identification:_identify(src/MIA26_phase2_ros_contest/assets) by extensions ['colcon_meta']
[0.957s] Level 1:colcon.colcon_core.package_identification:_identify(src/MIA26_phase2_ros_contest/assets) by extension 'colcon_meta'
[0.957s] Level 1:colcon.colcon_core.package_identification:_identify(src/MIA26_phase2_ros_contest/assets) by extensions ['ros']
[0.957s] Level 1:colcon.colcon_core.package_identification:_identify(src/MIA26_phase2_ros_contest/assets) by extension 'ros'
[0.957s] Level 1:colcon.colcon_core.package_identification:_identify(src/MIA26_phase2_ros_contest/assets) by extensions ['cmake', 'python']
[0.957s] Level 1:colcon.colcon_core.package_identification:_identify(src/MIA26_phase2_ros_contest/assets) by extension 'cmake'
[0.958s] Level 1:colcon.colcon_core.package_identification:_identify(src/MIA26_phase2_ros_contest/assets) by extension 'python'
[0.958s] Level 1:colcon.colcon_core.package_identification:_identify(src/MIA26_phase2_ros_contest/assets) by extensions ['python_setup_py']
[0.958s] Level 1:colcon.colcon_core.package_identification:_identify(src/MIA26_phase2_ros_contest/assets) by extension 'python_setup_py'
[0.958s] Level 1:colcon.colcon_core.package_identification:_identify(src/MIA26_phase2_ros_contest/maze_control) by extensions ['ignore', 'ignore_ament_install']
[0.959s] Level 1:colcon.colcon_core.package_identification:_identify(src/MIA26_phase2_ros_contest/maze_control) by extension 'ignore'
[0.959s] Level 1:colcon.colcon_core.package_identification:_identify(src/MIA26_phase2_ros_contest/maze_control) by extension 'ignore_ament_install'
[0.959s] Level 1:colcon.colcon_core.package_identification:_identify(src/MIA26_phase2_ros_contest/maze_control) by extensions ['colcon_pkg']
[0.959s] Level 1:colcon.colcon_core.package_identification:_identify(src/MIA26_phase2_ros_contest/maze_control) by extension 'colcon_pkg'
[0.959s] Level 1:colcon.colcon_core.package_identification:_identify(src/MIA26_phase2_ros_contest/maze_control) by extensions ['colcon_meta']
[0.960s] Level 1:colcon.colcon_core.package_identification:_identify(src/MIA26_phase2_ros_contest/maze_control) by extension 'colcon_meta'
[0.960s] Level 1:colcon.colcon_core.package_identification:_identify(src/MIA26_phase2_ros_contest/maze_control) by extensions ['ros']
[0.960s] Level 1:colcon.colcon_core.package_identification:_identify(src/MIA26_phase2_ros_contest/maze_control) by extension 'ros'
[0.974s] DEBUG:colcon.colcon_core.package_identification:Package 'src/MIA26_phase2_ros_contest/maze_control' with type 'ros.ament_python' and name 'maze_control'
[0.975s] Level 1:colcon.colcon_core.package_identification:_identify(src/pid_interfaces) by extensions ['ignore', 'ignore_ament_install']
[0.976s] Level 1:colcon.colcon_core.package_identification:_identify(src/pid_interfaces) by extension 'ignore'
[0.976s] Level 1:colcon.colcon_core.package_identification:_identify(src/pid_interfaces) by extension 'ignore_ament_install'
[0.977s] Level 1:colcon.colcon_core.package_identification:_identify(src/pid_interfaces) by extensions ['colcon_pkg']
[0.977s] Level 1:colcon.colcon_core.package_identification:_identify(src/pid_interfaces) by extension 'colcon_pkg'
[0.977s] Level 1:colcon.colcon_core.package_identification:_identify(src/pid_interfaces) by extensions ['colcon_meta']
[0.977s] Level 1:colcon.colcon_core.package_identification:_identify(src/pid_interfaces) by extension 'colcon_meta'
[0.977s] Level 1:colcon.colcon_core.package_identification:_identify(src/pid_interfaces) by extensions ['ros']
[0.978s] Level 1:colcon.colcon_core.package_identification:_identify(src/pid_interfaces) by extension 'ros'
[0.980s] DEBUG:colcon.colcon_core.package_identification:Package 'src/pid_interfaces' with type 'ros.ament_cmake' and name 'pid_interfaces'
[0.980s] Level 1:colcon.colcon_core.package_identification:_identify(src/pid_turtlebot) by extensions ['ignore', 'ignore_ament_install']
[0.981s] Level 1:colcon.colcon_core.package_identification:_identify(src/pid_turtlebot) by extension 'ignore'
[0.981s] Level 1:colcon.colcon_core.package_identification:_identify(src/pid_turtlebot) by extension 'ignore_ament_install'
[0.981s] Level 1:colcon.colcon_core.package_identification:_identify(src/pid_turtlebot) by extensions ['colcon_pkg']
[0.981s] Level 1:colcon.colcon_core.package_identification:_identify(src/pid_turtlebot) by extension 'colcon_pkg'
[0.981s] Level 1:colcon.colcon_core.package_identification:_identify(src/pid_turtlebot) by extensions ['colcon_meta']
[0.981s] Level 1:colcon.colcon_core.package_identification:_identify(src/pid_turtlebot) by extension 'colcon_meta'
[0.981s] Level 1:colcon.colcon_core.package_identification:_identify(src/pid_turtlebot) by extensions ['ros']
[0.981s] Level 1:colcon.colcon_core.package_identification:_identify(src/pid_turtlebot) by extension 'ros'
[0.983s] DEBUG:colcon.colcon_core.package_identification:Package 'src/pid_turtlebot' with type 'ros.ament_python' and name 'pid_turtlebot'
[0.984s] Level 1:colcon.colcon_core.package_discovery:discover_packages(recursive) using defaults
[0.984s] Level 1:colcon.colcon_core.package_discovery:discover_packages(ignore) discover
[0.984s] Level 1:colcon.colcon_core.package_discovery:discover_packages(ignore) using defaults
[0.984s] Level 1:colcon.colcon_core.package_discovery:discover_packages(path) discover
[0.984s] Level 1:colcon.colcon_core.package_discovery:discover_packages(path) using defaults
[1.079s] INFO:colcon.colcon_core.package_selection:Skipping not selected package 'maze_control' in 'src/MIA26_phase2_ros_contest/maze_control'
[1.079s] INFO:colcon.colcon_core.package_selection:Skipping not selected package 'pid_interfaces' in 'src/pid_interfaces'
[1.080s] Level 1:colcon.colcon_core.package_discovery:discover_packages(prefix_path) check parameters
[1.080s] Level 1:colcon.colcon_core.package_discovery:discover_packages(prefix_path) discover
[1.090s] DEBUG:colcon.colcon_installed_package_information.package_discovery:Found 3 installed packages in /home/masa/TASK_12.2/TASK12.2/task12_2_ws/install
[1.100s] DEBUG:colcon.colcon_installed_package_information.package_discovery:Found 440 installed packages in /opt/ros/jazzy
[1.111s] Level 1:colcon.colcon_core.package_discovery:discover_packages(prefix_path) using defaults
[1.407s] Level 5:colcon.colcon_core.verb:set package 'pid_turtlebot' build argument 'cmake_args' from command line to 'None'
[1.407s] Level 5:colcon.colcon_core.verb:set package 'pid_turtlebot' build argument 'cmake_target' from command line to 'None'
[1.407s] Level 5:colcon.colcon_core.verb:set package 'pid_turtlebot' build argument 'cmake_target_skip_unavailable' from command line to 'False'
[1.407s] Level 5:colcon.colcon_core.verb:set package 'pid_turtlebot' build argument 'cmake_clean_cache' from command line to 'False'
[1.408s] Level 5:colcon.colcon_core.verb:set package 'pid_turtlebot' build argument 'cmake_clean_first' from command line to 'False'
[1.408s] Level 5:colcon.colcon_core.verb:set package 'pid_turtlebot' build argument 'cmake_force_configure' from command line to 'False'
[1.408s] Level 5:colcon.colcon_core.verb:set package 'pid_turtlebot' build argument 'ament_cmake_args' from command line to 'None'
[1.408s] Level 5:colcon.colcon_core.verb:set package 'pid_turtlebot' build argument 'catkin_cmake_args' from command line to 'None'
[1.408s] Level 5:colcon.colcon_core.verb:set package 'pid_turtlebot' build argument 'catkin_skip_building_tests' from command line to 'False'
[1.408s] DEBUG:colcon.colcon_core.verb:Building package 'pid_turtlebot' with the following arguments: {'ament_cmake_args': None, 'build_base': '/home/masa/TASK_12.2/TASK12.2/task12_2_ws/build/pid_turtlebot', 'catkin_cmake_args': None, 'catkin_skip_building_tests': False, 'cmake_args': None, 'cmake_clean_cache': False, 'cmake_clean_first': False, 'cmake_force_configure': False, 'cmake_target': None, 'cmake_target_skip_unavailable': False, 'install_base': '/home/masa/TASK_12.2/TASK12.2/task12_2_ws/install/pid_turtlebot', 'merge_install': False, 'path': '/home/masa/TASK_12.2/TASK12.2/task12_2_ws/src/pid_turtlebot', 'symlink_install': True, 'test_result_base': None}
[1.409s] INFO:colcon.colcon_core.executor:Executing jobs using 'parallel' executor
[1.415s] DEBUG:colcon.colcon_parallel_executor.executor.parallel:run_until_complete
[1.415s] INFO:colcon.colcon_ros.task.ament_python.build:Building ROS package in '/home/masa/TASK_12.2/TASK12.2/task12_2_ws/src/pid_turtlebot' with build type 'ament_python'
[1.416s] Level 1:colcon.colcon_core.shell:create_environment_hook('pid_turtlebot', 'ament_prefix_path')
[1.435s] INFO:colcon.colcon_core.plugin_system:Skipping extension 'colcon_core.shell.bat': Not used on non-Windows systems
[1.436s] INFO:colcon.colcon_core.shell:Creating environment hook '/home/masa/TASK_12.2/TASK12.2/task12_2_ws/install/pid_turtlebot/share/pid_turtlebot/hook/ament_prefix_path.ps1'
[1.440s] INFO:colcon.colcon_core.shell:Creating environment descriptor '/home/masa/TASK_12.2/TASK12.2/task12_2_ws/install/pid_turtlebot/share/pid_turtlebot/hook/ament_prefix_path.dsv'
[1.441s] INFO:colcon.colcon_core.shell:Creating environment hook '/home/masa/TASK_12.2/TASK12.2/task12_2_ws/install/pid_turtlebot/share/pid_turtlebot/hook/ament_prefix_path.sh'
[1.444s] INFO:colcon.colcon_core.shell:Skip shell extension 'powershell' for command environment: Not usable outside of PowerShell
[1.444s] DEBUG:colcon.colcon_core.shell:Skip shell extension 'dsv' for command environment
[2.838s] INFO:colcon.colcon_core.task.python.build:Building Python package in '/home/masa/TASK_12.2/TASK12.2/task12_2_ws/src/pid_turtlebot'
[2.840s] INFO:colcon.colcon_core.shell:Skip shell extension 'powershell' for command environment: Not usable outside of PowerShell
[2.841s] DEBUG:colcon.colcon_core.shell:Skip shell extension 'dsv' for command environment
[7.423s] DEBUG:colcon.colcon_core.task.python.build:Available setuptools commands: install, build_scripts, sdist, upload_docs, saveopts, develop, upload, compile_catalog, install_data, alias, install_lib, editable_wheel, bdist_wheel, build_ext, test, bdist, register, build_clib, clean, init_catalog, install_scripts, symlink_data, bdist_rpm, check, bdist_egg, update_catalog, install_egg_info, egg_info, build, rotate, build_py, bdist_dumb, extract_messages, easy_install, dist_info, install_headers, setopt
[9.243s] DEBUG:colcon.colcon_core.task.python.build:Available setuptools 'develop' options: --egg-path, --version, --force-installation-into-system-dir, --allow-hosts, --upgrade, --site-dirs, --uninstall, --prefix, --install-dir, --script-dir, --quiet, --no-user-cfg, --verbose, --user, --dry-run, --local-snapshots-ok, --install-layout, --find-links, --index-url, --multi-version, --record, --always-copy, --exclude-scripts, --no-find-links, --help, --editable, --optimize, --build-directory, --no-deps, --always-unzip, --zip-ok
[9.255s] DEBUG:colcon.colcon_core.event_handler.log_command:Invoking command in '/home/masa/TASK_12.2/TASK12.2/task12_2_ws/build/pid_turtlebot': DEBUGINFOD_URLS=https://debuginfod.ubuntu.com PYTHONPATH=/home/masa/TASK_12.2/TASK12.2/task12_2_ws/build/pid_turtlebot/prefix_override:/usr/lib/python3/dist-packages/colcon_core/task/python/colcon_distutils_commands:/home/masa/TASK_12.2/TASK12.2/task12_2_ws/install/pid_turtlebot/lib/python3.12/site-packages:${PYTHONPATH} /usr/bin/python3 -W ignore:setup.py install is deprecated -W ignore:easy_install command is deprecated setup.py develop --editable --build-directory /home/masa/TASK_12.2/TASK12.2/task12_2_ws/build/pid_turtlebot/build --no-deps symlink_data
[13.429s] Level 1:colcon.colcon_core.shell:create_environment_hook('pid_turtlebot', 'pythonpath_develop')
[13.431s] INFO:colcon.colcon_core.shell:Creating environment hook '/home/masa/TASK_12.2/TASK12.2/task12_2_ws/build/pid_turtlebot/share/pid_turtlebot/hook/pythonpath_develop.ps1'
[13.432s] DEBUG:colcon.colcon_core.event_handler.log_command:Invoked command in '/home/masa/TASK_12.2/TASK12.2/task12_2_ws/build/pid_turtlebot' returned '0': DEBUGINFOD_URLS=https://debuginfod.ubuntu.com PYTHONPATH=/home/masa/TASK_12.2/TASK12.2/task12_2_ws/build/pid_turtlebot/prefix_override:/usr/lib/python3/dist-packages/colcon_core/task/python/colcon_distutils_commands:/home/masa/TASK_12.2/TASK12.2/task12_2_ws/install/pid_turtlebot/lib/python3.12/site-packages:${PYTHONPATH} /usr/bin/python3 -W ignore:setup.py install is deprecated -W ignore:easy_install command is deprecated setup.py develop --editable --build-directory /home/masa/TASK_12.2/TASK12.2/task12_2_ws/build/pid_turtlebot/build --no-deps symlink_data
[13.434s] INFO:colcon.colcon_core.shell:Creating environment descriptor '/home/masa/TASK_12.2/TASK12.2/task12_2_ws/build/pid_turtlebot/share/pid_turtlebot/hook/pythonpath_develop.dsv'
[13.436s] INFO:colcon.colcon_core.shell:Creating environment hook '/home/masa/TASK_12.2/TASK12.2/task12_2_ws/build/pid_turtlebot/share/pid_turtlebot/hook/pythonpath_develop.sh'
[13.461s] Level 1:colcon.colcon_core.environment:checking '/home/masa/TASK_12.2/TASK12.2/task12_2_ws/install/pid_turtlebot' for CMake module files
[13.463s] Level 1:colcon.colcon_core.environment:checking '/home/masa/TASK_12.2/TASK12.2/task12_2_ws/install/pid_turtlebot' for CMake config files
[13.465s] Level 1:colcon.colcon_core.environment:checking '/home/masa/TASK_12.2/TASK12.2/task12_2_ws/install/pid_turtlebot/lib'
[13.467s] Level 1:colcon.colcon_core.environment:checking '/home/masa/TASK_12.2/TASK12.2/task12_2_ws/install/pid_turtlebot/bin'
[13.467s] Level 1:colcon.colcon_core.environment:checking '/home/masa/TASK_12.2/TASK12.2/task12_2_ws/install/pid_turtlebot/lib/pkgconfig/pid_turtlebot.pc'
[13.469s] Level 1:colcon.colcon_core.environment:checking '/home/masa/TASK_12.2/TASK12.2/task12_2_ws/install/pid_turtlebot/lib/python3.12/site-packages'
[13.471s] Level 1:colcon.colcon_core.shell:create_environment_hook('pid_turtlebot', 'pythonpath')
[13.473s] INFO:colcon.colcon_core.shell:Creating environment hook '/home/masa/TASK_12.2/TASK12.2/task12_2_ws/install/pid_turtlebot/share/pid_turtlebot/hook/pythonpath.ps1'
[13.476s] INFO:colcon.colcon_core.shell:Creating environment descriptor '/home/masa/TASK_12.2/TASK12.2/task12_2_ws/install/pid_turtlebot/share/pid_turtlebot/hook/pythonpath.dsv'
[13.479s] INFO:colcon.colcon_core.shell:Creating environment hook '/home/masa/TASK_12.2/TASK12.2/task12_2_ws/install/pid_turtlebot/share/pid_turtlebot/hook/pythonpath.sh'
[13.487s] Level 1:colcon.colcon_core.environment:checking '/home/masa/TASK_12.2/TASK12.2/task12_2_ws/install/pid_turtlebot/bin'
[13.488s] Level 1:colcon.colcon_core.environment:create_environment_scripts_only(pid_turtlebot)
[13.490s] INFO:colcon.colcon_core.shell:Creating package script '/home/masa/TASK_12.2/TASK12.2/task12_2_ws/install/pid_turtlebot/share/pid_turtlebot/package.ps1'
[13.499s] INFO:colcon.colcon_core.shell:Creating package descriptor '/home/masa/TASK_12.2/TASK12.2/task12_2_ws/install/pid_turtlebot/share/pid_turtlebot/package.dsv'
[13.501s] INFO:colcon.colcon_core.shell:Creating package script '/home/masa/TASK_12.2/TASK12.2/task12_2_ws/install/pid_turtlebot/share/pid_turtlebot/package.sh'
[13.509s] INFO:colcon.colcon_core.shell:Creating package script '/home/masa/TASK_12.2/TASK12.2/task12_2_ws/install/pid_turtlebot/share/pid_turtlebot/package.bash'
[13.517s] INFO:colcon.colcon_core.shell:Creating package script '/home/masa/TASK_12.2/TASK12.2/task12_2_ws/install/pid_turtlebot/share/pid_turtlebot/package.zsh'
[13.524s] Level 1:colcon.colcon_core.environment:create_file_with_runtime_dependencies(/home/masa/TASK_12.2/TASK12.2/task12_2_ws/install/pid_turtlebot/share/colcon-core/packages/pid_turtlebot)
[13.526s] DEBUG:colcon.colcon_parallel_executor.executor.parallel:closing loop
[13.527s] DEBUG:colcon.colcon_parallel_executor.executor.parallel:loop closed
[13.528s] DEBUG:colcon.colcon_parallel_executor.executor.parallel:run_until_complete finished with '0'
[13.528s] DEBUG:colcon.colcon_core.event_reactor:joining thread
[13.563s] INFO:colcon.colcon_core.plugin_system:Skipping extension 'colcon_notification.desktop_notification.terminal_notifier': Not used on non-Darwin systems
[13.563s] INFO:colcon.colcon_core.plugin_system:Skipping extension 'colcon_notification.desktop_notification.win32': Not used on non-Windows systems
[13.564s] INFO:colcon.colcon_notification.desktop_notification:Sending desktop notification using 'notify2'
[13.647s] DEBUG:colcon.colcon_core.event_reactor:joined thread
[13.648s] INFO:colcon.colcon_core.shell:Creating prefix script '/home/masa/TASK_12.2/TASK12.2/task12_2_ws/install/local_setup.ps1'
[13.652s] INFO:colcon.colcon_core.shell:Creating prefix util module '/home/masa/TASK_12.2/TASK12.2/task12_2_ws/install/_local_setup_util_ps1.py'
[13.656s] INFO:colcon.colcon_core.shell:Creating prefix chain script '/home/masa/TASK_12.2/TASK12.2/task12_2_ws/install/setup.ps1'
[13.665s] INFO:colcon.colcon_core.shell:Creating prefix script '/home/masa/TASK_12.2/TASK12.2/task12_2_ws/install/local_setup.sh'
[13.671s] INFO:colcon.colcon_core.shell:Creating prefix util module '/home/masa/TASK_12.2/TASK12.2/task12_2_ws/install/_local_setup_util_sh.py'
[13.678s] INFO:colcon.colcon_core.shell:Creating prefix chain script '/home/masa/TASK_12.2/TASK12.2/task12_2_ws/install/setup.sh'
[13.687s] INFO:colcon.colcon_core.shell:Creating prefix script '/home/masa/TASK_12.2/TASK12.2/task12_2_ws/install/local_setup.bash'
[13.690s] INFO:colcon.colcon_core.shell:Creating prefix chain script '/home/masa/TASK_12.2/TASK12.2/task12_2_ws/install/setup.bash'
[13.694s] INFO:colcon.colcon_core.shell:Creating prefix script '/home/masa/TASK_12.2/TASK12.2/task12_2_ws/install/local_setup.zsh'
[13.696s] INFO:colcon.colcon_core.shell:Creating prefix chain script '/home/masa/TASK_12.2/TASK12.2/task12_2_ws/install/setup.zsh'
