running develop
running egg_info
creating pid_turtlebot.egg-info
writing pid_turtlebot.egg-info/PKG-INFO
writing dependency_links to pid_turtlebot.egg-info/dependency_links.txt
writing entry points to pid_turtlebot.egg-info/entry_points.txt
writing requirements to pid_turtlebot.egg-info/requires.txt
writing top-level names to pid_turtlebot.egg-info/top_level.txt
writing manifest file 'pid_turtlebot.egg-info/SOURCES.txt'
reading manifest file 'pid_turtlebot.egg-info/SOURCES.txt'
writing manifest file 'pid_turtlebot.egg-info/SOURCES.txt'
running build_ext
Creating /home/masa/TASK_12.2/TASK12.2/task12_2_ws/install/pid_turtlebot/lib/python3.12/site-packages/pid-turtlebot.egg-link (link to .)
Installing linear_pid script to /home/masa/TASK_12.2/TASK12.2/task12_2_ws/install/pid_turtlebot/lib/pid_turtlebot
Installing solve_maze script to /home/masa/TASK_12.2/TASK12.2/task12_2_ws/install/pid_turtlebot/lib/pid_turtlebot
Installing yaw_pid_server script to /home/masa/TASK_12.2/TASK12.2/task12_2_ws/install/pid_turtlebot/lib/pid_turtlebot

Installed /home/masa/TASK_12.2/TASK12.2/task12_2_ws/build/pid_turtlebot
running symlink_data
creating /home/masa/TASK_12.2/TASK12.2/task12_2_ws/install/pid_turtlebot/share/ament_index
creating /home/masa/TASK_12.2/TASK12.2/task12_2_ws/install/pid_turtlebot/share/ament_index/resource_index
creating /home/masa/TASK_12.2/TASK12.2/task12_2_ws/install/pid_turtlebot/share/ament_index/resource_index/packages
symbolically linking /home/masa/TASK_12.2/TASK12.2/task12_2_ws/build/pid_turtlebot/resource/pid_turtlebot -> /home/masa/TASK_12.2/TASK12.2/task12_2_ws/install/pid_turtlebot/share/ament_index/resource_index/packages
symbolically linking /home/masa/TASK_12.2/TASK12.2/task12_2_ws/build/pid_turtlebot/package.xml -> /home/masa/TASK_12.2/TASK12.2/task12_2_ws/install/pid_turtlebot/share/pid_turtlebot
symbolically linking /home/masa/TASK_12.2/TASK12.2/task12_2_ws/build/pid_turtlebot/launch/turtle_pid.launch.py -> /home/masa/TASK_12.2/TASK12.2/task12_2_ws/install/pid_turtlebot/share/pid_turtlebot
