[0.974s] Invoking command in '/home/masa/TASK_12.2/TASK12.2/task12_2_ws/build/pid_turtlebot': DEBUGINFOD_URLS=https://debuginfod.ubuntu.com PYTHONPATH=/home/masa/TASK_12.2/TASK12.2/task12_2_ws/build/pid_turtlebot/prefix_override:/usr/lib/python3/dist-packages/colcon_core/task/python/colcon_distutils_commands:/home/masa/TASK_12.2/TASK12.2/task12_2_ws/install/pid_turtlebot/lib/python3.12/site-packages:${PYTHONPATH} /usr/bin/python3 -W ignore:setup.py install is deprecated -W ignore:easy_install command is deprecated setup.py develop --editable --build-directory /home/masa/TASK_12.2/TASK12.2/task12_2_ws/build/pid_turtlebot/build --no-deps symlink_data
[1.231s] running develop
[1.413s] running egg_info
[1.414s] creating pid_turtlebot.egg-info
[1.433s] writing pid_turtlebot.egg-info/PKG-INFO
[1.434s] writing dependency_links to pid_turtlebot.egg-info/dependency_links.txt
[1.434s] writing entry points to pid_turtlebot.egg-info/entry_points.txt
[1.434s] writing requirements to pid_turtlebot.egg-info/requires.txt
[1.434s] writing top-level names to pid_turtlebot.egg-info/top_level.txt
[1.434s] writing manifest file 'pid_turtlebot.egg-info/SOURCES.txt'
[1.475s] reading manifest file 'pid_turtlebot.egg-info/SOURCES.txt'
[1.475s] writing manifest file 'pid_turtlebot.egg-info/SOURCES.txt'
[1.494s] running build_ext
[1.495s] Creating /home/masa/TASK_12.2/TASK12.2/task12_2_ws/install/pid_turtlebot/lib/python3.12/site-packages/pid-turtlebot.egg-link (link to .)
[1.495s] Installing linear_pid script to /home/masa/TASK_12.2/TASK12.2/task12_2_ws/install/pid_turtlebot/lib/pid_turtlebot
[1.495s] Installing solve_maze script to /home/masa/TASK_12.2/TASK12.2/task12_2_ws/install/pid_turtlebot/lib/pid_turtlebot
[1.495s] Installing yaw_pid_server script to /home/masa/TASK_12.2/TASK12.2/task12_2_ws/install/pid_turtlebot/lib/pid_turtlebot
[1.495s] 
[1.496s] Installed /home/masa/TASK_12.2/TASK12.2/task12_2_ws/build/pid_turtlebot
[1.496s] running symlink_data
[1.496s] creating /home/masa/TASK_12.2/TASK12.2/task12_2_ws/install/pid_turtlebot/share/ament_index
[1.496s] creating /home/masa/TASK_12.2/TASK12.2/task12_2_ws/install/pid_turtlebot/share/ament_index/resource_index
[1.496s] creating /home/masa/TASK_12.2/TASK12.2/task12_2_ws/install/pid_turtlebot/share/ament_index/resource_index/packages
[1.496s] symbolically linking /home/masa/TASK_12.2/TASK12.2/task12_2_ws/build/pid_turtlebot/resource/pid_turtlebot -> /home/masa/TASK_12.2/TASK12.2/task12_2_ws/install/pid_turtlebot/share/ament_index/resource_index/packages
[1.496s] symbolically linking /home/masa/TASK_12.2/TASK12.2/task12_2_ws/build/pid_turtlebot/package.xml -> /home/masa/TASK_12.2/TASK12.2/task12_2_ws/install/pid_turtlebot/share/pid_turtlebot
[1.496s] symbolically linking /home/masa/TASK_12.2/TASK12.2/task12_2_ws/build/pid_turtlebot/launch/turtle_pid.launch.py -> /home/masa/TASK_12.2/TASK12.2/task12_2_ws/install/pid_turtlebot/share/pid_turtlebot
[1.529s] Invoked command in '/home/masa/TASK_12.2/TASK12.2/task12_2_ws/build/pid_turtlebot' returned '0': DEBUGINFOD_URLS=https://debuginfod.ubuntu.com PYTHONPATH=/home/masa/TASK_12.2/TASK12.2/task12_2_ws/build/pid_turtlebot/prefix_override:/usr/lib/python3/dist-packages/colcon_core/task/python/colcon_distutils_commands:/home/masa/TASK_12.2/TASK12.2/task12_2_ws/install/pid_turtlebot/lib/python3.12/site-packages:${PYTHONPATH} /usr/bin/python3 -W ignore:setup.py install is deprecated -W ignore:easy_install command is deprecated setup.py develop --editable --build-directory /home/masa/TASK_12.2/TASK12.2/task12_2_ws/build/pid_turtlebot/build --no-deps symlink_data
