[0.599s] DEBUG:colcon:Command line arguments: ['/usr/bin/colcon', 'build', '--symlink-install', '--packages-select', 'pid_turtlebot']
[0.599s] DEBUG:colcon:Parsed command line arguments: Namespace(log_base=None, log_level=None, verb_name='build', build_base='build', install_base='install', merge_install=False, symlink_install=True, test_result_base=None, continue_on_error=False, executor='parallel', parallel_workers=8, event_handlers=None, ignore_user_meta=False, metas=['./colcon.meta'], base_paths=['.'], packages_ignore=None, packages_ignore_regex=None, paths=None, packages_up_to=None, packages_up_to_regex=None, packages_above=None, packages_above_and_dependencies=None, packages_above_depth=None, packages_select_by_dep=None, packages_skip_by_dep=None, packages_skip_up_to=None, packages_select_build_failed=False, packages_skip_build_finished=False, packages_select_test_failures=False, packages_skip_test_passed=False, packages_select=['pid_turtlebot'], packages_skip=None, packages_select_regex=None, packages_skip_regex=None, packages_start=None, packages_end=None, allow_overriding=[], cmake_args=None, cmake_target=None, cmake_target_skip_unavailable=False, cmake_clean_cache=False, cmake_clean_first=False, cmake_force_configure=False, ament_cmake_args=None, catkin_cmake_args=None, catkin_skip_building_tests=False, mixin_files=None, mixin=None, verb_parser=<colcon_mixin.mixin.mixin_argument.MixinArgumentDecorator object at 0x734e41fbe690>, verb_extension=<colcon_core.verb.build.BuildVerb object at 0x734e41fbc4d0>, main=<bound method BuildVerb.main of <colcon_core.verb.build.BuildVerb object at 0x734e41fbc4d0>>, mixin_verb=('build',))
[0.812s] Level 1:colcon.colcon_core.package_discovery:discover_packages(colcon_meta) check parameters
[0.813s] Level 1:colcon.colcon_core.package_discovery:discover_packages(recursive) check parameters
[0.815s] Level 1:colcon.colcon_core.package_discovery:discover_packages(ignore) check parameters
[0.815s] Level 1:colcon.colcon_core.package_discovery:discover_packages(path) check parameters
[0.815s] Level 1:colcon.colcon_core.package_discovery:discover_packages(colcon_meta) discover
[0.816s] Level 1:colcon.colcon_core.package_discovery:discover_packages(recursive) discover
[0.816s] INFO:colcon.colcon_core.package_discovery:Crawling recursively for packages in '/home/masa/TASK_12.2/TASK12.2/task12_2_ws'
[0.816s] Level 1:colcon.colcon_core.package_identification:_identify(.) by extensions ['ignore', 'ignore_ament_install']
[0.817s] Level 1:colcon.colcon_core.package_identification:_identify(.) by extension 'ignore'
[0.817s] Level 1:colcon.colcon_core.package_identification:_identify(.) by extension 'ignore_ament_install'
[0.817s] Level 1:colcon.colcon_core.package_identification:_identify(.) by extensions ['colcon_pkg']
[0.817s] Level 1:colcon.colcon_core.package_identification:_identify(.) by extension 'colcon_pkg'
[0.817s] Level 1:colcon.colcon_core.package_identification:_identify(.) by extensions ['colcon_meta']
[0.817s] Level 1:colcon.colcon_core.package_identification:_identify(.) by extension 'colcon_meta'
[0.818s] Level 1:colcon.colcon_core.package_identification:_identify(.) by extensions ['ros']
[0.818s] Level 1:colcon.colcon_core.package_identification:_identify(.) by extension 'ros'
[0.964s] Level 1:colcon.colcon_core.package_identification:_identify(.) by extensions ['cmake', 'python']
[0.964s] Level 1:colcon.colcon_core.package_identification:_identify(.) by extension 'cmake'
[0.965s] Level 1:colcon.colcon_core.package_identification:_identify(.) by extension 'python'
[0.965s] Level 1:colcon.colcon_core.package_identification:_identify(.) by extensions ['python_setup_py']
[0.966s] Level 1:colcon.colcon_core.package_identification:_identify(.) by extension 'python_setup_py'
[0.966s] Level 1:colcon.colcon_core.package_identification:_identify(build) by extensions ['ignore', 'ignore_ament_install']
[0.967s] Level 1:colcon.colcon_core.package_identification:_identify(build) by extension 'ignore'
[0.968s] Level 1:colcon.colcon_core.package_identification:_identify(build) ignored
[0.968s] Level 1:colcon.colcon_core.package_identification:_identify(install) by extensions ['ignore', 'ignore_ament_install']
[0.969s] Level 1:colcon.colcon_core.package_identification:_identify(install) by extension 'ignore'
[0.969s] Level 1:colcon.colcon_core.package_identification:_identify(install) ignored
[0.970s] Level 1:colcon.colcon_core.package_identification:_identify(log) by extensions ['ignore', 'ignore_ament_install']
[0.970s] Level 1:colcon.colcon_core.package_identification:_identify(log) by extension 'ignore'
[0.970s] Level 1:colcon.colcon_core.package_identification:_identify(log) ignored
[0.971s] Level 1:colcon.colcon_core.package_identification:_identify(src) by extensions ['ignore', 'ignore_ament_install']
[0.971s] Level 1:colcon.colcon_core.package_identification:_identify(src) by extension 'ignore'
[0.972s] Level 1:colcon.colcon_core.package_identification:_identify(src) by extension 'ignore_ament_install'
[0.972s] Level 1:colcon.colcon_core.package_identification:_identify(src) by extensions ['colcon_pkg']
[0.972s] Level 1:colcon.colcon_core.package_identification:_identify(src) by extension 'colcon_pkg'
[0.972s] Level 1:colcon.colcon_core.package_identification:_identify(src) by extensions ['colcon_meta']
[0.973s] Level 1:colcon.colcon_core.package_identification:_identify(src) by extension 'colcon_meta'
[0.973s] Level 1:colcon.colcon_core.package_identification:_identify(src) by extensions ['ros']
[0.973s] Level 1:colcon.colcon_core.package_identification:_identify(src) by extension 'ros'
[0.973s] Level 1:colcon.colcon_core.package_identification:_identify(src) by extensions ['cmake', 'python']
[0.974s] Level 1:colcon.colcon_core.package_identification:_identify(src) by extension 'cmake'
[0.974s] Level 1:colcon.colcon_core.package_identification:_identify(src) by extension 'python'
[0.974s] Level 1:colcon.colcon_core.package_identification:_identify(src) by extensions ['python_setup_py']
[0.974s] Level 1:colcon.colcon_core.package_identification:_identify(src) by extension 'python_setup_py'
[0.975s] Level 1:colcon.colcon_core.package_identification:_identify(src/MIA26_phase2_ros_contest) by extensions ['ignore', 'ignore_ament_install']
[0.975s] Level 1:colcon.colcon_core.package_identification:_identify(src/MIA26_phase2_ros_contest) by extension 'ignore'
[0.976s] Level 1:colcon.colcon_core.package_identification:_identify(src/MIA26_phase2_ros_contest) by extension 'ignore_ament_install'
[0.976s] Level 1:colcon.colcon_core.package_identification:_identify(src/MIA26_phase2_ros_contest) by extensions ['colcon_pkg']
[0.976s] Level 1:colcon.colcon_core.package_identification:_identify(src/MIA26_phase2_ros_contest) by extension 'colcon_pkg'
[0.976s] Level 1:colcon.colcon_core.package_identification:_identify(src/MIA26_phase2_ros_contest) by extensions ['colcon_meta']
[0.976s] Level 1:colcon.colcon_core.package_identification:_identify(src/MIA26_phase2_ros_contest) by extension 'colcon_meta'
[0.977s] Level 1:colcon.colcon_core.package_identification:_identify(src/MIA26_phase2_ros_contest) by extensions ['ros']
[0.977s] Level 1:colcon.colcon_core.package_identification:_identify(src/MIA26_phase2_ros_contest) by extension 'ros'
[0.977s] Level 1:colcon.colcon_core.package_identification:_identify(src/MIA26_phase2_ros_contest) by extensions ['cmake', 'python']
[0.977s] Level 1:colcon.colcon_core.package_identification:_identify(src/MIA26_phase2_ros_contest) by extension 'cmake'
[0.978s] Level 1:colcon.colcon_core.package_identification:_identify(src/MIA26_phase2_ros_contest) by extension 'python'
[0.978s] Level 1:colcon.colcon_core.package_identification:_identify(src/MIA26_phase2_ros_contest) by extensions ['python_setup_py']
[0.978s] Level 1:colcon.colcon_core.package_identification:_identify(src/MIA26_phase2_ros_contest) by extension 'python_setup_py'
[0.979s] Level 1:colcon.colcon_core.package_identification:_identify(src/MIA26_phase2_ros_contest/assets) by extensions ['ignore', 'ignore_ament_install']
[0.979s] Level 1:colcon.colcon_core.package_identification:_identify(src/MIA26_phase2_ros_contest/assets) by extension 'ignore'
[0.979s] Level 1:colcon.colcon_core.package_identification:_identify(src/MIA26_phase2_ros_contest/assets) by extension 'ignore_ament_install'
[0.980s] Level 1:colcon.colcon_core.package_identification:_identify(src/MIA26_phase2_ros_contest/assets) by extensions ['colcon_pkg']
[0.980s] Level 1:colcon.colcon_core.package_identification:_identify(src/MIA26_phase2_ros_contest/assets) by extension 'colcon_pkg'
[0.980s] Level 1:colcon.colcon_core.package_identification:_identify(src/MIA26_phase2_ros_contest/assets) by extensions ['colcon_meta']
[0.980s] Level 1:colcon.colcon_core.package_identification:_identify(src/MIA26_phase2_ros_contest/assets) by extension 'colcon_meta'
[0.980s] Level 1:colcon.colcon_core.package_identification:_identify(src/MIA26_phase2_ros_contest/assets) by extensions ['ros']
[0.981s] Level 1:colcon.colcon_core.package_identification:_identify(src/MIA26_phase2_ros_contest/assets) by extension 'ros'
[0.981s] Level 1:colcon.colcon_core.package_identification:_identify(src/MIA26_phase2_ros_contest/assets) by extensions ['cmake', 'python']
[0.981s] Level 1:colcon.colcon_core.package_identification:_identify(src/MIA26_phase2_ros_contest/assets) by extension 'cmake'
[0.981s] Level 1:colcon.colcon_core.package_identification:_identify(src/MIA26_phase2_ros_contest/assets) by extension 'python'
[0.981s] Level 1:colcon.colcon_core.package_identification:_identify(src/MIA26_phase2_ros_contest/assets) by extensions ['python_setup_py']
[0.982s] Level 1:colcon.colcon_core.package_identification:_identify(src/MIA26_phase2_ros_contest/assets) by extension 'python_setup_py'
[0.982s] Level 1:colcon.colcon_core.package_identification:_identify(src/MIA26_phase2_ros_contest/maze_control) by extensions ['ignore', 'ignore_ament_install']
[0.982s] Level 1:colcon.colcon_core.package_identification:_identify(src/MIA26_phase2_ros_contest/maze_control) by extension 'ignore'
[0.982s] Level 1:colcon.colcon_core.package_identification:_identify(src/MIA26_phase2_ros_contest/maze_control) by extension 'ignore_ament_install'
[0.983s] Level 1:colcon.colcon_core.package_identification:_identify(src/MIA26_phase2_ros_contest/maze_control) by extensions ['colcon_pkg']
[0.983s] Level 1:colcon.colcon_core.package_identification:_identify(src/MIA26_phase2_ros_contest/maze_control) by extension 'colcon_pkg'
[0.983s] Level 1:colcon.colcon_core.package_identification:_identify(src/MIA26_phase2_ros_contest/maze_control) by extensions ['colcon_meta']
[0.983s] Level 1:colcon.colcon_core.package_identification:_identify(src/MIA26_phase2_ros_contest/maze_control) by extension 'colcon_meta'
[0.983s] Level 1:colcon.colcon_core.package_identification:_identify(src/MIA26_phase2_ros_contest/maze_control) by extensions ['ros']
[0.983s] Level 1:colcon.colcon_core.package_identification:_identify(src/MIA26_phase2_ros_contest/maze_control) by extension 'ros'
[0.995s] DEBUG:colcon.colcon_core.package_identification:Package 'src/MIA26_phase2_ros_contest/maze_control' with type 'ros.ament_python' and name 'maze_control'
[0.997s] Level 1:colcon.colcon_core.package_identification:_identify(src/pid_interfaces) by extensions ['ignore', 'ignore_ament_install']
[0.997s] Level 1:colcon.colcon_core.package_identification:_identify(src/pid_interfaces) by extension 'ignore'
[0.998s] Level 1:colcon.colcon_core.package_identification:_identify(src/pid_interfaces) by extension 'ignore_ament_install'
[0.998s] Level 1:colcon.colcon_core.package_identification:_identify(src/pid_interfaces) by extensions ['colcon_pkg']
[0.998s] Level 1:colcon.colcon_core.package_identification:_identify(src/pid_interfaces) by extension 'colcon_pkg'
[0.999s] Level 1:colcon.colcon_core.package_identification:_identify(src/pid_interfaces) by extensions ['colcon_meta']
[0.999s] Level 1:colcon.colcon_core.package_identification:_identify(src/pid_interfaces) by extension 'colcon_meta'
[0.999s] Level 1:colcon.colcon_core.package_identification:_identify(src/pid_interfaces) by extensions ['ros']
[0.999s] Level 1:colcon.colcon_core.package_identification:_identify(src/pid_interfaces) by extension 'ros'
[1.002s] DEBUG:colcon.colcon_core.package_identification:Package 'src/pid_interfaces' with type 'ros.ament_cmake' and name 'pid_interfaces'
[1.002s] Level 1:colcon.colcon_core.package_identification:_identify(src/pid_turtlebot) by extensions ['ignore', 'ignore_ament_install']
[1.002s] Level 1:colcon.colcon_core.package_identification:_identify(src/pid_turtlebot) by extension 'ignore'
[1.002s] Level 1:colcon.colcon_core.package_identification:_identify(src/pid_turtlebot) by extension 'ignore_ament_install'
[1.002s] Level 1:colcon.colcon_core.package_identification:_identify(src/pid_turtlebot) by extensions ['colcon_pkg']
[1.003s] Level 1:colcon.colcon_core.package_identification:_identify(src/pid_turtlebot) by extension 'colcon_pkg'
[1.003s] Level 1:colcon.colcon_core.package_identification:_identify(src/pid_turtlebot) by extensions ['colcon_meta']
[1.003s] Level 1:colcon.colcon_core.package_identification:_identify(src/pid_turtlebot) by extension 'colcon_meta'
[1.003s] Level 1:colcon.colcon_core.package_identification:_identify(src/pid_turtlebot) by extensions ['ros']
[1.003s] Level 1:colcon.colcon_core.package_identification:_identify(src/pid_turtlebot) by extension 'ros'
[1.006s] DEBUG:colcon.colcon_core.package_identification:Package 'src/pid_turtlebot' with type 'ros.ament_python' and name 'pid_turtlebot'
[1.006s] Level 1:colcon.colcon_core.package_discovery:discover_packages(recursive) using defaults
[1.006s] Level 1:colcon.colcon_core.package_discovery:discover_packages(ignore) discover
[1.006s] Level 1:colcon.colcon_core.package_discovery:discover_packages(ignore) using defaults
[1.006s] Level 1:colcon.colcon_core.package_discovery:discover_packages(path) discover
[1.006s] Level 1:colcon.colcon_core.package_discovery:discover_packages(path) using defaults
[1.105s] INFO:colcon.colcon_core.package_selection:Skipping not selected package 'maze_control' in 'src/MIA26_phase2_ros_contest/maze_control'
[1.105s] INFO:colcon.colcon_core.package_selection:Skipping not selected package 'pid_interfaces' in 'src/pid_interfaces'
[1.108s] Level 1:colcon.colcon_core.package_discovery:discover_packages(prefix_path) check parameters
[1.108s] Level 1:colcon.colcon_core.package_discovery:discover_packages(prefix_path) discover
[1.116s] DEBUG:colcon.colcon_installed_package_information.package_discovery:Found 3 installed packages in /home/masa/TASK_12.2/TASK12.2/task12_2_ws/install
[1.123s] DEBUG:colcon.colcon_installed_package_information.package_discovery:Found 440 installed packages in /opt/ros/jazzy
[1.135s] Level 1:colcon.colcon_core.package_discovery:discover_packages(prefix_path) using defaults
[1.430s] Level 5:colcon.colcon_core.verb:set package 'pid_turtlebot' build argument 'cmake_args' from command line to 'None'
[1.430s] Level 5:colcon.colcon_core.verb:set package 'pid_turtlebot' build argument 'cmake_target' from command line to 'None'
[1.430s] Level 5:colcon.colcon_core.verb:set package 'pid_turtlebot' build argument 'cmake_target_skip_unavailable' from command line to 'False'
[1.430s] Level 5:colcon.colcon_core.verb:set package 'pid_turtlebot' build argument 'cmake_clean_cache' from command line to 'False'
[1.430s] Level 5:colcon.colcon_core.verb:set package 'pid_turtlebot' build argument 'cmake_clean_first' from command line to 'False'
[1.431s] Level 5:colcon.colcon_core.verb:set package 'pid_turtlebot' build argument 'cmake_force_configure' from command line to 'False'
[1.431s] Level 5:colcon.colcon_core.verb:set package 'pid_turtlebot' build argument 'ament_cmake_args' from command line to 'None'
[1.431s] Level 5:colcon.colcon_core.verb:set package 'pid_turtlebot' build argument 'catkin_cmake_args' from command line to 'None'
[1.431s] Level 5:colcon.colcon_core.verb:set package 'pid_turtlebot' build argument 'catkin_skip_building_tests' from command line to 'False'
[1.431s] DEBUG:colcon.colcon_core.verb:Building package 'pid_turtlebot' with the following arguments: {'ament_cmake_args': None, 'build_base': '/home/masa/TASK_12.2/TASK12.2/task12_2_ws/build/pid_turtlebot', 'catkin_cmake_args': None, 'catkin_skip_building_tests': False, 'cmake_args': None, 'cmake_clean_cache': False, 'cmake_clean_first': False, 'cmake_force_configure': False, 'cmake_target': None, 'cmake_target_skip_unavailable': False, 'install_base': '/home/masa/TASK_12.2/TASK12.2/task12_2_ws/install/pid_turtlebot', 'merge_install': False, 'path': '/home/masa/TASK_12.2/TASK12.2/task12_2_ws/src/pid_turtlebot', 'symlink_install': True, 'test_result_base': None}
[1.432s] INFO:colcon.colcon_core.executor:Executing jobs using 'parallel' executor
[1.437s] DEBUG:colcon.colcon_parallel_executor.executor.parallel:run_until_complete
[1.439s] INFO:colcon.colcon_ros.task.ament_python.build:Building ROS package in '/home/masa/TASK_12.2/TASK12.2/task12_2_ws/src/pid_turtlebot' with build type 'ament_python'
[1.440s] Level 1:colcon.colcon_core.shell:create_environment_hook('pid_turtlebot', 'ament_prefix_path')
[1.453s] INFO:colcon.colcon_core.plugin_system:Skipping extension 'colcon_core.shell.bat': Not used on non-Windows systems
[1.454s] INFO:colcon.colcon_core.shell:Creating environment hook '/home/masa/TASK_12.2/TASK12.2/task12_2_ws/install/pid_turtlebot/share/pid_turtlebot/hook/ament_prefix_path.ps1'
[1.456s] INFO:colcon.colcon_core.shell:Creating environment descriptor '/home/masa/TASK_12.2/TASK12.2/task12_2_ws/install/pid_turtlebot/share/pid_turtlebot/hook/ament_prefix_path.dsv'
[1.457s] INFO:colcon.colcon_core.shell:Creating environment hook '/home/masa/TASK_12.2/TASK12.2/task12_2_ws/install/pid_turtlebot/share/pid_turtlebot/hook/ament_prefix_path.sh'
[1.460s] INFO:colcon.colcon_core.shell:Skip shell extension 'powershell' for command environment: Not usable outside of PowerShell
[1.461s] DEBUG:colcon.colcon_core.shell:Skip shell extension 'dsv' for command environment
[2.768s] INFO:colcon.colcon_core.task.python.build:Building Python package in '/home/masa/TASK_12.2/TASK12.2/task12_2_ws/src/pid_turtlebot'
[2.770s] INFO:colcon.colcon_core.shell:Skip shell extension 'powershell' for command environment: Not usable outside of PowerShell
[2.770s] DEBUG:colcon.colcon_core.shell:Skip shell extension 'dsv' for command environment
[6.299s] DEBUG:colcon.colcon_core.task.python.build:Available setuptools commands: build_clib, clean, saveopts, bdist_egg, easy_install, egg_info, bdist_dumb, install_data, bdist_rpm, build, sdist, update_catalog, install, build_scripts, setopt, install_headers, test, symlink_data, upload, extract_messages, build_ext, upload_docs, build_py, install_egg_info, register, rotate, bdist_wheel, check, bdist, dist_info, init_catalog, develop, install_lib, editable_wheel, compile_catalog, install_scripts, alias
[8.177s] DEBUG:colcon.colcon_core.task.python.build:Available setuptools 'develop' options: --install-layout, --zip-ok, --quiet, --record, --user, --exclude-scripts, --site-dirs, --local-snapshots-ok, --no-deps, --prefix, --no-user-cfg, --force-installation-into-system-dir, --verbose, --find-links, --build-directory, --always-copy, --no-find-links, --multi-version, --script-dir, --editable, --allow-hosts, --egg-path, --upgrade, --version, --index-url, --dry-run, --uninstall, --always-unzip, --install-dir, --help, --optimize
[8.186s] DEBUG:colcon.colcon_core.event_handler.log_command:Invoking command in '/home/masa/TASK_12.2/TASK12.2/task12_2_ws/build/pid_turtlebot': DEBUGINFOD_URLS=https://debuginfod.ubuntu.com PYTHONPATH=/home/masa/TASK_12.2/TASK12.2/task12_2_ws/build/pid_turtlebot/prefix_override:/usr/lib/python3/dist-packages/colcon_core/task/python/colcon_distutils_commands:/home/masa/TASK_12.2/TASK12.2/task12_2_ws/install/pid_turtlebot/lib/python3.12/site-packages:${PYTHONPATH} /usr/bin/python3 -W ignore:setup.py install is deprecated -W ignore:easy_install command is deprecated setup.py develop --editable --build-directory /home/masa/TASK_12.2/TASK12.2/task12_2_ws/build/pid_turtlebot/build --no-deps symlink_data
[12.144s] Level 1:colcon.colcon_core.shell:create_environment_hook('pid_turtlebot', 'pythonpath_develop')
[12.145s] INFO:colcon.colcon_core.shell:Creating environment hook '/home/masa/TASK_12.2/TASK12.2/task12_2_ws/build/pid_turtlebot/share/pid_turtlebot/hook/pythonpath_develop.ps1'
[12.146s] DEBUG:colcon.colcon_core.event_handler.log_command:Invoked command in '/home/masa/TASK_12.2/TASK12.2/task12_2_ws/build/pid_turtlebot' returned '0': DEBUGINFOD_URLS=https://debuginfod.ubuntu.com PYTHONPATH=/home/masa/TASK_12.2/TASK12.2/task12_2_ws/build/pid_turtlebot/prefix_override:/usr/lib/python3/dist-packages/colcon_core/task/python/colcon_distutils_commands:/home/masa/TASK_12.2/TASK12.2/task12_2_ws/install/pid_turtlebot/lib/python3.12/site-packages:${PYTHONPATH} /usr/bin/python3 -W ignore:setup.py install is deprecated -W ignore:easy_install command is deprecated setup.py develop --editable --build-directory /home/masa/TASK_12.2/TASK12.2/task12_2_ws/build/pid_turtlebot/build --no-deps symlink_data
[12.148s] INFO:colcon.colcon_core.shell:Creating environment descriptor '/home/masa/TASK_12.2/TASK12.2/task12_2_ws/build/pid_turtlebot/share/pid_turtlebot/hook/pythonpath_develop.dsv'
[12.150s] INFO:colcon.colcon_core.shell:Creating environment hook '/home/masa/TASK_12.2/TASK12.2/task12_2_ws/build/pid_turtlebot/share/pid_turtlebot/hook/pythonpath_develop.sh'
[12.163s] Level 1:colcon.colcon_core.environment:checking '/home/masa/TASK_12.2/TASK12.2/task12_2_ws/install/pid_turtlebot' for CMake module files
[12.165s] Level 1:colcon.colcon_core.environment:checking '/home/masa/TASK_12.2/TASK12.2/task12_2_ws/install/pid_turtlebot' for CMake config files
[12.167s] Level 1:colcon.colcon_core.environment:checking '/home/masa/TASK_12.2/TASK12.2/task12_2_ws/install/pid_turtlebot/lib'
[12.167s] Level 1:colcon.colcon_core.environment:checking '/home/masa/TASK_12.2/TASK12.2/task12_2_ws/install/pid_turtlebot/bin'
[12.168s] Level 1:colcon.colcon_core.environment:checking '/home/masa/TASK_12.2/TASK12.2/task12_2_ws/install/pid_turtlebot/lib/pkgconfig/pid_turtlebot.pc'
[12.169s] Level 1:colcon.colcon_core.environment:checking '/home/masa/TASK_12.2/TASK12.2/task12_2_ws/install/pid_turtlebot/lib/python3.12/site-packages'
[12.170s] Level 1:colcon.colcon_core.shell:create_environment_hook('pid_turtlebot', 'pythonpath')
[12.171s] INFO:colcon.colcon_core.shell:Creating environment hook '/home/masa/TASK_12.2/TASK12.2/task12_2_ws/install/pid_turtlebot/share/pid_turtlebot/hook/pythonpath.ps1'
[12.173s] INFO:colcon.colcon_core.shell:Creating environment descriptor '/home/masa/TASK_12.2/TASK12.2/task12_2_ws/install/pid_turtlebot/share/pid_turtlebot/hook/pythonpath.dsv'
[12.175s] INFO:colcon.colcon_core.shell:Creating environment hook '/home/masa/TASK_12.2/TASK12.2/task12_2_ws/install/pid_turtlebot/share/pid_turtlebot/hook/pythonpath.sh'
[12.180s] Level 1:colcon.colcon_core.environment:checking '/home/masa/TASK_12.2/TASK12.2/task12_2_ws/install/pid_turtlebot/bin'
[12.181s] Level 1:colcon.colcon_core.environment:create_environment_scripts_only(pid_turtlebot)
[12.185s] INFO:colcon.colcon_core.shell:Creating package script '/home/masa/TASK_12.2/TASK12.2/task12_2_ws/install/pid_turtlebot/share/pid_turtlebot/package.ps1'
[12.198s] INFO:colcon.colcon_core.shell:Creating package descriptor '/home/masa/TASK_12.2/TASK12.2/task12_2_ws/install/pid_turtlebot/share/pid_turtlebot/package.dsv'
[12.201s] INFO:colcon.colcon_core.shell:Creating package script '/home/masa/TASK_12.2/TASK12.2/task12_2_ws/install/pid_turtlebot/share/pid_turtlebot/package.sh'
[12.209s] INFO:colcon.colcon_core.shell:Creating package script '/home/masa/TASK_12.2/TASK12.2/task12_2_ws/install/pid_turtlebot/share/pid_turtlebot/package.bash'
[12.217s] INFO:colcon.colcon_core.shell:Creating package script '/home/masa/TASK_12.2/TASK12.2/task12_2_ws/install/pid_turtlebot/share/pid_turtlebot/package.zsh'
[12.223s] Level 1:colcon.colcon_core.environment:create_file_with_runtime_dependencies(/home/masa/TASK_12.2/TASK12.2/task12_2_ws/install/pid_turtlebot/share/colcon-core/packages/pid_turtlebot)
[12.226s] DEBUG:colcon.colcon_parallel_executor.executor.parallel:closing loop
[12.228s] DEBUG:colcon.colcon_parallel_executor.executor.parallel:loop closed
[12.231s] DEBUG:colcon.colcon_parallel_executor.executor.parallel:run_until_complete finished with '0'
[12.231s] DEBUG:colcon.colcon_core.event_reactor:joining thread
[12.266s] INFO:colcon.colcon_core.plugin_system:Skipping extension 'colcon_notification.desktop_notification.terminal_notifier': Not used on non-Darwin systems
[12.267s] INFO:colcon.colcon_core.plugin_system:Skipping extension 'colcon_notification.desktop_notification.win32': Not used on non-Windows systems
[12.267s] INFO:colcon.colcon_notification.desktop_notification:Sending desktop notification using 'notify2'
[12.350s] DEBUG:colcon.colcon_core.event_reactor:joined thread
[12.353s] INFO:colcon.colcon_core.shell:Creating prefix script '/home/masa/TASK_12.2/TASK12.2/task12_2_ws/install/local_setup.ps1'
[12.359s] INFO:colcon.colcon_core.shell:Creating prefix util module '/home/masa/TASK_12.2/TASK12.2/task12_2_ws/install/_local_setup_util_ps1.py'
[12.364s] INFO:colcon.colcon_core.shell:Creating prefix chain script '/home/masa/TASK_12.2/TASK12.2/task12_2_ws/install/setup.ps1'
[12.371s] INFO:colcon.colcon_core.shell:Creating prefix script '/home/masa/TASK_12.2/TASK12.2/task12_2_ws/install/local_setup.sh'
[12.377s] INFO:colcon.colcon_core.shell:Creating prefix util module '/home/masa/TASK_12.2/TASK12.2/task12_2_ws/install/_local_setup_util_sh.py'
[12.383s] INFO:colcon.colcon_core.shell:Creating prefix chain script '/home/masa/TASK_12.2/TASK12.2/task12_2_ws/install/setup.sh'
[12.394s] INFO:colcon.colcon_core.shell:Creating prefix script '/home/masa/TASK_12.2/TASK12.2/task12_2_ws/install/local_setup.bash'
[12.398s] INFO:colcon.colcon_core.shell:Creating prefix chain script '/home/masa/TASK_12.2/TASK12.2/task12_2_ws/install/setup.bash'
[12.405s] INFO:colcon.colcon_core.shell:Creating prefix script '/home/masa/TASK_12.2/TASK12.2/task12_2_ws/install/local_setup.zsh'
[12.406s] INFO:colcon.colcon_core.shell:Creating prefix chain script '/home/masa/TASK_12.2/TASK12.2/task12_2_ws/install/setup.zsh'
