[0.830s] Invoking command in '/home/masa/TASK_12.2/TASK12.2/task12_2_ws/src/pid_turtlebot': DEBUGINFOD_URLS=https://debuginfod.ubuntu.com PYTHONPATH=/home/masa/TASK_12.2/TASK12.2/task12_2_ws/build/pid_turtlebot/prefix_override:/usr/lib/python3/dist-packages/colcon_core/task/python/colcon_distutils_commands:/home/masa/TASK_12.2/TASK12.2/task12_2_ws/install/pid_turtlebot/lib/python3.12/site-packages:${PYTHONPATH} /usr/bin/python3 -W ignore:setup.py install is deprecated -W ignore:easy_install command is deprecated setup.py egg_info --egg-base ../../build/pid_turtlebot build --build-base /home/masa/TASK_12.2/TASK12.2/task12_2_ws/build/pid_turtlebot/build install --record /home/masa/TASK_12.2/TASK12.2/task12_2_ws/build/pid_turtlebot/install.log --install-scripts $base/lib/pid_turtlebot --single-version-externally-managed install_data
[1.016s] running egg_info
[1.016s] creating ../../build/pid_turtlebot/pid_turtlebot.egg-info
[1.030s] writing ../../build/pid_turtlebot/pid_turtlebot.egg-info/PKG-INFO
[1.030s] writing dependency_links to ../../build/pid_turtlebot/pid_turtlebot.egg-info/dependency_links.txt
[1.030s] writing requirements to ../../build/pid_turtlebot/pid_turtlebot.egg-info/requires.txt
[1.030s] writing top-level names to ../../build/pid_turtlebot/pid_turtlebot.egg-info/top_level.txt
[1.030s] writing manifest file '../../build/pid_turtlebot/pid_turtlebot.egg-info/SOURCES.txt'
[1.058s] reading manifest file '../../build/pid_turtlebot/pid_turtlebot.egg-info/SOURCES.txt'
[1.059s] writing manifest file '../../build/pid_turtlebot/pid_turtlebot.egg-info/SOURCES.txt'
[1.059s] running build
[1.059s] running build_py
[1.059s] creating /home/masa/TASK_12.2/TASK12.2/task12_2_ws/build/pid_turtlebot/build
[1.059s] creating /home/masa/TASK_12.2/TASK12.2/task12_2_ws/build/pid_turtlebot/build/lib
[1.059s] creating /home/masa/TASK_12.2/TASK12.2/task12_2_ws/build/pid_turtlebot/build/lib/pid_turtlebot
[1.059s] copying pid_turtlebot/__init__.py -> /home/masa/TASK_12.2/TASK12.2/task12_2_ws/build/pid_turtlebot/build/lib/pid_turtlebot
[1.059s] running install
[1.064s] running install_lib
[1.078s] creating /home/masa/TASK_12.2/TASK12.2/task12_2_ws/install/pid_turtlebot/lib/python3.12/site-packages/pid_turtlebot
[1.078s] copying /home/masa/TASK_12.2/TASK12.2/task12_2_ws/build/pid_turtlebot/build/lib/pid_turtlebot/__init__.py -> /home/masa/TASK_12.2/TASK12.2/task12_2_ws/install/pid_turtlebot/lib/python3.12/site-packages/pid_turtlebot
[1.078s] byte-compiling /home/masa/TASK_12.2/TASK12.2/task12_2_ws/install/pid_turtlebot/lib/python3.12/site-packages/pid_turtlebot/__init__.py to __init__.cpython-312.pyc
[1.078s] running install_data
[1.078s] creating /home/masa/TASK_12.2/TASK12.2/task12_2_ws/install/pid_turtlebot/share/ament_index
[1.078s] creating /home/masa/TASK_12.2/TASK12.2/task12_2_ws/install/pid_turtlebot/share/ament_index/resource_index
[1.078s] creating /home/masa/TASK_12.2/TASK12.2/task12_2_ws/install/pid_turtlebot/share/ament_index/resource_index/packages
[1.078s] copying resource/pid_turtlebot -> /home/masa/TASK_12.2/TASK12.2/task12_2_ws/install/pid_turtlebot/share/ament_index/resource_index/packages
[1.078s] copying package.xml -> /home/masa/TASK_12.2/TASK12.2/task12_2_ws/install/pid_turtlebot/share/pid_turtlebot
[1.078s] running install_egg_info
[1.093s] Copying ../../build/pid_turtlebot/pid_turtlebot.egg-info to /home/masa/TASK_12.2/TASK12.2/task12_2_ws/install/pid_turtlebot/lib/python3.12/site-packages/pid_turtlebot-0.0.0-py3.12.egg-info
[1.094s] running install_scripts
[1.188s] writing list of installed files to '/home/masa/TASK_12.2/TASK12.2/task12_2_ws/build/pid_turtlebot/install.log'
[1.207s] Invoked command in '/home/masa/TASK_12.2/TASK12.2/task12_2_ws/src/pid_turtlebot' returned '0': DEBUGINFOD_URLS=https://debuginfod.ubuntu.com PYTHONPATH=/home/masa/TASK_12.2/TASK12.2/task12_2_ws/build/pid_turtlebot/prefix_override:/usr/lib/python3/dist-packages/colcon_core/task/python/colcon_distutils_commands:/home/masa/TASK_12.2/TASK12.2/task12_2_ws/install/pid_turtlebot/lib/python3.12/site-packages:${PYTHONPATH} /usr/bin/python3 -W ignore:setup.py install is deprecated -W ignore:easy_install command is deprecated setup.py egg_info --egg-base ../../build/pid_turtlebot build --build-base /home/masa/TASK_12.2/TASK12.2/task12_2_ws/build/pid_turtlebot/build install --record /home/masa/TASK_12.2/TASK12.2/task12_2_ws/build/pid_turtlebot/install.log --install-scripts $base/lib/pid_turtlebot --single-version-externally-managed install_data
