[0.990s] Invoking command in '/home/masa/TASK_12.2/TASK12.2/task12_2_ws/src/MIA26_phase2_ros_contest/maze_control': DEBUGINFOD_URLS=https://debuginfod.ubuntu.com PYTHONPATH=/home/masa/TASK_12.2/TASK12.2/task12_2_ws/build/maze_control/prefix_override:/usr/lib/python3/dist-packages/colcon_core/task/python/colcon_distutils_commands:/home/masa/TASK_12.2/TASK12.2/task12_2_ws/install/maze_control/lib/python3.12/site-packages:${PYTHONPATH} /usr/bin/python3 -W ignore:setup.py install is deprecated -W ignore:easy_install command is deprecated setup.py egg_info --egg-base ../../../build/maze_control build --build-base /home/masa/TASK_12.2/TASK12.2/task12_2_ws/build/maze_control/build install --record /home/masa/TASK_12.2/TASK12.2/task12_2_ws/build/maze_control/install.log --install-scripts $base/lib/maze_control --single-version-externally-managed install_data
[1.195s] running egg_info
[1.195s] creating ../../../build/maze_control/maze_control.egg-info
[1.212s] writing ../../../build/maze_control/maze_control.egg-info/PKG-INFO
[1.212s] writing dependency_links to ../../../build/maze_control/maze_control.egg-info/dependency_links.txt
[1.212s] writing entry points to ../../../build/maze_control/maze_control.egg-info/entry_points.txt
[1.212s] writing requirements to ../../../build/maze_control/maze_control.egg-info/requires.txt
[1.212s] writing top-level names to ../../../build/maze_control/maze_control.egg-info/top_level.txt
[1.212s] writing manifest file '../../../build/maze_control/maze_control.egg-info/SOURCES.txt'
[1.243s] reading manifest file '../../../build/maze_control/maze_control.egg-info/SOURCES.txt'
[1.244s] writing manifest file '../../../build/maze_control/maze_control.egg-info/SOURCES.txt'
[1.244s] running build
[1.244s] running build_py
[1.244s] creating /home/masa/TASK_12.2/TASK12.2/task12_2_ws/build/maze_control/build
[1.245s] creating /home/masa/TASK_12.2/TASK12.2/task12_2_ws/build/maze_control/build/lib
[1.245s] creating /home/masa/TASK_12.2/TASK12.2/task12_2_ws/build/maze_control/build/lib/maze_control
[1.245s] copying maze_control/wall_retraction_service.py -> /home/masa/TASK_12.2/TASK12.2/task12_2_ws/build/maze_control/build/lib/maze_control
[1.245s] copying maze_control/__init__.py -> /home/masa/TASK_12.2/TASK12.2/task12_2_ws/build/maze_control/build/lib/maze_control
[1.245s] copying maze_control/maze_timer_node.py -> /home/masa/TASK_12.2/TASK12.2/task12_2_ws/build/maze_control/build/lib/maze_control
[1.246s] running install
[1.250s] running install_lib
[1.265s] creating /home/masa/TASK_12.2/TASK12.2/task12_2_ws/install/maze_control/lib/python3.12/site-packages/maze_control
[1.265s] copying /home/masa/TASK_12.2/TASK12.2/task12_2_ws/build/maze_control/build/lib/maze_control/wall_retraction_service.py -> /home/masa/TASK_12.2/TASK12.2/task12_2_ws/install/maze_control/lib/python3.12/site-packages/maze_control
[1.265s] copying /home/masa/TASK_12.2/TASK12.2/task12_2_ws/build/maze_control/build/lib/maze_control/__init__.py -> /home/masa/TASK_12.2/TASK12.2/task12_2_ws/install/maze_control/lib/python3.12/site-packages/maze_control
[1.266s] copying /home/masa/TASK_12.2/TASK12.2/task12_2_ws/build/maze_control/build/lib/maze_control/maze_timer_node.py -> /home/masa/TASK_12.2/TASK12.2/task12_2_ws/install/maze_control/lib/python3.12/site-packages/maze_control
[1.266s] byte-compiling /home/masa/TASK_12.2/TASK12.2/task12_2_ws/install/maze_control/lib/python3.12/site-packages/maze_control/wall_retraction_service.py to wall_retraction_service.cpython-312.pyc
[1.267s] byte-compiling /home/masa/TASK_12.2/TASK12.2/task12_2_ws/install/maze_control/lib/python3.12/site-packages/maze_control/__init__.py to __init__.cpython-312.pyc
[1.267s] byte-compiling /home/masa/TASK_12.2/TASK12.2/task12_2_ws/install/maze_control/lib/python3.12/site-packages/maze_control/maze_timer_node.py to maze_timer_node.cpython-312.pyc
[1.268s] running install_data
[1.268s] creating /home/masa/TASK_12.2/TASK12.2/task12_2_ws/install/maze_control/share/ament_index
[1.268s] creating /home/masa/TASK_12.2/TASK12.2/task12_2_ws/install/maze_control/share/ament_index/resource_index
[1.268s] creating /home/masa/TASK_12.2/TASK12.2/task12_2_ws/install/maze_control/share/ament_index/resource_index/packages
[1.268s] copying resource/maze_control -> /home/masa/TASK_12.2/TASK12.2/task12_2_ws/install/maze_control/share/ament_index/resource_index/packages
[1.268s] copying package.xml -> /home/masa/TASK_12.2/TASK12.2/task12_2_ws/install/maze_control/share/maze_control
[1.269s] creating /home/masa/TASK_12.2/TASK12.2/task12_2_ws/install/maze_control/share/maze_control/launch
[1.269s] copying launch/maze_simulation_tb3.launch.py -> /home/masa/TASK_12.2/TASK12.2/task12_2_ws/install/maze_control/share/maze_control/launch
[1.269s] creating /home/masa/TASK_12.2/TASK12.2/task12_2_ws/install/maze_control/share/maze_control/worlds
[1.269s] copying worlds/maze_world.sdf -> /home/masa/TASK_12.2/TASK12.2/task12_2_ws/install/maze_control/share/maze_control/worlds
[1.269s] creating /home/masa/TASK_12.2/TASK12.2/task12_2_ws/install/maze_control/share/maze_control/config
[1.269s] copying config/bridge_config.yaml -> /home/masa/TASK_12.2/TASK12.2/task12_2_ws/install/maze_control/share/maze_control/config
[1.269s] copying config/gui.config -> /home/masa/TASK_12.2/TASK12.2/task12_2_ws/install/maze_control/share/maze_control/config
[1.269s] creating /home/masa/TASK_12.2/TASK12.2/task12_2_ws/install/maze_control/share/maze_control/models
[1.269s] creating /home/masa/TASK_12.2/TASK12.2/task12_2_ws/install/maze_control/share/maze_control/models/simple_robot
[1.270s] running install_egg_info
[1.286s] Copying ../../../build/maze_control/maze_control.egg-info to /home/masa/TASK_12.2/TASK12.2/task12_2_ws/install/maze_control/lib/python3.12/site-packages/maze_control-0.1.0-py3.12.egg-info
[1.286s] running install_scripts
[1.388s] Installing maze_timer_node script to /home/masa/TASK_12.2/TASK12.2/task12_2_ws/install/maze_control/lib/maze_control
[1.388s] Installing wall_retraction_service script to /home/masa/TASK_12.2/TASK12.2/task12_2_ws/install/maze_control/lib/maze_control
[1.388s] writing list of installed files to '/home/masa/TASK_12.2/TASK12.2/task12_2_ws/build/maze_control/install.log'
[1.420s] Invoked command in '/home/masa/TASK_12.2/TASK12.2/task12_2_ws/src/MIA26_phase2_ros_contest/maze_control' returned '0': DEBUGINFOD_URLS=https://debuginfod.ubuntu.com PYTHONPATH=/home/masa/TASK_12.2/TASK12.2/task12_2_ws/build/maze_control/prefix_override:/usr/lib/python3/dist-packages/colcon_core/task/python/colcon_distutils_commands:/home/masa/TASK_12.2/TASK12.2/task12_2_ws/install/maze_control/lib/python3.12/site-packages:${PYTHONPATH} /usr/bin/python3 -W ignore:setup.py install is deprecated -W ignore:easy_install command is deprecated setup.py egg_info --egg-base ../../../build/maze_control build --build-base /home/masa/TASK_12.2/TASK12.2/task12_2_ws/build/maze_control/build install --record /home/masa/TASK_12.2/TASK12.2/task12_2_ws/build/maze_control/install.log --install-scripts $base/lib/maze_control --single-version-externally-managed install_data
