[0.977s] Invoking command in '/home/masa/TASK_12.2/TASK12.2/task12_2_ws/src/pid_turtlebot': DEBUGINFOD_URLS=https://debuginfod.ubuntu.com PYTHONPATH=/home/masa/TASK_12.2/TASK12.2/task12_2_ws/build/pid_turtlebot/prefix_override:/usr/lib/python3/dist-packages/colcon_core/task/python/colcon_distutils_commands:/home/masa/TASK_12.2/TASK12.2/task12_2_ws/install/pid_turtlebot/lib/python3.12/site-packages:${PYTHONPATH} /usr/bin/python3 -W ignore:setup.py install is deprecated -W ignore:easy_install command is deprecated setup.py egg_info --egg-base ../../build/pid_turtlebot build --build-base /home/masa/TASK_12.2/TASK12.2/task12_2_ws/build/pid_turtlebot/build install --record /home/masa/TASK_12.2/TASK12.2/task12_2_ws/build/pid_turtlebot/install.log --install-scripts $base/lib/pid_turtlebot --single-version-externally-managed install_data
[1.186s] running egg_info
[1.202s] writing ../../build/pid_turtlebot/pid_turtlebot.egg-info/PKG-INFO
[1.202s] writing dependency_links to ../../build/pid_turtlebot/pid_turtlebot.egg-info/dependency_links.txt
[1.202s] writing entry points to ../../build/pid_turtlebot/pid_turtlebot.egg-info/entry_points.txt
[1.202s] writing requirements to ../../build/pid_turtlebot/pid_turtlebot.egg-info/requires.txt
[1.203s] writing top-level names to ../../build/pid_turtlebot/pid_turtlebot.egg-info/top_level.txt
[1.234s] reading manifest file '../../build/pid_turtlebot/pid_turtlebot.egg-info/SOURCES.txt'
[1.235s] writing manifest file '../../build/pid_turtlebot/pid_turtlebot.egg-info/SOURCES.txt'
[1.236s] running build
[1.236s] running build_py
[1.236s] copying pid_turtlebot/solve_maze.py -> /home/masa/TASK_12.2/TASK12.2/task12_2_ws/build/pid_turtlebot/build/lib/pid_turtlebot
[1.237s] copying pid_turtlebot/linear_pid.py -> /home/masa/TASK_12.2/TASK12.2/task12_2_ws/build/pid_turtlebot/build/lib/pid_turtlebot
[1.237s] copying pid_turtlebot/maze_config.py -> /home/masa/TASK_12.2/TASK12.2/task12_2_ws/build/pid_turtlebot/build/lib/pid_turtlebot
[1.237s] copying pid_turtlebot/yaw_pid.py -> /home/masa/TASK_12.2/TASK12.2/task12_2_ws/build/pid_turtlebot/build/lib/pid_turtlebot
[1.237s] copying pid_turtlebot/heading_pid.py -> /home/masa/TASK_12.2/TASK12.2/task12_2_ws/build/pid_turtlebot/build/lib/pid_turtlebot
[1.237s] running install
[1.242s] running install_lib
[1.258s] copying /home/masa/TASK_12.2/TASK12.2/task12_2_ws/build/pid_turtlebot/build/lib/pid_turtlebot/solve_maze.py -> /home/masa/TASK_12.2/TASK12.2/task12_2_ws/install/pid_turtlebot/lib/python3.12/site-packages/pid_turtlebot
[1.258s] copying /home/masa/TASK_12.2/TASK12.2/task12_2_ws/build/pid_turtlebot/build/lib/pid_turtlebot/linear_pid.py -> /home/masa/TASK_12.2/TASK12.2/task12_2_ws/install/pid_turtlebot/lib/python3.12/site-packages/pid_turtlebot
[1.258s] copying /home/masa/TASK_12.2/TASK12.2/task12_2_ws/build/pid_turtlebot/build/lib/pid_turtlebot/maze_config.py -> /home/masa/TASK_12.2/TASK12.2/task12_2_ws/install/pid_turtlebot/lib/python3.12/site-packages/pid_turtlebot
[1.258s] copying /home/masa/TASK_12.2/TASK12.2/task12_2_ws/build/pid_turtlebot/build/lib/pid_turtlebot/yaw_pid.py -> /home/masa/TASK_12.2/TASK12.2/task12_2_ws/install/pid_turtlebot/lib/python3.12/site-packages/pid_turtlebot
[1.258s] copying /home/masa/TASK_12.2/TASK12.2/task12_2_ws/build/pid_turtlebot/build/lib/pid_turtlebot/heading_pid.py -> /home/masa/TASK_12.2/TASK12.2/task12_2_ws/install/pid_turtlebot/lib/python3.12/site-packages/pid_turtlebot
[1.259s] byte-compiling /home/masa/TASK_12.2/TASK12.2/task12_2_ws/install/pid_turtlebot/lib/python3.12/site-packages/pid_turtlebot/solve_maze.py to solve_maze.cpython-312.pyc
[1.261s] byte-compiling /home/masa/TASK_12.2/TASK12.2/task12_2_ws/install/pid_turtlebot/lib/python3.12/site-packages/pid_turtlebot/linear_pid.py to linear_pid.cpython-312.pyc
[1.262s] byte-compiling /home/masa/TASK_12.2/TASK12.2/task12_2_ws/install/pid_turtlebot/lib/python3.12/site-packages/pid_turtlebot/maze_config.py to maze_config.cpython-312.pyc
[1.262s] byte-compiling /home/masa/TASK_12.2/TASK12.2/task12_2_ws/install/pid_turtlebot/lib/python3.12/site-packages/pid_turtlebot/yaw_pid.py to yaw_pid.cpython-312.pyc
[1.263s] byte-compiling /home/masa/TASK_12.2/TASK12.2/task12_2_ws/install/pid_turtlebot/lib/python3.12/site-packages/pid_turtlebot/heading_pid.py to heading_pid.cpython-312.pyc
[1.263s] running install_data
[1.264s] running install_egg_info
[1.281s] removing '/home/masa/TASK_12.2/TASK12.2/task12_2_ws/install/pid_turtlebot/lib/python3.12/site-packages/pid_turtlebot-0.0.0-py3.12.egg-info' (and everything under it)
[1.281s] Copying ../../build/pid_turtlebot/pid_turtlebot.egg-info to /home/masa/TASK_12.2/TASK12.2/task12_2_ws/install/pid_turtlebot/lib/python3.12/site-packages/pid_turtlebot-0.0.0-py3.12.egg-info
[1.281s] running install_scripts
[1.382s] Installing heading_pid script to /home/masa/TASK_12.2/TASK12.2/task12_2_ws/install/pid_turtlebot/lib/pid_turtlebot
[1.382s] Installing linear_pid script to /home/masa/TASK_12.2/TASK12.2/task12_2_ws/install/pid_turtlebot/lib/pid_turtlebot
[1.383s] Installing solve_maze script to /home/masa/TASK_12.2/TASK12.2/task12_2_ws/install/pid_turtlebot/lib/pid_turtlebot
[1.383s] Installing yaw_pid script to /home/masa/TASK_12.2/TASK12.2/task12_2_ws/install/pid_turtlebot/lib/pid_turtlebot
[1.383s] writing list of installed files to '/home/masa/TASK_12.2/TASK12.2/task12_2_ws/build/pid_turtlebot/install.log'
[1.423s] Invoked command in '/home/masa/TASK_12.2/TASK12.2/task12_2_ws/src/pid_turtlebot' returned '0': DEBUGINFOD_URLS=https://debuginfod.ubuntu.com PYTHONPATH=/home/masa/TASK_12.2/TASK12.2/task12_2_ws/build/pid_turtlebot/prefix_override:/usr/lib/python3/dist-packages/colcon_core/task/python/colcon_distutils_commands:/home/masa/TASK_12.2/TASK12.2/task12_2_ws/install/pid_turtlebot/lib/python3.12/site-packages:${PYTHONPATH} /usr/bin/python3 -W ignore:setup.py install is deprecated -W ignore:easy_install command is deprecated setup.py egg_info --egg-base ../../build/pid_turtlebot build --build-base /home/masa/TASK_12.2/TASK12.2/task12_2_ws/build/pid_turtlebot/build install --record /home/masa/TASK_12.2/TASK12.2/task12_2_ws/build/pid_turtlebot/install.log --install-scripts $base/lib/pid_turtlebot --single-version-externally-managed install_data
