[0.119s] DEBUG:colcon:Command line arguments: ['/usr/bin/colcon', 'build', '--symlink-install', '--packages-select', 'pid_turtlebot']
[0.119s] DEBUG:colcon:Parsed command line arguments: Namespace(log_base=None, log_level=None, verb_name='build', build_base='build', install_base='install', merge_install=False, symlink_install=True, test_result_base=None, continue_on_error=False, executor='parallel', parallel_workers=8, event_handlers=None, ignore_user_meta=False, metas=['./colcon.meta'], base_paths=['.'], packages_ignore=None, packages_ignore_regex=None, paths=None, packages_up_to=None, packages_up_to_regex=None, packages_above=None, packages_above_and_dependencies=None, packages_above_depth=None, packages_select_by_dep=None, packages_skip_by_dep=None, packages_skip_up_to=None, packages_select_build_failed=False, packages_skip_build_finished=False, packages_select_test_failures=False, packages_skip_test_passed=False, packages_select=['pid_turtlebot'], packages_skip=None, packages_select_regex=None, packages_skip_regex=None, packages_start=None, packages_end=None, allow_overriding=[], cmake_args=None, cmake_target=None, cmake_target_skip_unavailable=False, cmake_clean_cache=False, cmake_clean_first=False, cmake_force_configure=False, ament_cmake_args=None, catkin_cmake_args=None, catkin_skip_building_tests=False, mixin_files=None, mixin=None, verb_parser=<colcon_mixin.mixin.mixin_argument.MixinArgumentDecorator object at 0x76962adbe480>, verb_extension=<colcon_core.verb.build.BuildVerb object at 0x76962ad96870>, main=<bound method BuildVerb.main of <colcon_core.verb.build.BuildVerb object at 0x76962ad96870>>, mixin_verb=('build',))
[0.156s] Level 1:colcon.colcon_core.package_discovery:discover_packages(colcon_meta) check parameters
[0.156s] Level 1:colcon.colcon_core.package_discovery:discover_packages(recursive) check parameters
[0.156s] Level 1:colcon.colcon_core.package_discovery:discover_packages(ignore) check parameters
[0.156s] Level 1:colcon.colcon_core.package_discovery:discover_packages(path) check parameters
[0.156s] Level 1:colcon.colcon_core.package_discovery:discover_packages(colcon_meta) discover
[0.156s] Level 1:colcon.colcon_core.package_discovery:discover_packages(recursive) discover
[0.156s] INFO:colcon.colcon_core.package_discovery:Crawling recursively for packages in '/home/masa/TASK_12.2/TASK12.2/task12_2_ws'
[0.156s] Level 1:colcon.colcon_core.package_identification:_identify(.) by extensions ['ignore', 'ignore_ament_install']
[0.157s] Level 1:colcon.colcon_core.package_identification:_identify(.) by extension 'ignore'
[0.157s] Level 1:colcon.colcon_core.package_identification:_identify(.) by extension 'ignore_ament_install'
[0.157s] Level 1:colcon.colcon_core.package_identification:_identify(.) by extensions ['colcon_pkg']
[0.157s] Level 1:colcon.colcon_core.package_identification:_identify(.) by extension 'colcon_pkg'
[0.157s] Level 1:colcon.colcon_core.package_identification:_identify(.) by extensions ['colcon_meta']
[0.157s] Level 1:colcon.colcon_core.package_identification:_identify(.) by extension 'colcon_meta'
[0.157s] Level 1:colcon.colcon_core.package_identification:_identify(.) by extensions ['ros']
[0.157s] Level 1:colcon.colcon_core.package_identification:_identify(.) by extension 'ros'
[0.183s] Level 1:colcon.colcon_core.package_identification:_identify(.) by extensions ['cmake', 'python']
[0.183s] Level 1:colcon.colcon_core.package_identification:_identify(.) by extension 'cmake'
[0.183s] Level 1:colcon.colcon_core.package_identification:_identify(.) by extension 'python'
[0.183s] Level 1:colcon.colcon_core.package_identification:_identify(.) by extensions ['python_setup_py']
[0.183s] Level 1:colcon.colcon_core.package_identification:_identify(.) by extension 'python_setup_py'
[0.183s] Level 1:colcon.colcon_core.package_identification:_identify(build) by extensions ['ignore', 'ignore_ament_install']
[0.183s] Level 1:colcon.colcon_core.package_identification:_identify(build) by extension 'ignore'
[0.183s] Level 1:colcon.colcon_core.package_identification:_identify(build) ignored
[0.183s] Level 1:colcon.colcon_core.package_identification:_identify(install) by extensions ['ignore', 'ignore_ament_install']
[0.183s] Level 1:colcon.colcon_core.package_identification:_identify(install) by extension 'ignore'
[0.183s] Level 1:colcon.colcon_core.package_identification:_identify(install) ignored
[0.184s] Level 1:colcon.colcon_core.package_identification:_identify(log) by extensions ['ignore', 'ignore_ament_install']
[0.184s] Level 1:colcon.colcon_core.package_identification:_identify(log) by extension 'ignore'
[0.184s] Level 1:colcon.colcon_core.package_identification:_identify(log) ignored
[0.184s] Level 1:colcon.colcon_core.package_identification:_identify(src) by extensions ['ignore', 'ignore_ament_install']
[0.184s] Level 1:colcon.colcon_core.package_identification:_identify(src) by extension 'ignore'
[0.184s] Level 1:colcon.colcon_core.package_identification:_identify(src) by extension 'ignore_ament_install'
[0.184s] Level 1:colcon.colcon_core.package_identification:_identify(src) by extensions ['colcon_pkg']
[0.184s] Level 1:colcon.colcon_core.package_identification:_identify(src) by extension 'colcon_pkg'
[0.184s] Level 1:colcon.colcon_core.package_identification:_identify(src) by extensions ['colcon_meta']
[0.184s] Level 1:colcon.colcon_core.package_identification:_identify(src) by extension 'colcon_meta'
[0.184s] Level 1:colcon.colcon_core.package_identification:_identify(src) by extensions ['ros']
[0.184s] Level 1:colcon.colcon_core.package_identification:_identify(src) by extension 'ros'
[0.184s] Level 1:colcon.colcon_core.package_identification:_identify(src) by extensions ['cmake', 'python']
[0.184s] Level 1:colcon.colcon_core.package_identification:_identify(src) by extension 'cmake'
[0.184s] Level 1:colcon.colcon_core.package_identification:_identify(src) by extension 'python'
[0.184s] Level 1:colcon.colcon_core.package_identification:_identify(src) by extensions ['python_setup_py']
[0.184s] Level 1:colcon.colcon_core.package_identification:_identify(src) by extension 'python_setup_py'
[0.184s] Level 1:colcon.colcon_core.package_identification:_identify(src/MIA26_phase2_ros_contest) by extensions ['ignore', 'ignore_ament_install']
[0.184s] Level 1:colcon.colcon_core.package_identification:_identify(src/MIA26_phase2_ros_contest) by extension 'ignore'
[0.184s] Level 1:colcon.colcon_core.package_identification:_identify(src/MIA26_phase2_ros_contest) by extension 'ignore_ament_install'
[0.184s] Level 1:colcon.colcon_core.package_identification:_identify(src/MIA26_phase2_ros_contest) by extensions ['colcon_pkg']
[0.184s] Level 1:colcon.colcon_core.package_identification:_identify(src/MIA26_phase2_ros_contest) by extension 'colcon_pkg'
[0.184s] Level 1:colcon.colcon_core.package_identification:_identify(src/MIA26_phase2_ros_contest) by extensions ['colcon_meta']
[0.184s] Level 1:colcon.colcon_core.package_identification:_identify(src/MIA26_phase2_ros_contest) by extension 'colcon_meta'
[0.184s] Level 1:colcon.colcon_core.package_identification:_identify(src/MIA26_phase2_ros_contest) by extensions ['ros']
[0.184s] Level 1:colcon.colcon_core.package_identification:_identify(src/MIA26_phase2_ros_contest) by extension 'ros'
[0.184s] Level 1:colcon.colcon_core.package_identification:_identify(src/MIA26_phase2_ros_contest) by extensions ['cmake', 'python']
[0.184s] Level 1:colcon.colcon_core.package_identification:_identify(src/MIA26_phase2_ros_contest) by extension 'cmake'
[0.185s] Level 1:colcon.colcon_core.package_identification:_identify(src/MIA26_phase2_ros_contest) by extension 'python'
[0.185s] Level 1:colcon.colcon_core.package_identification:_identify(src/MIA26_phase2_ros_contest) by extensions ['python_setup_py']
[0.185s] Level 1:colcon.colcon_core.package_identification:_identify(src/MIA26_phase2_ros_contest) by extension 'python_setup_py'
[0.185s] Level 1:colcon.colcon_core.package_identification:_identify(src/MIA26_phase2_ros_contest/assets) by extensions ['ignore', 'ignore_ament_install']
[0.185s] Level 1:colcon.colcon_core.package_identification:_identify(src/MIA26_phase2_ros_contest/assets) by extension 'ignore'
[0.185s] Level 1:colcon.colcon_core.package_identification:_identify(src/MIA26_phase2_ros_contest/assets) by extension 'ignore_ament_install'
[0.185s] Level 1:colcon.colcon_core.package_identification:_identify(src/MIA26_phase2_ros_contest/assets) by extensions ['colcon_pkg']
[0.185s] Level 1:colcon.colcon_core.package_identification:_identify(src/MIA26_phase2_ros_contest/assets) by extension 'colcon_pkg'
[0.185s] Level 1:colcon.colcon_core.package_identification:_identify(src/MIA26_phase2_ros_contest/assets) by extensions ['colcon_meta']
[0.185s] Level 1:colcon.colcon_core.package_identification:_identify(src/MIA26_phase2_ros_contest/assets) by extension 'colcon_meta'
[0.185s] Level 1:colcon.colcon_core.package_identification:_identify(src/MIA26_phase2_ros_contest/assets) by extensions ['ros']
[0.185s] Level 1:colcon.colcon_core.package_identification:_identify(src/MIA26_phase2_ros_contest/assets) by extension 'ros'
[0.185s] Level 1:colcon.colcon_core.package_identification:_identify(src/MIA26_phase2_ros_contest/assets) by extensions ['cmake', 'python']
[0.185s] Level 1:colcon.colcon_core.package_identification:_identify(src/MIA26_phase2_ros_contest/assets) by extension 'cmake'
[0.185s] Level 1:colcon.colcon_core.package_identification:_identify(src/MIA26_phase2_ros_contest/assets) by extension 'python'
[0.185s] Level 1:colcon.colcon_core.package_identification:_identify(src/MIA26_phase2_ros_contest/assets) by extensions ['python_setup_py']
[0.185s] Level 1:colcon.colcon_core.package_identification:_identify(src/MIA26_phase2_ros_contest/assets) by extension 'python_setup_py'
[0.185s] Level 1:colcon.colcon_core.package_identification:_identify(src/MIA26_phase2_ros_contest/maze_control) by extensions ['ignore', 'ignore_ament_install']
[0.185s] Level 1:colcon.colcon_core.package_identification:_identify(src/MIA26_phase2_ros_contest/maze_control) by extension 'ignore'
[0.185s] Level 1:colcon.colcon_core.package_identification:_identify(src/MIA26_phase2_ros_contest/maze_control) by extension 'ignore_ament_install'
[0.185s] Level 1:colcon.colcon_core.package_identification:_identify(src/MIA26_phase2_ros_contest/maze_control) by extensions ['colcon_pkg']
[0.185s] Level 1:colcon.colcon_core.package_identification:_identify(src/MIA26_phase2_ros_contest/maze_control) by extension 'colcon_pkg'
[0.185s] Level 1:colcon.colcon_core.package_identification:_identify(src/MIA26_phase2_ros_contest/maze_control) by extensions ['colcon_meta']
[0.185s] Level 1:colcon.colcon_core.package_identification:_identify(src/MIA26_phase2_ros_contest/maze_control) by extension 'colcon_meta'
[0.185s] Level 1:colcon.colcon_core.package_identification:_identify(src/MIA26_phase2_ros_contest/maze_control) by extensions ['ros']
[0.185s] Level 1:colcon.colcon_core.package_identification:_identify(src/MIA26_phase2_ros_contest/maze_control) by extension 'ros'
[0.187s] DEBUG:colcon.colcon_core.package_identification:Package 'src/MIA26_phase2_ros_contest/maze_control' with type 'ros.ament_python' and name 'maze_control'
[0.187s] Level 1:colcon.colcon_core.package_identification:_identify(src/pid_interfaces) by extensions ['ignore', 'ignore_ament_install']
[0.187s] Level 1:colcon.colcon_core.package_identification:_identify(src/pid_interfaces) by extension 'ignore'
[0.187s] Level 1:colcon.colcon_core.package_identification:_identify(src/pid_interfaces) by extension 'ignore_ament_install'
[0.187s] Level 1:colcon.colcon_core.package_identification:_identify(src/pid_interfaces) by extensions ['colcon_pkg']
[0.187s] Level 1:colcon.colcon_core.package_identification:_identify(src/pid_interfaces) by extension 'colcon_pkg'
[0.187s] Level 1:colcon.colcon_core.package_identification:_identify(src/pid_interfaces) by extensions ['colcon_meta']
[0.187s] Level 1:colcon.colcon_core.package_identification:_identify(src/pid_interfaces) by extension 'colcon_meta'
[0.187s] Level 1:colcon.colcon_core.package_identification:_identify(src/pid_interfaces) by extensions ['ros']
[0.188s] Level 1:colcon.colcon_core.package_identification:_identify(src/pid_interfaces) by extension 'ros'
[0.188s] DEBUG:colcon.colcon_core.package_identification:Package 'src/pid_interfaces' with type 'ros.ament_cmake' and name 'pid_interfaces'
[0.188s] Level 1:colcon.colcon_core.package_identification:_identify(src/pid_turtlebot) by extensions ['ignore', 'ignore_ament_install']
[0.188s] Level 1:colcon.colcon_core.package_identification:_identify(src/pid_turtlebot) by extension 'ignore'
[0.188s] Level 1:colcon.colcon_core.package_identification:_identify(src/pid_turtlebot) by extension 'ignore_ament_install'
[0.188s] Level 1:colcon.colcon_core.package_identification:_identify(src/pid_turtlebot) by extensions ['colcon_pkg']
[0.188s] Level 1:colcon.colcon_core.package_identification:_identify(src/pid_turtlebot) by extension 'colcon_pkg'
[0.188s] Level 1:colcon.colcon_core.package_identification:_identify(src/pid_turtlebot) by extensions ['colcon_meta']
[0.188s] Level 1:colcon.colcon_core.package_identification:_identify(src/pid_turtlebot) by extension 'colcon_meta'
[0.188s] Level 1:colcon.colcon_core.package_identification:_identify(src/pid_turtlebot) by extensions ['ros']
[0.188s] Level 1:colcon.colcon_core.package_identification:_identify(src/pid_turtlebot) by extension 'ros'
[0.189s] DEBUG:colcon.colcon_core.package_identification:Package 'src/pid_turtlebot' with type 'ros.ament_python' and name 'pid_turtlebot'
[0.189s] Level 1:colcon.colcon_core.package_discovery:discover_packages(recursive) using defaults
[0.189s] Level 1:colcon.colcon_core.package_discovery:discover_packages(ignore) discover
[0.189s] Level 1:colcon.colcon_core.package_discovery:discover_packages(ignore) using defaults
[0.189s] Level 1:colcon.colcon_core.package_discovery:discover_packages(path) discover
[0.189s] Level 1:colcon.colcon_core.package_discovery:discover_packages(path) using defaults
[0.212s] INFO:colcon.colcon_core.package_selection:Skipping not selected package 'maze_control' in 'src/MIA26_phase2_ros_contest/maze_control'
[0.212s] INFO:colcon.colcon_core.package_selection:Skipping not selected package 'pid_interfaces' in 'src/pid_interfaces'
[0.213s] Level 1:colcon.colcon_core.package_discovery:discover_packages(prefix_path) check parameters
[0.213s] Level 1:colcon.colcon_core.package_discovery:discover_packages(prefix_path) discover
[0.214s] DEBUG:colcon.colcon_installed_package_information.package_discovery:Found 3 installed packages in /home/masa/TASK_12.2/TASK12.2/task12_2_ws/install
[0.216s] DEBUG:colcon.colcon_installed_package_information.package_discovery:Found 440 installed packages in /opt/ros/jazzy
[0.217s] Level 1:colcon.colcon_core.package_discovery:discover_packages(prefix_path) using defaults
[0.264s] Level 5:colcon.colcon_core.verb:set package 'pid_turtlebot' build argument 'cmake_args' from command line to 'None'
[0.264s] Level 5:colcon.colcon_core.verb:set package 'pid_turtlebot' build argument 'cmake_target' from command line to 'None'
[0.264s] Level 5:colcon.colcon_core.verb:set package 'pid_turtlebot' build argument 'cmake_target_skip_unavailable' from command line to 'False'
[0.264s] Level 5:colcon.colcon_core.verb:set package 'pid_turtlebot' build argument 'cmake_clean_cache' from command line to 'False'
[0.264s] Level 5:colcon.colcon_core.verb:set package 'pid_turtlebot' build argument 'cmake_clean_first' from command line to 'False'
[0.264s] Level 5:colcon.colcon_core.verb:set package 'pid_turtlebot' build argument 'cmake_force_configure' from command line to 'False'
[0.264s] Level 5:colcon.colcon_core.verb:set package 'pid_turtlebot' build argument 'ament_cmake_args' from command line to 'None'
[0.264s] Level 5:colcon.colcon_core.verb:set package 'pid_turtlebot' build argument 'catkin_cmake_args' from command line to 'None'
[0.264s] Level 5:colcon.colcon_core.verb:set package 'pid_turtlebot' build argument 'catkin_skip_building_tests' from command line to 'False'
[0.265s] DEBUG:colcon.colcon_core.verb:Building package 'pid_turtlebot' with the following arguments: {'ament_cmake_args': None, 'build_base': '/home/masa/TASK_12.2/TASK12.2/task12_2_ws/build/pid_turtlebot', 'catkin_cmake_args': None, 'catkin_skip_building_tests': False, 'cmake_args': None, 'cmake_clean_cache': False, 'cmake_clean_first': False, 'cmake_force_configure': False, 'cmake_target': None, 'cmake_target_skip_unavailable': False, 'install_base': '/home/masa/TASK_12.2/TASK12.2/task12_2_ws/install/pid_turtlebot', 'merge_install': False, 'path': '/home/masa/TASK_12.2/TASK12.2/task12_2_ws/src/pid_turtlebot', 'symlink_install': True, 'test_result_base': None}
[0.265s] INFO:colcon.colcon_core.executor:Executing jobs using 'parallel' executor
[0.265s] DEBUG:colcon.colcon_parallel_executor.executor.parallel:run_until_complete
[0.266s] INFO:colcon.colcon_ros.task.ament_python.build:Building ROS package in '/home/masa/TASK_12.2/TASK12.2/task12_2_ws/src/pid_turtlebot' with build type 'ament_python'
[0.266s] Level 1:colcon.colcon_core.shell:create_environment_hook('pid_turtlebot', 'ament_prefix_path')
[0.268s] INFO:colcon.colcon_core.plugin_system:Skipping extension 'colcon_core.shell.bat': Not used on non-Windows systems
[0.269s] INFO:colcon.colcon_core.shell:Creating environment hook '/home/masa/TASK_12.2/TASK12.2/task12_2_ws/install/pid_turtlebot/share/pid_turtlebot/hook/ament_prefix_path.ps1'
[0.270s] INFO:colcon.colcon_core.shell:Creating environment descriptor '/home/masa/TASK_12.2/TASK12.2/task12_2_ws/install/pid_turtlebot/share/pid_turtlebot/hook/ament_prefix_path.dsv'
[0.271s] INFO:colcon.colcon_core.shell:Creating environment hook '/home/masa/TASK_12.2/TASK12.2/task12_2_ws/install/pid_turtlebot/share/pid_turtlebot/hook/ament_prefix_path.sh'
[0.271s] INFO:colcon.colcon_core.shell:Skip shell extension 'powershell' for command environment: Not usable outside of PowerShell
[0.271s] DEBUG:colcon.colcon_core.shell:Skip shell extension 'dsv' for command environment
[0.531s] INFO:colcon.colcon_core.task.python.build:Building Python package in '/home/masa/TASK_12.2/TASK12.2/task12_2_ws/src/pid_turtlebot'
[0.532s] INFO:colcon.colcon_core.shell:Skip shell extension 'powershell' for command environment: Not usable outside of PowerShell
[0.532s] DEBUG:colcon.colcon_core.shell:Skip shell extension 'dsv' for command environment
[1.250s] DEBUG:colcon.colcon_core.task.python.build:Available setuptools commands: upload_docs, build_clib, build, upload, bdist_dumb, develop, easy_install, setopt, dist_info, bdist_rpm, build_scripts, build_py, rotate, test, alias, bdist_wheel, editable_wheel, install_egg_info, clean, bdist, sdist, install_scripts, symlink_data, install, install_lib, egg_info, extract_messages, compile_catalog, update_catalog, check, register, saveopts, build_ext, install_data, bdist_egg, install_headers, init_catalog
[1.594s] DEBUG:colcon.colcon_core.task.python.build:Available setuptools 'develop' options: --multi-version, --script-dir, --force-installation-into-system-dir, --exclude-scripts, --local-snapshots-ok, --dry-run, --install-dir, --upgrade, --help, --uninstall, --always-unzip, --egg-path, --zip-ok, --quiet, --always-copy, --optimize, --user, --build-directory, --prefix, --allow-hosts, --verbose, --no-user-cfg, --install-layout, --index-url, --record, --find-links, --no-find-links, --site-dirs, --editable, --no-deps, --version
[1.597s] DEBUG:colcon.colcon_core.event_handler.log_command:Invoking command in '/home/masa/TASK_12.2/TASK12.2/task12_2_ws/build/pid_turtlebot': DEBUGINFOD_URLS=https://debuginfod.ubuntu.com PYTHONPATH=/home/masa/TASK_12.2/TASK12.2/task12_2_ws/build/pid_turtlebot/prefix_override:/usr/lib/python3/dist-packages/colcon_core/task/python/colcon_distutils_commands:/home/masa/TASK_12.2/TASK12.2/task12_2_ws/install/pid_turtlebot/lib/python3.12/site-packages:${PYTHONPATH} /usr/bin/python3 -W ignore:setup.py install is deprecated -W ignore:easy_install command is deprecated setup.py develop --editable --build-directory /home/masa/TASK_12.2/TASK12.2/task12_2_ws/build/pid_turtlebot/build --no-deps symlink_data
[2.266s] Level 1:colcon.colcon_core.shell:create_environment_hook('pid_turtlebot', 'pythonpath_develop')
[2.266s] INFO:colcon.colcon_core.shell:Creating environment hook '/home/masa/TASK_12.2/TASK12.2/task12_2_ws/build/pid_turtlebot/share/pid_turtlebot/hook/pythonpath_develop.ps1'
[2.266s] DEBUG:colcon.colcon_core.event_handler.log_command:Invoked command in '/home/masa/TASK_12.2/TASK12.2/task12_2_ws/build/pid_turtlebot' returned '0': DEBUGINFOD_URLS=https://debuginfod.ubuntu.com PYTHONPATH=/home/masa/TASK_12.2/TASK12.2/task12_2_ws/build/pid_turtlebot/prefix_override:/usr/lib/python3/dist-packages/colcon_core/task/python/colcon_distutils_commands:/home/masa/TASK_12.2/TASK12.2/task12_2_ws/install/pid_turtlebot/lib/python3.12/site-packages:${PYTHONPATH} /usr/bin/python3 -W ignore:setup.py install is deprecated -W ignore:easy_install command is deprecated setup.py develop --editable --build-directory /home/masa/TASK_12.2/TASK12.2/task12_2_ws/build/pid_turtlebot/build --no-deps symlink_data
[2.267s] INFO:colcon.colcon_core.shell:Creating environment descriptor '/home/masa/TASK_12.2/TASK12.2/task12_2_ws/build/pid_turtlebot/share/pid_turtlebot/hook/pythonpath_develop.dsv'
[2.268s] INFO:colcon.colcon_core.shell:Creating environment hook '/home/masa/TASK_12.2/TASK12.2/task12_2_ws/build/pid_turtlebot/share/pid_turtlebot/hook/pythonpath_develop.sh'
[2.271s] Level 1:colcon.colcon_core.environment:checking '/home/masa/TASK_12.2/TASK12.2/task12_2_ws/install/pid_turtlebot' for CMake module files
[2.272s] Level 1:colcon.colcon_core.environment:checking '/home/masa/TASK_12.2/TASK12.2/task12_2_ws/install/pid_turtlebot' for CMake config files
[2.273s] Level 1:colcon.colcon_core.environment:checking '/home/masa/TASK_12.2/TASK12.2/task12_2_ws/install/pid_turtlebot/lib'
[2.273s] Level 1:colcon.colcon_core.environment:checking '/home/masa/TASK_12.2/TASK12.2/task12_2_ws/install/pid_turtlebot/bin'
[2.273s] Level 1:colcon.colcon_core.environment:checking '/home/masa/TASK_12.2/TASK12.2/task12_2_ws/install/pid_turtlebot/lib/pkgconfig/pid_turtlebot.pc'
[2.273s] Level 1:colcon.colcon_core.environment:checking '/home/masa/TASK_12.2/TASK12.2/task12_2_ws/install/pid_turtlebot/lib/python3.12/site-packages'
[2.273s] Level 1:colcon.colcon_core.shell:create_environment_hook('pid_turtlebot', 'pythonpath')
[2.273s] INFO:colcon.colcon_core.shell:Creating environment hook '/home/masa/TASK_12.2/TASK12.2/task12_2_ws/install/pid_turtlebot/share/pid_turtlebot/hook/pythonpath.ps1'
[2.274s] INFO:colcon.colcon_core.shell:Creating environment descriptor '/home/masa/TASK_12.2/TASK12.2/task12_2_ws/install/pid_turtlebot/share/pid_turtlebot/hook/pythonpath.dsv'
[2.274s] INFO:colcon.colcon_core.shell:Creating environment hook '/home/masa/TASK_12.2/TASK12.2/task12_2_ws/install/pid_turtlebot/share/pid_turtlebot/hook/pythonpath.sh'
[2.275s] Level 1:colcon.colcon_core.environment:checking '/home/masa/TASK_12.2/TASK12.2/task12_2_ws/install/pid_turtlebot/bin'
[2.275s] Level 1:colcon.colcon_core.environment:create_environment_scripts_only(pid_turtlebot)
[2.275s] INFO:colcon.colcon_core.shell:Creating package script '/home/masa/TASK_12.2/TASK12.2/task12_2_ws/install/pid_turtlebot/share/pid_turtlebot/package.ps1'
[2.276s] INFO:colcon.colcon_core.shell:Creating package descriptor '/home/masa/TASK_12.2/TASK12.2/task12_2_ws/install/pid_turtlebot/share/pid_turtlebot/package.dsv'
[2.276s] INFO:colcon.colcon_core.shell:Creating package script '/home/masa/TASK_12.2/TASK12.2/task12_2_ws/install/pid_turtlebot/share/pid_turtlebot/package.sh'
[2.277s] INFO:colcon.colcon_core.shell:Creating package script '/home/masa/TASK_12.2/TASK12.2/task12_2_ws/install/pid_turtlebot/share/pid_turtlebot/package.bash'
[2.278s] INFO:colcon.colcon_core.shell:Creating package script '/home/masa/TASK_12.2/TASK12.2/task12_2_ws/install/pid_turtlebot/share/pid_turtlebot/package.zsh'
[2.278s] Level 1:colcon.colcon_core.environment:create_file_with_runtime_dependencies(/home/masa/TASK_12.2/TASK12.2/task12_2_ws/install/pid_turtlebot/share/colcon-core/packages/pid_turtlebot)
[2.278s] DEBUG:colcon.colcon_parallel_executor.executor.parallel:closing loop
[2.279s] DEBUG:colcon.colcon_parallel_executor.executor.parallel:loop closed
[2.279s] DEBUG:colcon.colcon_parallel_executor.executor.parallel:run_until_complete finished with '0'
[2.279s] DEBUG:colcon.colcon_core.event_reactor:joining thread
[2.286s] INFO:colcon.colcon_core.plugin_system:Skipping extension 'colcon_notification.desktop_notification.terminal_notifier': Not used on non-Darwin systems
[2.286s] INFO:colcon.colcon_core.plugin_system:Skipping extension 'colcon_notification.desktop_notification.win32': Not used on non-Windows systems
[2.286s] INFO:colcon.colcon_notification.desktop_notification:Sending desktop notification using 'notify2'
[2.297s] DEBUG:colcon.colcon_core.event_reactor:joined thread
[2.298s] INFO:colcon.colcon_core.shell:Creating prefix script '/home/masa/TASK_12.2/TASK12.2/task12_2_ws/install/local_setup.ps1'
[2.299s] INFO:colcon.colcon_core.shell:Creating prefix util module '/home/masa/TASK_12.2/TASK12.2/task12_2_ws/install/_local_setup_util_ps1.py'
[2.299s] INFO:colcon.colcon_core.shell:Creating prefix chain script '/home/masa/TASK_12.2/TASK12.2/task12_2_ws/install/setup.ps1'
[2.300s] INFO:colcon.colcon_core.shell:Creating prefix script '/home/masa/TASK_12.2/TASK12.2/task12_2_ws/install/local_setup.sh'
[2.301s] INFO:colcon.colcon_core.shell:Creating prefix util module '/home/masa/TASK_12.2/TASK12.2/task12_2_ws/install/_local_setup_util_sh.py'
[2.301s] INFO:colcon.colcon_core.shell:Creating prefix chain script '/home/masa/TASK_12.2/TASK12.2/task12_2_ws/install/setup.sh'
[2.302s] INFO:colcon.colcon_core.shell:Creating prefix script '/home/masa/TASK_12.2/TASK12.2/task12_2_ws/install/local_setup.bash'
[2.303s] INFO:colcon.colcon_core.shell:Creating prefix chain script '/home/masa/TASK_12.2/TASK12.2/task12_2_ws/install/setup.bash'
[2.304s] INFO:colcon.colcon_core.shell:Creating prefix script '/home/masa/TASK_12.2/TASK12.2/task12_2_ws/install/local_setup.zsh'
[2.305s] INFO:colcon.colcon_core.shell:Creating prefix chain script '/home/masa/TASK_12.2/TASK12.2/task12_2_ws/install/setup.zsh'
